******************************************************************************
                  TI ARM Linker PC v15.12.3                    
******************************************************************************
>> Linked Mon May 01 16:56:04 2017

OUTPUT FILE NAME:   <ProjectZeroApp_CC2650LAUNCHXL.out>
ENTRY POINT SYMBOL: "ResetISR"  address: 0000a25d


MEMORY CONFIGURATION

         name            origin    length      used     unused   attr    fill
----------------------  --------  ---------  --------  --------  ----  --------
  FLASH                 00000000   0000dfff  0000dff9  00000006  R  X
  FLASH_LAST_PAGE       0001f000   00001000  00000b98  00000468  R  X
  SRAM                  20000000   000043e7  000035da  00000e0d  RW X


SEGMENT ALLOCATION MAP

run origin  load origin   length   init length attrs members
----------  ----------- ---------- ----------- ----- -------
00000000    00000000    0000dfff   0000dfff    r-x
  00000000    00000000    0000003c   0000003c    r-- .resetVecs
  0000003c    0000003c    000000c4   000000c4    r-x .text.1
  00000100    00000100    0000003c   0000003c    r-- .const:ti_sysbios_knl_Task_Object__PARAMS__C
  0000013c    0000013c    00000034   00000034    r-- .const:ti_sysbios_knl_Mailbox_Object__PARAMS__C
  00000170    00000170    00000030   00000030    r-- .const:ti_sysbios_family_arm_m3_Hwi_Object__PARAMS__C
  000001a0    000001a0    0000002c   0000002c    r-- .const:ti_sysbios_hal_Hwi_Object__PARAMS__C
  000001cc    000001cc    00000028   00000028    r-- .const:ti_sysbios_heaps_HeapMem_Module__FXNS__C
  000001f4    000001f4    00000028   00000028    r-- .const:ti_sysbios_knl_Swi_Object__PARAMS__C
  0000021c    0000021c    00000024   00000024    r-- .const:ti_sysbios_gates_GateHwi_Module__FXNS__C
  00000240    00000240    00000024   00000024    r-- .const:ti_sysbios_gates_GateMutex_Module__FXNS__C
  00000264    00000264    00000024   00000024    r-- .const:ti_sysbios_heaps_HeapMem_Object__PARAMS__C
  00000288    00000288    00000024   00000024    r-- .const:ti_sysbios_knl_Clock_Object__PARAMS__C
  000002ac    000002ac    00000024   00000024    r-- .const:ti_sysbios_knl_Semaphore_Object__PARAMS__C
  000002d0    000002d0    00000020   00000020    r-- .const:ti_sysbios_family_arm_m3_Hwi_Object__DESC__C
  000002f0    000002f0    00000020   00000020    r-- .const:ti_sysbios_gates_GateHwi_Object__DESC__C
  00000310    00000310    00000020   00000020    r-- .const:ti_sysbios_gates_GateMutex_Object__DESC__C
  00000330    00000330    00000020   00000020    r-- .const:ti_sysbios_hal_Hwi_Object__DESC__C
  00000350    00000350    00000020   00000020    r-- .const:ti_sysbios_heaps_HeapMem_Object__DESC__C
  00000370    00000370    00000020   00000020    r-- .const:ti_sysbios_knl_Clock_Object__DESC__C
  00000390    00000390    00000020   00000020    r-- .const:ti_sysbios_knl_Mailbox_Object__DESC__C
  000003b0    000003b0    00000020   00000020    r-- .const:ti_sysbios_knl_Queue_Object__DESC__C
  000003d0    000003d0    00000020   00000020    r-- .const:ti_sysbios_knl_Semaphore_Object__DESC__C
  000003f0    000003f0    00000020   00000020    r-- .const:ti_sysbios_knl_Swi_Object__DESC__C
  00000410    00000410    00000020   00000020    r-- .const:ti_sysbios_knl_Task_Object__DESC__C
  00000430    00000430    00000018   00000018    r-- .const:ti_sysbios_gates_GateHwi_Object__PARAMS__C
  00000448    00000448    00000018   00000018    r-- .const:ti_sysbios_gates_GateMutex_Object__PARAMS__C
  00000460    00000460    00000018   00000018    r-- .const:ti_sysbios_knl_Queue_Object__PARAMS__C
  00000478    00000478    00000008   00000008    r-- .const:ti_sysbios_knl_Idle_funcList__C
  00000480    00000480    00000004   00000004    r-x .text.2
  00000484    00000484    00000004   00000004    r-- .const:ti_sysbios_family_arm_cc26xx_Timer_startupNeeded__C
  00000488    00000488    00000004   00000004    r-- .const:ti_sysbios_family_arm_m3_Hwi_E_alreadyDefined__C
  0000048c    0000048c    00000004   00000004    r-- .const:ti_sysbios_family_arm_m3_Hwi_E_hwiLimitExceeded__C
  00000490    00000490    00000004   00000004    r-- .const:ti_sysbios_family_arm_m3_Hwi_NUM_INTERRUPTS__C
  00000494    00000494    00000004   00000004    r-- .const:ti_sysbios_family_arm_m3_Hwi_Object__count__C
  00000498    00000498    00000004   00000004    r-- .const:ti_sysbios_family_arm_m3_Hwi_Object__table__C
  0000049c    0000049c    00000004   00000004    r-- .const:ti_sysbios_family_arm_m3_Hwi_ccr__C
  000004a0    000004a0    00000004   00000004    r-- .const:ti_sysbios_family_arm_m3_Hwi_excHandlerFunc__C
  000004a4    000004a4    00000004   00000004    r-- .const:ti_sysbios_family_arm_m3_Hwi_nullIsrFunc__C
  000004a8    000004a8    00000004   00000004    r-- .const:ti_sysbios_family_arm_m3_Hwi_numSparseInterrupts__C
  000004ac    000004ac    00000004   00000004    r-- .const:ti_sysbios_family_arm_m3_Hwi_priGroup__C
  000004b0    000004b0    00000004   00000004    r-- .const:ti_sysbios_family_arm_m3_TaskSupport_stackAlignment__C
  000004b4    000004b4    00000004   00000004    r-- .const:ti_sysbios_heaps_HeapMem_E_memory__C
  000004b8    000004b8    00000004   00000004    r-- .const:ti_sysbios_heaps_HeapMem_Module__gateObj__C
  000004bc    000004bc    00000004   00000004    r-- .const:ti_sysbios_heaps_HeapMem_Object__count__C
  000004c0    000004c0    00000004   00000004    r-- .const:ti_sysbios_heaps_HeapMem_Object__table__C
  000004c4    000004c4    00000004   00000004    r-- .const:ti_sysbios_heaps_HeapMem_reqAlign__C
  000004c8    000004c8    00000004   00000004    r-- .const:ti_sysbios_knl_Clock_serviceMargin__C
  000004cc    000004cc    00000004   00000004    r-- .const:ti_sysbios_knl_Mailbox_Object__count__C
  000004d0    000004d0    00000004   00000004    r-- .const:ti_sysbios_knl_Mailbox_Object__table__C
  000004d4    000004d4    00000004   00000004    r-- .const:ti_sysbios_knl_Queue_Object__count__C
  000004d8    000004d8    00000004   00000004    r-- .const:ti_sysbios_knl_Queue_Object__table__C
  000004dc    000004dc    00000004   00000004    r-- .const:ti_sysbios_knl_Swi_Object__count__C
  000004e0    000004e0    00000004   00000004    r-- .const:ti_sysbios_knl_Swi_Object__table__C
  000004e4    000004e4    00000004   00000004    r-- .const:ti_sysbios_knl_Swi_numPriorities__C
  000004e8    000004e8    00000004   00000004    r-- .const:ti_sysbios_knl_Task_Object__count__C
  000004ec    000004ec    00000004   00000004    r-- .const:ti_sysbios_knl_Task_Object__table__C
  000004f0    000004f0    00000004   00000004    r-- .const:ti_sysbios_knl_Task_allBlockedFunc__C
  000004f4    000004f4    00000004   00000004    r-- .const:ti_sysbios_knl_Task_defaultStackHeap__C
  000004f8    000004f8    00000004   00000004    r-- .const:ti_sysbios_knl_Task_defaultStackSize__C
  000004fc    000004fc    00000004   00000004    r-- .const:ti_sysbios_knl_Task_numConstructedTasks__C
  00000500    00000500    00000002   00000002    r-x .text.3
  00000502    00000502    00000002   00000002    r-- .const:ti_sysbios_family_arm_cc26xx_Timer_Module__id__C
  00000504    00000504    00000002   00000002    r-- .const:ti_sysbios_family_arm_cc26xx_TimestampProvider_useClockTimer__C
  00000506    00000506    00000002   00000002    r-- .const:ti_sysbios_family_arm_m3_Hwi_Module__id__C
  00000508    00000508    00000002   00000002    r-- .const:ti_sysbios_gates_GateHwi_Module__id__C
  0000050a    0000050a    00000002   00000002    r-- .const:ti_sysbios_gates_GateMutex_Module__id__C
  0000050c    0000050c    00000002   00000002    r-- .const:ti_sysbios_heaps_HeapMem_Module__id__C
  0000050e    0000050e    00000002   00000002    r-- .const:ti_sysbios_knl_Task_initStackFlag__C
  00000510    00000510    00000001   00000001    r-- .const:ti_sysbios_knl_Clock_tickMode__C
  00000514    00000514    00000008   00000008    r-- .const:xdc_runtime_Startup_firstFxns__C
  0000051c    0000051c    00000008   00000008    r-- .const:xdc_runtime_Startup_lastFxns__C
  00000524    00000524    00000004   00000004    r-- .const:xdc_runtime_Assert_E_assertFailed__C
  00000528    00000528    00000004   00000004    r-- .const:xdc_runtime_Error_E_memory__C
  0000052c    0000052c    00000004   00000004    r-- .const:xdc_runtime_Error_policyFxn__C
  00000530    00000530    00000004   00000004    r-- .const:xdc_runtime_IGateProvider_Interface__BASE__C
  00000534    00000534    00000004   00000004    r-- .const:xdc_runtime_IHeap_Interface__BASE__C
  00000538    00000538    00000004   00000004    r-- .const:xdc_runtime_IModule_Interface__BASE__C
  0000053c    0000053c    00000004   00000004    r-- .const:xdc_runtime_Main_Module__diagsEnabled__C
  00000540    00000540    00000004   00000004    r-- .const:xdc_runtime_Main_Module__diagsIncluded__C
  00000544    00000544    00000004   00000004    r-- .const:xdc_runtime_Main_Module__diagsMask__C
  00000548    00000548    00000004   00000004    r-- .const:xdc_runtime_Memory_defaultHeapInstance__C
  0000054c    0000054c    00000004   00000004    r-- .const:xdc_runtime_Startup_execImpl__C
  00000550    00000550    00000004   00000004    r-- .const:xdc_runtime_Startup_maxPasses__C
  00000554    00000554    00000004   00000004    r-- .const:xdc_runtime_Startup_sfxnRts__C
  00000558    00000558    00000004   00000004    r-- .const:xdc_runtime_Startup_sfxnTab__C
  0000055c    0000055c    00000004   00000004    r-- .const:xdc_runtime_Startup_startModsFxn__C
  00000560    00000560    00000004   00000004    r-- .const:xdc_runtime_SysCallback_abortFxn__C
  00000564    00000564    00000004   00000004    r-- .const:xdc_runtime_SysCallback_exitFxn__C
  00000568    00000568    00000004   00000004    r-- .const:xdc_runtime_System_abortFxn__C
  0000056c    0000056c    00000004   00000004    r-- .const:xdc_runtime_System_exitFxn__C
  00000570    00000570    00000004   00000004    r-- .const:xdc_runtime_System_maxAtexitHandlers__C
  00000574    00000574    00000004   00000004    r-- .const:xdc_runtime_Text_charTab__C
  00000578    00000578    00000004   00000004    r-- .const:xdc_runtime_Text_nameEmpty__C
  0000057c    0000057c    00000004   00000004    r-- .const:xdc_runtime_Text_nameStatic__C
  00000580    00000580    00000004   00000004    r-- .const:xdc_runtime_Text_nameUnknown__C
  00000584    00000584    00000002   00000002    r-- .const:xdc_runtime_Main_Module__id__C
  00000586    00000586    00000002   00000002    r-- .const:xdc_runtime_Memory_Module__id__C
  00000588    00000588    00000002   00000002    r-- .const:xdc_runtime_Text_charCnt__C
  0000058a    0000058a    00000002   00000002    r-- .const:xdc_runtime_Text_isLoaded__C
  0000058c    0000058c    00000001   00000001    r-- .const:xdc_runtime_Error_policy__C
  00000590    00000590    00000004   00000004    r-- .const:ti_sysbios_rom_ROM_AONRTCChannelEnable
  00000594    00000594    00000004   00000004    r-- .const:ti_sysbios_rom_ROM_AONRTCCompareValueSet
  00000598    00000598    00000004   00000004    r-- .const:ti_sysbios_rom_ROM_AONRTCCurrentCompareValueGet
  0000059c    0000059c    00000004   00000004    r-- .const:ti_sysbios_rom_ROM_AONRTCEventClear
  000005a0    000005a0    00000004   00000004    r-- .const:ti_sysbios_rom_ROM_ti_sysbios_family_arm_cc26xx_Timer_getCount64__E
  000005a4    000005a4    00000004   00000004    r-- .const:ti_sysbios_rom_ROM_ti_sysbios_family_arm_cc26xx_Timer_getCurrentTick__E
  000005a8    000005a8    00000004   00000004    r-- .const:ti_sysbios_rom_ROM_ti_sysbios_family_arm_cc26xx_Timer_getMaxTicks__E
  000005ac    000005ac    00000004   00000004    r-- .const:ti_sysbios_rom_ROM_ti_sysbios_family_arm_cc26xx_Timer_initDevice__I
  000005b0    000005b0    00000004   00000004    r-- .const:ti_sysbios_rom_ROM_ti_sysbios_family_arm_cc26xx_Timer_setNextTick__E
  000005b4    000005b4    00000004   00000004    r-- .const:ti_sysbios_rom_ROM_ti_sysbios_family_arm_cc26xx_Timer_setThreshold__I
  000005b8    000005b8    00000004   00000004    r-- .const:ti_sysbios_rom_ROM_ti_sysbios_family_arm_cc26xx_Timer_start__E
  000005bc    000005bc    00000004   00000004    r-- .const:ti_sysbios_rom_ROM_ti_sysbios_family_arm_cc26xx_TimestampProvider_get32__E
  000005c0    000005c0    00000004   00000004    r-- .const:ti_sysbios_rom_ROM_xdc_runtime_Startup_getState__I
  000005c4    000005c4    00000004   00000004    r-- .const:ti_sysbios_rom_ROM_xdc_runtime_System_SupportProxy_abort__E
  000005c8    000005c8    00000004   00000004    r-- .const:ti_sysbios_rom_ROM_xdc_runtime_System_SupportProxy_exit__E
  000005cc    000005cc    00000004   00000004    r-- .const:ti_sysbios_gates_GateMutex_Instance_State_sem__O
  000005d0    000005d0    00000004   00000004    r-- .const:ti_sysbios_knl_Clock_Module_State_clockQ__O
  000005d4    000005d4    00000004   00000004    r-- .const:ti_sysbios_knl_Mailbox_Instance_State_dataQue__O
  000005d8    000005d8    00000004   00000004    r-- .const:ti_sysbios_knl_Mailbox_Instance_State_dataSem__O
  000005dc    000005dc    00000004   00000004    r-- .const:ti_sysbios_knl_Mailbox_Instance_State_freeQue__O
  000005e0    000005e0    00000004   00000004    r-- .const:ti_sysbios_knl_Mailbox_Instance_State_freeSem__O
  000005e4    000005e4    00000004   00000004    r-- .const:ti_sysbios_knl_Semaphore_Instance_State_pendQ__O
  000005e8    000005e8    00000004   00000004    r-- .const:ti_sysbios_knl_Task_Module_State_inactiveQ__O
  000005ec    000005ec    0000c044   0000c044    r-x .text.4
  0000c630    0000c630    000019cf   000019cf    r-- .const.1
0001f000    0001f000    00000b44   00000b44    r--
  0001f000    0001f000    0000032c   0000032c    r-- .const.2
  0001f330    0001f330    00000814   00000814    r-- .cinit
0001ffa8    0001ffa8    00000058   00000058    r--
  0001ffa8    0001ffa8    00000058   00000058    r-- .ccfg
20000000    20000000    000000c8   00000000    rw-
  20000000    20000000    000000c8   00000000    rw- .vecs
20000100    20000100    00000104   00000000    rw-
  20000100    20000100    00000044   00000000    rw- .data:ti_sysbios_knl_Task_Module__state__V
  20000144    20000144    00000034   00000000    rw- .data:ti_sysbios_family_arm_m3_Hwi_Module__state__V
  20000178    20000178    0000002c   00000000    rw- .data:ti_sysbios_knl_Clock_Module__state__V
  200001a4    200001a4    00000024   00000000    rw- .data:ti_sysbios_BIOS_Module__state__V
  200001c8    200001c8    0000001c   00000000    rw- .data:ti_sysbios_knl_Swi_Module__state__V
  200001e4    200001e4    00000008   00000000    rw- .data:ti_sysbios_family_arm_cc26xx_Timer_Module__state__V
  200001ec    200001ec    00000004   00000000    rw- .data:ti_sysbios_family_arm_cc26xx_TimestampProvider_Module__state__V
  200001f0    200001f0    00000008   00000000    rw- .data:xdc_runtime_Startup_Module__state__V
  200001f8    200001f8    00000008   00000000    rw- .data:xdc_runtime_System_Module__state__V
  20000200    20000200    00000004   00000000    rw- .data:xdc_runtime_Memory_Module__state__V
20000430    20000430    00000010   00000000    rw-
  20000430    20000430    00000010   00000000    rw- .TI.bound:dmaRxControlTableEntry0
20000440    20000440    00000010   00000000    rw-
  20000440    20000440    00000010   00000000    rw- .TI.bound:dmaTxControlTableEntry0
20000500    20000500    00000010   00000000    rw-
  20000500    20000500    00000010   00000000    rw- .TI.bound:dmaRxControlTableEntry1
20000510    20000510    00002fe4   00000000    rw-
  20000510    20000510    00000010   00000000    rw- .TI.bound:dmaTxControlTableEntry1
  20000520    20000520    0000273a   00000000    rw- .bss
  20002c60    20002c60    00000894   00000000    rw- .data
20003fe4    20003fe4    00000400   00000000    rw-
  20003fe4    20003fe4    00000400   00000000    rw- .stack


SECTION ALLOCATION MAP

 output                                  attributes/
section   page    origin      length       input sections
--------  ----  ----------  ----------   ----------------
.resetVecs 
*          0    00000000    0000003c     
                  00000000    0000003c     appBLE_UartLog_pem3.oem3 (.resetVecs)

.text.1    0    0000003c    000000c4     
                  0000003c    000000bc     ProjectZero.obj (.text:ProjectZero_processStackMsg)
                  000000f8    00000008     ICallBleAPI.obj (.text:GAP_RegisterForMsgs)

.const:ti_sysbios_knl_Task_Object__PARAMS__C 
*          0    00000100    0000003c     
                  00000100    0000003c     appBLE_UartLog_pem3.oem3 (.const:ti_sysbios_knl_Task_Object__PARAMS__C)

.const:ti_sysbios_knl_Mailbox_Object__PARAMS__C 
*          0    0000013c    00000034     
                  0000013c    00000034     appBLE_UartLog_pem3.oem3 (.const:ti_sysbios_knl_Mailbox_Object__PARAMS__C)

.const:ti_sysbios_family_arm_m3_Hwi_Object__PARAMS__C 
*          0    00000170    00000030     
                  00000170    00000030     appBLE_UartLog_pem3.oem3 (.const:ti_sysbios_family_arm_m3_Hwi_Object__PARAMS__C)

.const:ti_sysbios_hal_Hwi_Object__PARAMS__C 
*          0    000001a0    0000002c     
                  000001a0    0000002c     appBLE_UartLog_pem3.oem3 (.const:ti_sysbios_hal_Hwi_Object__PARAMS__C)

.const:ti_sysbios_heaps_HeapMem_Module__FXNS__C 
*          0    000001cc    00000028     
                  000001cc    00000028     appBLE_UartLog_pem3.oem3 (.const:ti_sysbios_heaps_HeapMem_Module__FXNS__C)

.const:ti_sysbios_knl_Swi_Object__PARAMS__C 
*          0    000001f4    00000028     
                  000001f4    00000028     appBLE_UartLog_pem3.oem3 (.const:ti_sysbios_knl_Swi_Object__PARAMS__C)

.const:ti_sysbios_gates_GateHwi_Module__FXNS__C 
*          0    0000021c    00000024     
                  0000021c    00000024     appBLE_UartLog_pem3.oem3 (.const:ti_sysbios_gates_GateHwi_Module__FXNS__C)

.const:ti_sysbios_gates_GateMutex_Module__FXNS__C 
*          0    00000240    00000024     
                  00000240    00000024     appBLE_UartLog_pem3.oem3 (.const:ti_sysbios_gates_GateMutex_Module__FXNS__C)

.const:ti_sysbios_heaps_HeapMem_Object__PARAMS__C 
*          0    00000264    00000024     
                  00000264    00000024     appBLE_UartLog_pem3.oem3 (.const:ti_sysbios_heaps_HeapMem_Object__PARAMS__C)

.const:ti_sysbios_knl_Clock_Object__PARAMS__C 
*          0    00000288    00000024     
                  00000288    00000024     appBLE_UartLog_pem3.oem3 (.const:ti_sysbios_knl_Clock_Object__PARAMS__C)

.const:ti_sysbios_knl_Semaphore_Object__PARAMS__C 
*          0    000002ac    00000024     
                  000002ac    00000024     appBLE_UartLog_pem3.oem3 (.const:ti_sysbios_knl_Semaphore_Object__PARAMS__C)

.const:ti_sysbios_family_arm_m3_Hwi_Object__DESC__C 
*          0    000002d0    00000020     
                  000002d0    00000020     appBLE_UartLog_pem3.oem3 (.const:ti_sysbios_family_arm_m3_Hwi_Object__DESC__C)

.const:ti_sysbios_gates_GateHwi_Object__DESC__C 
*          0    000002f0    00000020     
                  000002f0    00000020     appBLE_UartLog_pem3.oem3 (.const:ti_sysbios_gates_GateHwi_Object__DESC__C)

.const:ti_sysbios_gates_GateMutex_Object__DESC__C 
*          0    00000310    00000020     
                  00000310    00000020     appBLE_UartLog_pem3.oem3 (.const:ti_sysbios_gates_GateMutex_Object__DESC__C)

.const:ti_sysbios_hal_Hwi_Object__DESC__C 
*          0    00000330    00000020     
                  00000330    00000020     appBLE_UartLog_pem3.oem3 (.const:ti_sysbios_hal_Hwi_Object__DESC__C)

.const:ti_sysbios_heaps_HeapMem_Object__DESC__C 
*          0    00000350    00000020     
                  00000350    00000020     appBLE_UartLog_pem3.oem3 (.const:ti_sysbios_heaps_HeapMem_Object__DESC__C)

.const:ti_sysbios_knl_Clock_Object__DESC__C 
*          0    00000370    00000020     
                  00000370    00000020     appBLE_UartLog_pem3.oem3 (.const:ti_sysbios_knl_Clock_Object__DESC__C)

.const:ti_sysbios_knl_Mailbox_Object__DESC__C 
*          0    00000390    00000020     
                  00000390    00000020     appBLE_UartLog_pem3.oem3 (.const:ti_sysbios_knl_Mailbox_Object__DESC__C)

.const:ti_sysbios_knl_Queue_Object__DESC__C 
*          0    000003b0    00000020     
                  000003b0    00000020     appBLE_UartLog_pem3.oem3 (.const:ti_sysbios_knl_Queue_Object__DESC__C)

.const:ti_sysbios_knl_Semaphore_Object__DESC__C 
*          0    000003d0    00000020     
                  000003d0    00000020     appBLE_UartLog_pem3.oem3 (.const:ti_sysbios_knl_Semaphore_Object__DESC__C)

.const:ti_sysbios_knl_Swi_Object__DESC__C 
*          0    000003f0    00000020     
                  000003f0    00000020     appBLE_UartLog_pem3.oem3 (.const:ti_sysbios_knl_Swi_Object__DESC__C)

.const:ti_sysbios_knl_Task_Object__DESC__C 
*          0    00000410    00000020     
                  00000410    00000020     appBLE_UartLog_pem3.oem3 (.const:ti_sysbios_knl_Task_Object__DESC__C)

.const:ti_sysbios_gates_GateHwi_Object__PARAMS__C 
*          0    00000430    00000018     
                  00000430    00000018     appBLE_UartLog_pem3.oem3 (.const:ti_sysbios_gates_GateHwi_Object__PARAMS__C)

.const:ti_sysbios_gates_GateMutex_Object__PARAMS__C 
*          0    00000448    00000018     
                  00000448    00000018     appBLE_UartLog_pem3.oem3 (.const:ti_sysbios_gates_GateMutex_Object__PARAMS__C)

.const:ti_sysbios_knl_Queue_Object__PARAMS__C 
*          0    00000460    00000018     
                  00000460    00000018     appBLE_UartLog_pem3.oem3 (.const:ti_sysbios_knl_Queue_Object__PARAMS__C)

.const:ti_sysbios_knl_Idle_funcList__C 
*          0    00000478    00000008     
                  00000478    00000008     appBLE_UartLog_pem3.oem3 (.const:ti_sysbios_knl_Idle_funcList__C)

.text.2    0    00000480    00000004     
                  00000480    00000004     ICall.obj (.text:ICall_primAbort)

.const:ti_sysbios_family_arm_cc26xx_Timer_startupNeeded__C 
*          0    00000484    00000004     
                  00000484    00000004     appBLE_UartLog_pem3.oem3 (.const:ti_sysbios_family_arm_cc26xx_Timer_startupNeeded__C)

.const:ti_sysbios_family_arm_m3_Hwi_E_alreadyDefined__C 
*          0    00000488    00000004     
                  00000488    00000004     appBLE_UartLog_pem3.oem3 (.const:ti_sysbios_family_arm_m3_Hwi_E_alreadyDefined__C)

.const:ti_sysbios_family_arm_m3_Hwi_E_hwiLimitExceeded__C 
*          0    0000048c    00000004     
                  0000048c    00000004     appBLE_UartLog_pem3.oem3 (.const:ti_sysbios_family_arm_m3_Hwi_E_hwiLimitExceeded__C)

.const:ti_sysbios_family_arm_m3_Hwi_NUM_INTERRUPTS__C 
*          0    00000490    00000004     
                  00000490    00000004     appBLE_UartLog_pem3.oem3 (.const:ti_sysbios_family_arm_m3_Hwi_NUM_INTERRUPTS__C)

.const:ti_sysbios_family_arm_m3_Hwi_Object__count__C 
*          0    00000494    00000004     
                  00000494    00000004     appBLE_UartLog_pem3.oem3 (.const:ti_sysbios_family_arm_m3_Hwi_Object__count__C)

.const:ti_sysbios_family_arm_m3_Hwi_Object__table__C 
*          0    00000498    00000004     
                  00000498    00000004     appBLE_UartLog_pem3.oem3 (.const:ti_sysbios_family_arm_m3_Hwi_Object__table__C)

.const:ti_sysbios_family_arm_m3_Hwi_ccr__C 
*          0    0000049c    00000004     
                  0000049c    00000004     appBLE_UartLog_pem3.oem3 (.const:ti_sysbios_family_arm_m3_Hwi_ccr__C)

.const:ti_sysbios_family_arm_m3_Hwi_excHandlerFunc__C 
*          0    000004a0    00000004     
                  000004a0    00000004     appBLE_UartLog_pem3.oem3 (.const:ti_sysbios_family_arm_m3_Hwi_excHandlerFunc__C)

.const:ti_sysbios_family_arm_m3_Hwi_nullIsrFunc__C 
*          0    000004a4    00000004     
                  000004a4    00000004     appBLE_UartLog_pem3.oem3 (.const:ti_sysbios_family_arm_m3_Hwi_nullIsrFunc__C)

.const:ti_sysbios_family_arm_m3_Hwi_numSparseInterrupts__C 
*          0    000004a8    00000004     
                  000004a8    00000004     appBLE_UartLog_pem3.oem3 (.const:ti_sysbios_family_arm_m3_Hwi_numSparseInterrupts__C)

.const:ti_sysbios_family_arm_m3_Hwi_priGroup__C 
*          0    000004ac    00000004     
                  000004ac    00000004     appBLE_UartLog_pem3.oem3 (.const:ti_sysbios_family_arm_m3_Hwi_priGroup__C)

.const:ti_sysbios_family_arm_m3_TaskSupport_stackAlignment__C 
*          0    000004b0    00000004     
                  000004b0    00000004     appBLE_UartLog_pem3.oem3 (.const:ti_sysbios_family_arm_m3_TaskSupport_stackAlignment__C)

.const:ti_sysbios_heaps_HeapMem_E_memory__C 
*          0    000004b4    00000004     
                  000004b4    00000004     appBLE_UartLog_pem3.oem3 (.const:ti_sysbios_heaps_HeapMem_E_memory__C)

.const:ti_sysbios_heaps_HeapMem_Module__gateObj__C 
*          0    000004b8    00000004     
                  000004b8    00000004     appBLE_UartLog_pem3.oem3 (.const:ti_sysbios_heaps_HeapMem_Module__gateObj__C)

.const:ti_sysbios_heaps_HeapMem_Object__count__C 
*          0    000004bc    00000004     
                  000004bc    00000004     appBLE_UartLog_pem3.oem3 (.const:ti_sysbios_heaps_HeapMem_Object__count__C)

.const:ti_sysbios_heaps_HeapMem_Object__table__C 
*          0    000004c0    00000004     
                  000004c0    00000004     appBLE_UartLog_pem3.oem3 (.const:ti_sysbios_heaps_HeapMem_Object__table__C)

.const:ti_sysbios_heaps_HeapMem_reqAlign__C 
*          0    000004c4    00000004     
                  000004c4    00000004     appBLE_UartLog_pem3.oem3 (.const:ti_sysbios_heaps_HeapMem_reqAlign__C)

.const:ti_sysbios_knl_Clock_serviceMargin__C 
*          0    000004c8    00000004     
                  000004c8    00000004     appBLE_UartLog_pem3.oem3 (.const:ti_sysbios_knl_Clock_serviceMargin__C)

.const:ti_sysbios_knl_Mailbox_Object__count__C 
*          0    000004cc    00000004     
                  000004cc    00000004     appBLE_UartLog_pem3.oem3 (.const:ti_sysbios_knl_Mailbox_Object__count__C)

.const:ti_sysbios_knl_Mailbox_Object__table__C 
*          0    000004d0    00000004     
                  000004d0    00000004     appBLE_UartLog_pem3.oem3 (.const:ti_sysbios_knl_Mailbox_Object__table__C)

.const:ti_sysbios_knl_Queue_Object__count__C 
*          0    000004d4    00000004     
                  000004d4    00000004     appBLE_UartLog_pem3.oem3 (.const:ti_sysbios_knl_Queue_Object__count__C)

.const:ti_sysbios_knl_Queue_Object__table__C 
*          0    000004d8    00000004     
                  000004d8    00000004     appBLE_UartLog_pem3.oem3 (.const:ti_sysbios_knl_Queue_Object__table__C)

.const:ti_sysbios_knl_Swi_Object__count__C 
*          0    000004dc    00000004     
                  000004dc    00000004     appBLE_UartLog_pem3.oem3 (.const:ti_sysbios_knl_Swi_Object__count__C)

.const:ti_sysbios_knl_Swi_Object__table__C 
*          0    000004e0    00000004     
                  000004e0    00000004     appBLE_UartLog_pem3.oem3 (.const:ti_sysbios_knl_Swi_Object__table__C)

.const:ti_sysbios_knl_Swi_numPriorities__C 
*          0    000004e4    00000004     
                  000004e4    00000004     appBLE_UartLog_pem3.oem3 (.const:ti_sysbios_knl_Swi_numPriorities__C)

.const:ti_sysbios_knl_Task_Object__count__C 
*          0    000004e8    00000004     
                  000004e8    00000004     appBLE_UartLog_pem3.oem3 (.const:ti_sysbios_knl_Task_Object__count__C)

.const:ti_sysbios_knl_Task_Object__table__C 
*          0    000004ec    00000004     
                  000004ec    00000004     appBLE_UartLog_pem3.oem3 (.const:ti_sysbios_knl_Task_Object__table__C)

.const:ti_sysbios_knl_Task_allBlockedFunc__C 
*          0    000004f0    00000004     
                  000004f0    00000004     appBLE_UartLog_pem3.oem3 (.const:ti_sysbios_knl_Task_allBlockedFunc__C)

.const:ti_sysbios_knl_Task_defaultStackHeap__C 
*          0    000004f4    00000004     
                  000004f4    00000004     appBLE_UartLog_pem3.oem3 (.const:ti_sysbios_knl_Task_defaultStackHeap__C)

.const:ti_sysbios_knl_Task_defaultStackSize__C 
*          0    000004f8    00000004     
                  000004f8    00000004     appBLE_UartLog_pem3.oem3 (.const:ti_sysbios_knl_Task_defaultStackSize__C)

.const:ti_sysbios_knl_Task_numConstructedTasks__C 
*          0    000004fc    00000004     
                  000004fc    00000004     appBLE_UartLog_pem3.oem3 (.const:ti_sysbios_knl_Task_numConstructedTasks__C)

.text.3    0    00000500    00000002     
                  00000500    00000002     drivers_cc26xxware.aem3 : SPICC26XXDMA.oem3 (.text:SPICC26XXDMA_serviceISR)

.const:ti_sysbios_family_arm_cc26xx_Timer_Module__id__C 
*          0    00000502    00000002     
                  00000502    00000002     appBLE_UartLog_pem3.oem3 (.const:ti_sysbios_family_arm_cc26xx_Timer_Module__id__C)

.const:ti_sysbios_family_arm_cc26xx_TimestampProvider_useClockTimer__C 
*          0    00000504    00000002     
                  00000504    00000002     appBLE_UartLog_pem3.oem3 (.const:ti_sysbios_family_arm_cc26xx_TimestampProvider_useClockTimer__C)

.const:ti_sysbios_family_arm_m3_Hwi_Module__id__C 
*          0    00000506    00000002     
                  00000506    00000002     appBLE_UartLog_pem3.oem3 (.const:ti_sysbios_family_arm_m3_Hwi_Module__id__C)

.const:ti_sysbios_gates_GateHwi_Module__id__C 
*          0    00000508    00000002     
                  00000508    00000002     appBLE_UartLog_pem3.oem3 (.const:ti_sysbios_gates_GateHwi_Module__id__C)

.const:ti_sysbios_gates_GateMutex_Module__id__C 
*          0    0000050a    00000002     
                  0000050a    00000002     appBLE_UartLog_pem3.oem3 (.const:ti_sysbios_gates_GateMutex_Module__id__C)

.const:ti_sysbios_heaps_HeapMem_Module__id__C 
*          0    0000050c    00000002     
                  0000050c    00000002     appBLE_UartLog_pem3.oem3 (.const:ti_sysbios_heaps_HeapMem_Module__id__C)

.const:ti_sysbios_knl_Task_initStackFlag__C 
*          0    0000050e    00000002     
                  0000050e    00000002     appBLE_UartLog_pem3.oem3 (.const:ti_sysbios_knl_Task_initStackFlag__C)

.const:ti_sysbios_knl_Clock_tickMode__C 
*          0    00000510    00000001     
                  00000510    00000001     appBLE_UartLog_pem3.oem3 (.const:ti_sysbios_knl_Clock_tickMode__C)

.const:xdc_runtime_Startup_firstFxns__C 
*          0    00000514    00000008     
                  00000514    00000008     appBLE_UartLog_pem3.oem3 (.const:xdc_runtime_Startup_firstFxns__C)

.const:xdc_runtime_Startup_lastFxns__C 
*          0    0000051c    00000008     
                  0000051c    00000008     appBLE_UartLog_pem3.oem3 (.const:xdc_runtime_Startup_lastFxns__C)

.const:xdc_runtime_Assert_E_assertFailed__C 
*          0    00000524    00000004     
                  00000524    00000004     appBLE_UartLog_pem3.oem3 (.const:xdc_runtime_Assert_E_assertFailed__C)

.const:xdc_runtime_Error_E_memory__C 
*          0    00000528    00000004     
                  00000528    00000004     appBLE_UartLog_pem3.oem3 (.const:xdc_runtime_Error_E_memory__C)

.const:xdc_runtime_Error_policyFxn__C 
*          0    0000052c    00000004     
                  0000052c    00000004     appBLE_UartLog_pem3.oem3 (.const:xdc_runtime_Error_policyFxn__C)

.const:xdc_runtime_IGateProvider_Interface__BASE__C 
*          0    00000530    00000004     
                  00000530    00000004     appBLE_UartLog_pem3.oem3 (.const:xdc_runtime_IGateProvider_Interface__BASE__C)

.const:xdc_runtime_IHeap_Interface__BASE__C 
*          0    00000534    00000004     
                  00000534    00000004     appBLE_UartLog_pem3.oem3 (.const:xdc_runtime_IHeap_Interface__BASE__C)

.const:xdc_runtime_IModule_Interface__BASE__C 
*          0    00000538    00000004     
                  00000538    00000004     appBLE_UartLog_pem3.oem3 (.const:xdc_runtime_IModule_Interface__BASE__C)

.const:xdc_runtime_Main_Module__diagsEnabled__C 
*          0    0000053c    00000004     
                  0000053c    00000004     appBLE_UartLog_pem3.oem3 (.const:xdc_runtime_Main_Module__diagsEnabled__C)

.const:xdc_runtime_Main_Module__diagsIncluded__C 
*          0    00000540    00000004     
                  00000540    00000004     appBLE_UartLog_pem3.oem3 (.const:xdc_runtime_Main_Module__diagsIncluded__C)

.const:xdc_runtime_Main_Module__diagsMask__C 
*          0    00000544    00000004     
                  00000544    00000004     appBLE_UartLog_pem3.oem3 (.const:xdc_runtime_Main_Module__diagsMask__C)

.const:xdc_runtime_Memory_defaultHeapInstance__C 
*          0    00000548    00000004     
                  00000548    00000004     appBLE_UartLog_pem3.oem3 (.const:xdc_runtime_Memory_defaultHeapInstance__C)

.const:xdc_runtime_Startup_execImpl__C 
*          0    0000054c    00000004     
                  0000054c    00000004     appBLE_UartLog_pem3.oem3 (.const:xdc_runtime_Startup_execImpl__C)

.const:xdc_runtime_Startup_maxPasses__C 
*          0    00000550    00000004     
                  00000550    00000004     appBLE_UartLog_pem3.oem3 (.const:xdc_runtime_Startup_maxPasses__C)

.const:xdc_runtime_Startup_sfxnRts__C 
*          0    00000554    00000004     
                  00000554    00000004     appBLE_UartLog_pem3.oem3 (.const:xdc_runtime_Startup_sfxnRts__C)

.const:xdc_runtime_Startup_sfxnTab__C 
*          0    00000558    00000004     
                  00000558    00000004     appBLE_UartLog_pem3.oem3 (.const:xdc_runtime_Startup_sfxnTab__C)

.const:xdc_runtime_Startup_startModsFxn__C 
*          0    0000055c    00000004     
                  0000055c    00000004     appBLE_UartLog_pem3.oem3 (.const:xdc_runtime_Startup_startModsFxn__C)

.const:xdc_runtime_SysCallback_abortFxn__C 
*          0    00000560    00000004     
                  00000560    00000004     appBLE_UartLog_pem3.oem3 (.const:xdc_runtime_SysCallback_abortFxn__C)

.const:xdc_runtime_SysCallback_exitFxn__C 
*          0    00000564    00000004     
                  00000564    00000004     appBLE_UartLog_pem3.oem3 (.const:xdc_runtime_SysCallback_exitFxn__C)

.const:xdc_runtime_System_abortFxn__C 
*          0    00000568    00000004     
                  00000568    00000004     appBLE_UartLog_pem3.oem3 (.const:xdc_runtime_System_abortFxn__C)

.const:xdc_runtime_System_exitFxn__C 
*          0    0000056c    00000004     
                  0000056c    00000004     appBLE_UartLog_pem3.oem3 (.const:xdc_runtime_System_exitFxn__C)

.const:xdc_runtime_System_maxAtexitHandlers__C 
*          0    00000570    00000004     
                  00000570    00000004     appBLE_UartLog_pem3.oem3 (.const:xdc_runtime_System_maxAtexitHandlers__C)

.const:xdc_runtime_Text_charTab__C 
*          0    00000574    00000004     
                  00000574    00000004     appBLE_UartLog_pem3.oem3 (.const:xdc_runtime_Text_charTab__C)

.const:xdc_runtime_Text_nameEmpty__C 
*          0    00000578    00000004     
                  00000578    00000004     appBLE_UartLog_pem3.oem3 (.const:xdc_runtime_Text_nameEmpty__C)

.const:xdc_runtime_Text_nameStatic__C 
*          0    0000057c    00000004     
                  0000057c    00000004     appBLE_UartLog_pem3.oem3 (.const:xdc_runtime_Text_nameStatic__C)

.const:xdc_runtime_Text_nameUnknown__C 
*          0    00000580    00000004     
                  00000580    00000004     appBLE_UartLog_pem3.oem3 (.const:xdc_runtime_Text_nameUnknown__C)

.const:xdc_runtime_Main_Module__id__C 
*          0    00000584    00000002     
                  00000584    00000002     appBLE_UartLog_pem3.oem3 (.const:xdc_runtime_Main_Module__id__C)

.const:xdc_runtime_Memory_Module__id__C 
*          0    00000586    00000002     
                  00000586    00000002     appBLE_UartLog_pem3.oem3 (.const:xdc_runtime_Memory_Module__id__C)

.const:xdc_runtime_Text_charCnt__C 
*          0    00000588    00000002     
                  00000588    00000002     appBLE_UartLog_pem3.oem3 (.const:xdc_runtime_Text_charCnt__C)

.const:xdc_runtime_Text_isLoaded__C 
*          0    0000058a    00000002     
                  0000058a    00000002     appBLE_UartLog_pem3.oem3 (.const:xdc_runtime_Text_isLoaded__C)

.const:xdc_runtime_Error_policy__C 
*          0    0000058c    00000001     
                  0000058c    00000001     appBLE_UartLog_pem3.oem3 (.const:xdc_runtime_Error_policy__C)

.const:ti_sysbios_rom_ROM_AONRTCChannelEnable 
*          0    00000590    00000004     
                  00000590    00000004     appBLE_UartLog_pem3.oem3 (.const:ti_sysbios_rom_ROM_AONRTCChannelEnable)

.const:ti_sysbios_rom_ROM_AONRTCCompareValueSet 
*          0    00000594    00000004     
                  00000594    00000004     appBLE_UartLog_pem3.oem3 (.const:ti_sysbios_rom_ROM_AONRTCCompareValueSet)

.const:ti_sysbios_rom_ROM_AONRTCCurrentCompareValueGet 
*          0    00000598    00000004     
                  00000598    00000004     appBLE_UartLog_pem3.oem3 (.const:ti_sysbios_rom_ROM_AONRTCCurrentCompareValueGet)

.const:ti_sysbios_rom_ROM_AONRTCEventClear 
*          0    0000059c    00000004     
                  0000059c    00000004     appBLE_UartLog_pem3.oem3 (.const:ti_sysbios_rom_ROM_AONRTCEventClear)

.const:ti_sysbios_rom_ROM_ti_sysbios_family_arm_cc26xx_Timer_getCount64__E 
*          0    000005a0    00000004     
                  000005a0    00000004     appBLE_UartLog_pem3.oem3 (.const:ti_sysbios_rom_ROM_ti_sysbios_family_arm_cc26xx_Timer_getCount64__E)

.const:ti_sysbios_rom_ROM_ti_sysbios_family_arm_cc26xx_Timer_getCurrentTick__E 
*          0    000005a4    00000004     
                  000005a4    00000004     appBLE_UartLog_pem3.oem3 (.const:ti_sysbios_rom_ROM_ti_sysbios_family_arm_cc26xx_Timer_getCurrentTick__E)

.const:ti_sysbios_rom_ROM_ti_sysbios_family_arm_cc26xx_Timer_getMaxTicks__E 
*          0    000005a8    00000004     
                  000005a8    00000004     appBLE_UartLog_pem3.oem3 (.const:ti_sysbios_rom_ROM_ti_sysbios_family_arm_cc26xx_Timer_getMaxTicks__E)

.const:ti_sysbios_rom_ROM_ti_sysbios_family_arm_cc26xx_Timer_initDevice__I 
*          0    000005ac    00000004     
                  000005ac    00000004     appBLE_UartLog_pem3.oem3 (.const:ti_sysbios_rom_ROM_ti_sysbios_family_arm_cc26xx_Timer_initDevice__I)

.const:ti_sysbios_rom_ROM_ti_sysbios_family_arm_cc26xx_Timer_setNextTick__E 
*          0    000005b0    00000004     
                  000005b0    00000004     appBLE_UartLog_pem3.oem3 (.const:ti_sysbios_rom_ROM_ti_sysbios_family_arm_cc26xx_Timer_setNextTick__E)

.const:ti_sysbios_rom_ROM_ti_sysbios_family_arm_cc26xx_Timer_setThreshold__I 
*          0    000005b4    00000004     
                  000005b4    00000004     appBLE_UartLog_pem3.oem3 (.const:ti_sysbios_rom_ROM_ti_sysbios_family_arm_cc26xx_Timer_setThreshold__I)

.const:ti_sysbios_rom_ROM_ti_sysbios_family_arm_cc26xx_Timer_start__E 
*          0    000005b8    00000004     
                  000005b8    00000004     appBLE_UartLog_pem3.oem3 (.const:ti_sysbios_rom_ROM_ti_sysbios_family_arm_cc26xx_Timer_start__E)

.const:ti_sysbios_rom_ROM_ti_sysbios_family_arm_cc26xx_TimestampProvider_get32__E 
*          0    000005bc    00000004     
                  000005bc    00000004     appBLE_UartLog_pem3.oem3 (.const:ti_sysbios_rom_ROM_ti_sysbios_family_arm_cc26xx_TimestampProvider_get32__E)

.const:ti_sysbios_rom_ROM_xdc_runtime_Startup_getState__I 
*          0    000005c0    00000004     
                  000005c0    00000004     appBLE_UartLog_pem3.oem3 (.const:ti_sysbios_rom_ROM_xdc_runtime_Startup_getState__I)

.const:ti_sysbios_rom_ROM_xdc_runtime_System_SupportProxy_abort__E 
*          0    000005c4    00000004     
                  000005c4    00000004     appBLE_UartLog_pem3.oem3 (.const:ti_sysbios_rom_ROM_xdc_runtime_System_SupportProxy_abort__E)

.const:ti_sysbios_rom_ROM_xdc_runtime_System_SupportProxy_exit__E 
*          0    000005c8    00000004     
                  000005c8    00000004     appBLE_UartLog_pem3.oem3 (.const:ti_sysbios_rom_ROM_xdc_runtime_System_SupportProxy_exit__E)

.const:ti_sysbios_gates_GateMutex_Instance_State_sem__O 
*          0    000005cc    00000004     
                  000005cc    00000004     appBLE_UartLog_pem3.oem3 (.const:ti_sysbios_gates_GateMutex_Instance_State_sem__O)

.const:ti_sysbios_knl_Clock_Module_State_clockQ__O 
*          0    000005d0    00000004     
                  000005d0    00000004     appBLE_UartLog_pem3.oem3 (.const:ti_sysbios_knl_Clock_Module_State_clockQ__O)

.const:ti_sysbios_knl_Mailbox_Instance_State_dataQue__O 
*          0    000005d4    00000004     
                  000005d4    00000004     appBLE_UartLog_pem3.oem3 (.const:ti_sysbios_knl_Mailbox_Instance_State_dataQue__O)

.const:ti_sysbios_knl_Mailbox_Instance_State_dataSem__O 
*          0    000005d8    00000004     
                  000005d8    00000004     appBLE_UartLog_pem3.oem3 (.const:ti_sysbios_knl_Mailbox_Instance_State_dataSem__O)

.const:ti_sysbios_knl_Mailbox_Instance_State_freeQue__O 
*          0    000005dc    00000004     
                  000005dc    00000004     appBLE_UartLog_pem3.oem3 (.const:ti_sysbios_knl_Mailbox_Instance_State_freeQue__O)

.const:ti_sysbios_knl_Mailbox_Instance_State_freeSem__O 
*          0    000005e0    00000004     
                  000005e0    00000004     appBLE_UartLog_pem3.oem3 (.const:ti_sysbios_knl_Mailbox_Instance_State_freeSem__O)

.const:ti_sysbios_knl_Semaphore_Instance_State_pendQ__O 
*          0    000005e4    00000004     
                  000005e4    00000004     appBLE_UartLog_pem3.oem3 (.const:ti_sysbios_knl_Semaphore_Instance_State_pendQ__O)

.const:ti_sysbios_knl_Task_Module_State_inactiveQ__O 
*          0    000005e8    00000004     
                  000005e8    00000004     appBLE_UartLog_pem3.oem3 (.const:ti_sysbios_knl_Task_Module_State_inactiveQ__O)

.text.4    0    000005ec    0000c044     
                  000005ec    000005ce     driverlib.lib : setup.obj (.text:HapiTrimDeviceShutDown)
                  00000bba    00000002     rtsv7M3_T_le_eabi.lib : i_div0.obj (.text)
                  00000bbc    000004e4     ProjectZero.obj (.text:ProjectZero_init)
                  000010a0    00000440     sysbios.aem3 : mangled__BIOS_lib.obj (.text:xdc_runtime_System_doPrint__I)
                  000014e0    0000042c     Data_Service.obj (.text:Data_Service_WriteAttrCB)
                  0000190c    00000380     Button_Service.obj (.text:ButtonService_SetParameter)
                  00001c8c    00000378     Data_Service.obj (.text:DataService_SetParameter)
                  00002004    00000374     ProjectZero.obj (.text:SPI_transferCallback)
                  00002378    0000036c     ProjectZero.obj (.text:user_processGapStateChangeEvt)
                  000026e4    00000360     LED_Service.obj (.text:LED_Service_WriteAttrCB)
                  00002a44    0000034c     sysbios.aem3 : mangled__BIOS_lib.obj (.text:ti_sysbios_family_arm_cc26xx_Power_auxISR__E)
                  00002d90    0000032c     peripheral.obj (.text:GAPRole_SetParameter)
                  000030bc    000002f8     sysbios.aem3 : mangled__BIOS_lib.obj (.text:ti_sysbios_family_arm_cc26xx_Power_sleep__E)
                  000033b4    000002d4     peripheral.obj (.text:gapRole_processGAPMsg)
                  00003688    00000280     Data_Service.obj (.text:Data_Service_ReadAttrCB)
                  00003908    00000274     Button_Service.obj (.text:Button_Service_ReadAttrCB)
                  00003b7c    00000270     LED_Service.obj (.text:LED_Service_ReadAttrCB)
                  00003dec    00000268     ProjectZero.obj (.text:ProjectZero_processGATTMsg)
                  00004054    00000264     LED_Service.obj (.text:LedService_SetParameter)
                  000042b8    00000264     ProjectZero.obj (.text:user_LedService_ValueChangeHandler)
                  0000451c    00000200     ProjectZero.obj (.text:user_DataService_ValueChangeHandler)
                  0000471c    000001f4     rtsv7M3_T_le_eabi.lib : ull_div_t2.obj (.text)
                  00004910    000001f0     ProjectZero.obj (.text:user_gapBondMgr_pairStateCB)
                  00004b00    000001d4     Button_Service.obj (.text:Button_Service_WriteAttrCB)
                  00004cd4    000001c0     peripheral.obj (.text:GAPRole_GetParameter)
                  00004e94    000001aa     driverlib.lib : sys_ctrl.obj (.text:SysCtrlSetRechargeBeforePowerDown)
                  0000503e    00000002     appBLE_UartLog_pem3.oem3 (.text:ti_sysbios_BIOS_nullFunc__I)
                  00005040    000001a4     drivers_cc26xxware.aem3 : PINCC26XX.oem3 (.text:PIN_init)
                  000051e4    0000018c     ProjectZero.obj (.text:user_ButtonService_CfgChangeHandler)
                  00005370    00000188     ProjectZero.obj (.text:ProjectZero_freeAttRsp)
                  000054f8    00000178     uart_logs.obj (.text:uartLog_doPrint)
                  00005670    00000174     drivers_cc26xxware.aem3 : UARTCC26XX.oem3 (.text:UARTCC26XX_open)
                  000057e4    00000158     ProjectZero.obj (.text:user_processApplicationMessage)
                  0000593c    00000150     devinfoservice.obj (.text:DevInfo_SetParameter)
                  00005a8c    00000150     drivers_cc26xxware.aem3 : SPICC26XXDMA.oem3 (.text:SPICC26XXDMA_initIO)
                  00005bdc    00000148     peripheral.obj (.text:gapRole_taskFxn)
                  00005d24    00000138     Button_Service.obj (.text:ButtonService_RegisterAppCBs)
                  00005e5c    00000134     Data_Service.obj (.text:DataService_RegisterAppCBs)
                  00005f90    00000130     LED_Service.obj (.text:LedService_RegisterAppCBs)
                  000060c0    00000130     sysbios.aem3 : mangled__BIOS_lib.obj (.text:xdc_runtime_Text_putSite__E)
                  000061f0    00000128     drivers_cc26xxware.aem3 : SPICC26XXDMA.oem3 (.text:SPICC26XXDMA_open)
                  00006318    00000124     ProjectZero.obj (.text:user_handleButtonPress)
                  0000643c    00000120     ProjectZero.obj (.text:user_DataService_CfgChangeHandler)
                  0000655c    00000108     Button_Service.obj (.text:ButtonService_AddService)
                  00006664    00000108     ProjectZero.obj (.text:swiFunc)
                  0000676c    00000104     ProjectZero.obj (.text:ProjectZero_sendAttRsp)
                  00006870    00000104     sysbios.aem3 : mangled__BIOS_lib.obj (.text:calibrateRcoscHf1$28)
                  00006974    00000100     drivers_cc26xxware.aem3 : SPICC26XXDMA.oem3 (.text:SPICC26XXDMA_transferCancel)
                  00006a74    00000100                             : UARTCC26XX.oem3 (.text:UARTCC26XX_write)
                  00006b74    00000100     peripheral.obj (.text:gapRole_init)
                  00006c74    000000fc     drivers_cc26xxware.aem3 : SPICC26XXDMA.oem3 (.text:SPICC26XXDMA_hwiFxn)
                  00006d70    000000fc     rtsv7M3_T_le_eabi.lib : fd_mul_t2.obj (.text)
                  00006e6c    000000fc     sysbios.aem3 : mangled__BIOS_lib.obj (.text:xdc_runtime_Text_putLab__E)
                  00006f68    000000f8                  : mangled__BIOS_lib.obj (.text:ti_sysbios_family_arm_cc26xx_Power_startFirstMeasurement__E)
                  00007060    000000f8     ProjectZero.obj (.text:user_service_ValueChangeCB)
                  00007158    000000f8     appBLE_UartLog_pem3.oem3 (.text:xdc_runtime_System_printfExtend__I)
                  00007250    000000f0     sysbios.aem3 : mangled__BIOS_lib.obj (.text:ti_sysbios_family_arm_cc26xx_Power_standbyPolicy__E)
                  00007340    000000f0     ProjectZero.obj (.text:user_service_CfgChangeCB)
                  00007430    000000ea     ICall.obj (.text:ICall_primWaitMatch)
                  0000751a    000000e8     drivers_cc26xxware.aem3 : UARTCC26XX.oem3 (.text:UARTCC26XX_hwiIntFxn)
                  00007602    00000002     sysbios.aem3 : mangled__BIOS_lib.obj (.text:ti_sysbios_family_arm_cc26xx_Power_defaultClockFunc__E)
                  00007604    000000e4     Data_Service.obj (.text:DataService_AddService)
                  000076e8    000000e4     ProjectZero.obj (.text:buttonCallbackFxn)
                  000077cc    000000e0     devinfoservice.obj (.text:devInfo_ReadAttrCB)
                  000078ac    000000d8     sysbios.aem3 : mangled__BIOS_lib.obj (.text:ti_sysbios_family_arm_cc26xx_Power_setDependency__E)
                  00007984    000000d0     drivers_cc26xxware.aem3 : SPICC26XXDMA.oem3 (.text:SPICC26XXDMA_configDMA)
                  00007a54    000000d0     sysbios.aem3 : mangled__BIOS_lib.obj (.text:ti_sysbios_family_arm_cc26xx_Power_releaseDependency__E)
                  00007b24    000000c8     drivers_cc26xxware.aem3 : UARTCC26XX.oem3 (.text:UARTCC26XX_initHw)
                  00007bec    000000c0                             : SPICC26XXDMA.oem3 (.text:SPICC26XXDMA_transfer)
                  00007cac    000000c0                             : UARTCC26XX.oem3 (.text:UARTCC26XX_read)
                  00007d6c    000000bc     ProjectZero.obj (.text:user_gapStateChangeCB)
                  00007e28    000000b8     drivers_cc26xxware.aem3 : PINCC26XX.oem3 (.text:PINCC26XX_setIoCfg)
                  00007ee0    000000b4     LED_Service.obj (.text:LedService_AddService)
                  00007f94    000000b4     ProjectZero.obj (.text:buttonDebounceSwiFxn)
                  00008048    000000b4     driverlib.lib : setup.obj (.text:trimDevice)
                  000080fc    000000b0     gattservapp_util.obj (.text:GATTServApp_ProcessCharCfg)
                  000081ac    000000b0     sysbios.aem3 : mangled__BIOS_lib.obj (.text:ti_sysbios_knl_Clock_workFuncDynamic__E)
                  0000825c    000000a8     peripheral.obj (.text:gapRole_startConnUpdate)
                  00008304    000000a4     sysbios.aem3 : mangled__BIOS_lib.obj (.text:ti_sysbios_family_arm_cc26xx_Power_initiateCalibration__E)
                  000083a8    000000a0     auto_init.aem3 : auto_init.oem3 (.text)
                  00008448    0000009c     ICall.obj (.text:ICall_heapMalloc)
                  000084e4    0000009c     ICall.obj (.text:ICall_primSetTimer)
                  00008580    0000009c     rtsv7M3_T_le_eabi.lib : memcpy_t2.obj (.text)
                  0000861c    00000098     drivers_cc26xxware.aem3 : UARTCC26XX.oem3 (.text:UARTCC26XX_initIO)
                  000086b4    00000094     driverlib.lib : osc.obj (.text:OSCHF_GetStartupTime)
                  00008748    00000094     drivers_cc26xxware.aem3 : UARTCC26XX.oem3 (.text:writeFinishedDoCallback)
                  000087dc    00000090                             : PINCC26XX.oem3 (.text:PIN_open)
                  0000886c    00000090     ProjectZero.obj (.text:ProjectZero_taskFxn)
                  000088fc    0000008c     drivers_cc26xxware.aem3 : UARTCC26XX.oem3 (.text:UARTCC26XX_writeCancel)
                  00008988    0000008c     sysbios.aem3 : mangled__BIOS_lib.obj (.text:ti_sysbios_family_arm_cc26xx_Power_LF_clockFunc__E)
                  00008a14    0000008c                  : mangled__BIOS_lib.obj (.text:ti_sysbios_family_arm_cc26xx_Power_Module_startup__E)
                  00008aa0    0000008c     uart_logs.obj (.text:uartLog_outputFxn)
                  00008b2c    00000088     ICall.obj (.text:ICall_createRemoteTasks)
                  00008bb4    00000088     sysbios.aem3 : mangled__BIOS_lib.obj (.text:ti_sysbios_family_arm_cc26xx_Timer_start__E)
                  00008c3c    00000088     uart_logs.obj (.text:uartLog_flush)
                  00008cc4    00000080     drivers_cc26xxware.aem3 : UARTCC26XX.oem3 (.text:writeTxFifoFlush)
                  00008d44    0000007e     gattservapp_util.obj (.text:gattServApp_SendNotiInd)
                  00008dc2    0000007c     driverlib.lib : chipinfo.obj (.text:ChipInfo_GetHwRevision)
                  00008e3e    0000007a     rtsv7M3_T_le_eabi.lib : memset_t2.obj (.text)
                  00008eb8    00000078     ICallCC2650.obj (.text:ICallPlatform_pwrUpdActivityCounter)
                  00008f30    00000078     ICall.obj (.text:ICall_primSend)
                  00008fa8    00000078     ProjectZero.obj (.text:Util_convertArrayToHexString)
                  00009020    00000074     ICall.obj (.text:ICall_newTask)
                  00009094    00000074     drivers_cc26xxware.aem3 : SPICC26XXDMA.oem3 (.text:SPICC26XXDMA_control)
                  00009108    00000074                             : UARTCC26XX.oem3 (.text:UARTCC26XX_close)
                  0000917c    00000070     peripheral.obj (.text:GAPRole_SendUpdateParam)
                  000091ec    00000070     drivers_cc26xxware.aem3 : UARTCC26XX.oem3 (.text:UARTCC26XX_readCancel)
                  0000925c    0000006e     driverlib.lib : osc.obj (.text:OSCHF_AttemptToSwitchToXosc)
                  000092ca    00000002     sysbios.aem3 : mangled__BIOS_lib.obj (.text:ti_sysbios_family_arm_cc26xx_Power_defaultNotifyTrapFunc__E)
                  000092cc    0000006c     drivers_cc26xxware.aem3 : PINCC26XX.oem3 (.text:PIN_add)
                  00009338    0000006a     rtsv7M3_T_le_eabi.lib : copy_decompress_rle.obj (.text)
                  000093a2    00000002     appBLE_UartLog_pem3.oem3 (.text:ti_sysbios_rom_cortexm_cc26xx_CC26xx_badRomRevision__E)
                  000093a4    00000068     ICall.obj (.text:ICall_primEnroll)
                  0000940c    00000066     driverlib.lib : sys_ctrl.obj (.text:SysCtrl_DCDC_VoltageConditionalControl)
                  00009472    00000062                   : sys_ctrl.obj (.text:SysCtrlAdjustRechargeAfterPowerDown)
                  000094d4    00000060     ICallCC2650.obj (.text:ICallPlatform_pwrRegisterNotify)
                  00009534    00000060     ICall.obj (.text:ICall_primThreadServes)
                  00009594    00000060     drivers_cc26xxware.aem3 : SPICC26XXDMA.oem3 (.text:SPICC26XXDMA_initHw)
                  000095f4    00000060     ProjectZero.obj (.text:SPI_Init_PZ)
                  00009654    00000060     appBLE_UartLog_pem3.oem3 (.text:ti_sysbios_family_arm_cc26xx_Power_XOSC_HF_clockFunc__E)
                  000096b4    00000060     sysbios.aem3 : mangled__BIOS_lib.obj (.text:ti_sysbios_family_arm_cc26xx_Timer_setNextTick__E)
                  00009714    0000005c     drivers_cc26xxware.aem3 : PINCC26XX.oem3 (.text:PIN_remove)
                  00009770    0000005c     appBLE_UartLog_pem3.oem3 (.text:xdc_runtime_Startup_getState__I)
                  000097cc    00000058     driverlib.lib : osc.obj (.text:OSCHF_SwitchToRcOscTurnOffXosc)
                  00009824    00000058     drivers_cc26xxware.aem3 : UDMACC26XX.oem3 (.text:UDMACC26XX_open)
                  0000987c    00000058     util.obj (.text:Util_convertBdAddr2Str)
                  000098d4    00000058     sysbios.aem3 : mangled__BIOS_lib.obj (.text:ti_sysbios_family_arm_cc26xx_Power_notify__I)
                  0000992c    00000056     driverlib.lib : ddi.obj (.text:NOROM_DDI16BitfieldWrite)
                  00009982    00000002     sysbios.aem3 : mangled__BIOS_lib.obj (.text:xdc_runtime_SysCallback_defaultAbort)
                  00009984    00000054     Button_Service.obj (.text:Button_Service_findCharParamId)
                  000099d8    00000054     Data_Service.obj (.text:Data_Service_findCharParamId)
                  00009a2c    00000054     gattservapp_util.obj (.text:GATTServApp_ProcessCCCWriteReq)
                  00009a80    00000054     ICall.obj (.text:ICall_primGetEntityId)
                  00009ad4    00000054     ICall.obj (.text:ICall_primRegisterApp)
                  00009b28    00000054     LED_Service.obj (.text:LED_Service_findCharParamId)
                  00009b7c    00000054     util.obj (.text:Util_constructClock)
                  00009bd0    00000054     rtsv7M3_T_le_eabi.lib : exit.obj (.text)
                  00009c24    00000054     ProjectZero.obj (.text:user_enqueueCharDataMsg)
                  00009c78    00000054     sysbios.aem3 : mangled__BIOS_lib.obj (.text:xdc_runtime_Text_visitRope2__I)
                  00009ccc    00000052     ICall.obj (.text:ICall_primWait)
                  00009d1e    00000052     driverlib.lib : osc.obj (.text:NOROM_OSCClockSourceSet)
                  00009d70    00000050     ICallBleAPI.obj (.text:GAP_DeviceInit)
                  00009dc0    00000050     peripheral.obj (.text:gapRole_processStackMsg)
                  00009e10    00000050     drivers_cc26xxware.aem3 : UARTCC26XX.oem3 (.text:startTxFifoEmptyClk)
                  00009e60    0000004e                             : SPICC26XXDMA.oem3 (.text:SPICC26XXDMA_close)
                  00009eae    00000002     sysbios.aem3 : mangled__BIOS_lib.obj (.text:xdc_runtime_SysCallback_defaultExit)
                  00009eb0    0000004c     drivers_cc26xxware.aem3 : PINCC26XX.oem3 (.text:PIN_Isr)
                  00009efc    0000004c     ICallBleAPI.obj (.text:gattIndNoti)
                  00009f48    0000004c     drivers_cc26xxware.aem3 : UARTCC26XX.oem3 (.text:readFinishedDoCallback)
                  00009f94    0000004c     rtsv7M3_T_le_eabi.lib : cpy_tbl.obj (.text)
                  00009fe0    0000004c     sysbios.aem3 : mangled__BIOS_lib.obj (.text:xdc_runtime_Text_xprintf__I)
                  0000a02c    00000048     ICallBleAPI.obj (.text:GAP_UpdateAdvertisingData)
                  0000a074    00000048     drivers_cc26xxware.aem3 : PINCC26XX.oem3 (.text:PIN_setOutputEnable)
                  0000a0bc    00000048     rtsv7M3_T_le_eabi.lib : fd_toi_t2.obj (.text)
                  0000a104    00000048     sysbios.aem3 : mangled__BIOS_lib.obj (.text:xdc_runtime_LoggerCallback_write8__E)
                  0000a14c    00000044     ICallCC2650.obj (.text:ICallPlatform_pwrConfigACAction)
                  0000a190    00000044     ICall.obj (.text:ICall_primCreateSemaphore)
                  0000a1d4    00000044     ICall.obj (.text:ICall_primCreateTask)
                  0000a218    00000044     ProjectZero.obj (.text:Util_getLocalNameStr)
                  0000a25c    00000044     boot.aem3 : boot.oem3 (.text)
                  0000a2a0    00000008     (.tramp.xdc_runtime_System_exit__E.1)
                  0000a2a8    00000044     peripheral.obj (.text:gapRole_HandleParamUpdateNoSuccess)
                  0000a2ec    00000044     sysbios.aem3 : mangled__BIOS_lib.obj (.text:ti_sysbios_family_arm_cc26xx_Timer_initDevice__I)
                  0000a330    00000044                  : mangled__BIOS_lib.obj (.text:xdc_runtime_LoggerCallback_Module_startup__E)
                  0000a374    00000042     driverlib.lib : ddi.obj (.text:NOROM_DDI16BitfieldRead)
                  0000a3b6    00000042     ICallBleAPI.obj (.text:sendWaitMatchValueCS)
                  0000a3f8    00000040     ICallBleAPI.obj (.text:GAPBondMgr_LinkEst)
                  0000a438    00000040     ICallBleAPI.obj (.text:GAP_TerminateLinkReq)
                  0000a478    00000040     ICallBleAPI.obj (.text:GATTServApp_RegisterService)
                  0000a4b8    00000040     ICallBleAPI.obj (.text:ICall_waitMatch)
                  0000a4f8    00000040     rtsv7M3_T_le_eabi.lib : u_divt2.obj (.text)
                  0000a538    00000040     ICallBleAPI.obj (.text:sendWaitMatchCS)
                  0000a578    00000040     appBLE_UartLog_pem3.oem3 (.text:ti_sysbios_family_arm_cc26xx_Power_XOSC_HF)
                  0000a5b8    00000040     sysbios.aem3 : mangled__BIOS_lib.obj (.text:ti_sysbios_family_arm_cc26xx_Power_isStableXOSC_HF__E)
                  0000a5f8    00000040                  : mangled__BIOS_lib.obj (.text:ti_sysbios_family_arm_cc26xx_Timer_getCurrentTick__E)
                  0000a638    00000040     ProjectZero.obj (.text:user_enqueueRawAppMsg)
                  0000a678    0000003e     driverlib.lib : osc.obj (.text:NOROM_OSCInterfaceEnable)
                  0000a6b6    0000003e     ICallBleAPI.obj (.text:gapSendParamAndPtrCmd)
                  0000a6f4    0000003c     peripheral.obj (.text:GAPRole_createTask)
                  0000a730    00000008     (.tramp.ti_sysbios_knl_Task_construct.1)
                  0000a738    0000003c     ICallBleAPI.obj (.text:GAP_GetParamValue)
                  0000a774    0000003c     ICall.obj (.text:ICall_init)
                  0000a7b0    0000003c     drivers_cc26xxware.aem3 : PINCC26XX.oem3 (.text:PINCC26XX_getConfig)
                  0000a7ec    0000003c     ProjectZero.obj (.text:ProjectZero_createTask)
                  0000a828    0000003c     ICallBleAPI.obj (.text:hciSendParamsCmd)
                  0000a864    0000003c     ICallBleAPI.obj (.text:profileSetParameter)
                  0000a8a0    0000003c     sysbios.aem3 : mangled__BIOS_lib.obj (.text:ti_sysbios_family_arm_cc26xx_Power_releaseConstraint__E)
                  0000a8dc    00000038     ICallBleAPI.obj (.text:GAPBondMgr_PasscodeRsp)
                  0000a914    00000038     ICallBleAPI.obj (.text:GAPBondMgr_SetParameter)
                  0000a94c    00000038     gattservapp_util.obj (.text:GATTServApp_InitCharCfg)
                  0000a984    00000038     ICallBleAPI.obj (.text:GATT_SendRsp)
                  0000a9bc    00000038     ICall.obj (.text:ICall_heapFree)
                  0000a9f4    00000038     ICall.obj (.text:ICall_heapInit)
                  0000aa2c    00000038     ICall.obj (.text:ICall_primGetMaxMSecs)
                  0000aa64    00000038     ICall.obj (.text:ICall_searchTask)
                  0000aa9c    00000038     driverlib.lib : osc.obj (.text:OSCHF_TurnOnXosc)
                  0000aad4    00000038     drivers_cc26xxware.aem3 : PINCC26XX.oem3 (.text:PIN_setInterrupt)
                  0000ab0c    00000038                             : PINCC26XX.oem3 (.text:PIN_setOutputValue)
                  0000ab44    00000038                             : SPICC26XXDMA.oem3 (.text:SPICC26XXDMA_csnCallback)
                  0000ab7c    00000038     ProjectZero.obj (.text:SW_interrupt_init)
                  0000abb4    00000008     (.tramp.ti_sysbios_knl_Swi_Params__init__S.1)
                  0000abbc    00000008     (.tramp.xdc_runtime_Error_init__E.1)
                  0000abc4    00000008     (.tramp.ti_sysbios_knl_Swi_create.1)
                  0000abcc    00000038     ICallBleAPI.obj (.text:linkDB_NumConns)
                  0000ac04    00000038     main.obj (.text:main)
                  0000ac3c    00000008     (.tramp.ti_sysbios_BIOS_start__E.1)
                  0000ac44    00000038     ICallBleAPI.obj (.text:osal_snv_read)
                  0000ac7c    00000038     ICallBleAPI.obj (.text:osal_snv_write)
                  0000acb4    00000038     drivers_cc26xxware.aem3 : UARTCC26XX.oem3 (.text:readData)
                  0000acec    00000038     sysbios.aem3 : mangled__BIOS_lib.obj (.text:ti_sysbios_family_arm_cc26xx_Power_setConstraint__E)
                  0000ad24    00000038                  : mangled__BIOS_lib.obj (.text:ti_sysbios_family_arm_cc26xx_Timer_setThreshold__I)
                  0000ad5c    00000038     drivers_cc26xxware.aem3 : UARTCC26XX.oem3 (.text:writeData)
                  0000ad94    00000038     sysbios.aem3 : mangled__BIOS_lib.obj (.text:xdc_runtime_LoggerCallback_write4__E)
                  0000adcc    00000036     ICallCC2650.obj (.text:ICallPlatform_pwrDispenseImpl)
                  0000ae02    00000036     ICallCC2650.obj (.text:ICallPlatform_pwrRequireImpl)
                  0000ae38    00000036     ICall.obj (.text:ICall_primWaitSemaphore)
                  0000ae6e    00000036     ICallBleAPI.obj (.text:gapSendParamsCmd)
                  0000aea4    00000036     ICallBleAPI.obj (.text:gapSendPtrParamsCmd)
                  0000aeda    00000034     driverlib.lib : chipinfo.obj (.text:ChipInfo_GetChipFamily)
                  0000af0e    00000002     sysbios.aem3 : mangled__BIOS_lib.obj (.text:xdc_runtime_SysCallback_defaultPutch)
                  0000af10    00000034     ICallBleAPI.obj (.text:GAP_SetParamValue)
                  0000af44    00000034     ProjectZero.obj (.text:ICall_fetchServiceMsg)
                  0000af78    00000034     peripheral.obj (.text:ICall_fetchServiceMsg)
                  0000afac    00000034     ICall.obj (.text:ICall_primFetchMsg)
                  0000afe0    00000034     ICall.obj (.text:ICall_searchServiceEntity)
                  0000b014    00000034     drivers_cc26xxware.aem3 : PINCC26XX.oem3 (.text:PIN_setConfig)
                  0000b048    00000034     util.obj (.text:Util_restartClock)
                  0000b07c    00000034     ICallBleAPI.obj (.text:profileAddService)
                  0000b0b0    00000034     ICallBleAPI.obj (.text:registerTask)
                  0000b0e4    00000033     sysbios.aem3 : mangled__BIOS_lib.obj (.text:xdc_runtime_Text_printVisFxn__I)
                  0000b117    00000001     --HOLE-- [fill = 0]
                  0000b118    00000032     ICall.obj (.text:ICall_msgEnqueue)
                  0000b14a    00000032     ICall.obj (.text:ICall_primRegisterISR)
                  0000b17c    00000008     (.tramp.ti_sysbios_hal_Hwi_create.1)
                  0000b184    00000032     ICall.obj (.text:ICall_primRegisterISR_Ext)
                  0000b1b6    00000032     ICallBleAPI.obj (.text:matchGapSetGetParamCS)
                  0000b1e8    00000032     ICallBleAPI.obj (.text:matchGattCmdStatus)
                  0000b21a    00000032     ICallBleAPI.obj (.text:matchUtilNvCS)
                  0000b24c    00000030     ICallCC2650.obj (.text:ICallPlatform_pwrNotify)
                  0000b27c    00000030     ICall.obj (.text:ICall_msecs2Ticks)
                  0000b2ac    00000030     peripheral.obj (.text:gapRole_SetupGAP)
                  0000b2dc    00000030     appBLE_UartLog_pem3.oem3 (.text:ti_sysbios_BIOS_atExitFunc__I)
                  0000b30c    00000008     (.tramp.ti_sysbios_BIOS_setThreadType__E.1)
                  0000b314    00000030     sysbios.aem3 : mangled__BIOS_lib.obj (.text:ti_sysbios_family_arm_cc26xx_Power_registerNotify__E)
                  0000b344    00000008     (.tramp.ti_sysbios_knl_Queue_put__E.1)
                  0000b34c    00000030                  : mangled__BIOS_lib.obj (.text:ti_sysbios_family_arm_cc26xx_Power_switchXOSC_HF__E)
                  0000b37c    00000030     appBLE_UartLog_pem3.oem3 (.text:xdc_runtime_LoggerCallback_Object__create__S)
                  0000b3ac    00000008     (.tramp.xdc_runtime_Core_createObject__I.1)
                  0000b3b4    00000030     sysbios.aem3 : mangled__BIOS_lib.obj (.text:xdc_runtime_LoggerCallback_write2__E)
                  0000b3e4    0000002e     ICallBleAPI.obj (.text:matchProfileAddServiceCS)
                  0000b412    0000002c     driverlib.lib : aon_batmon.obj (.text:AONBatMonTemperatureGetDegC)
                  0000b43e    00000002     --HOLE-- [fill = 0]
                  0000b440    0000002c     peripheral.obj (.text:GAPRole_TerminateConnection)
                  0000b46c    0000002c     ICall.obj (.text:ICall_primEntityId2ServiceId)
                  0000b498    0000002c     ICall.obj (.text:ICall_primFetchServiceMsg)
                  0000b4c4    0000002c     ProjectZero.obj (.text:ICall_registerApp)
                  0000b4f0    0000002c     peripheral.obj (.text:ICall_registerApp)
                  0000b51c    0000002c     ICallBleAPI.obj (.text:ICall_sendServiceMsg)
                  0000b548    0000002c     drivers_cc26xxware.aem3 : PINCC26XX.oem3 (.text:PINCC26XX_setMux)
                  0000b574    0000002a     ICall.obj (.text:ICall_msgDequeue)
                  0000b59e    0000002a     ICall.obj (.text:ICall_msgPrepend)
                  0000b5c8    0000002a     ICall.obj (.text:ICall_primAllocMsg)
                  0000b5f2    0000002a     drivers_cc26xxware.aem3 : UDMACC26XX.oem3 (.text:UDMACC26XX_close)
                  0000b61c    0000002a     ProjectZero.obj (.text:user_updateCharVal)
                  0000b646    00000028     ICallBleAPI.obj (.text:GAPBondMgr_LinkTerm)
                  0000b66e    00000028     ICallBleAPI.obj (.text:GAPBondMgr_Register)
                  0000b696    00000002     --HOLE-- [fill = 0]
                  0000b698    00000028     ICallBleAPI.obj (.text:ICall_allocMsg)
                  0000b6c0    00000028     ICallBleAPI.obj (.text:ICall_getEntityId)
                  0000b6e8    00000028     ICallBleAPI.obj (.text:ICall_getLocalMsgEntityId)
                  0000b710    00000028     Button_Service.obj (.text:ICall_malloc)
                  0000b738    00000028     Data_Service.obj (.text:ICall_malloc)
                  0000b760    00000028     ProjectZero.obj (.text:ICall_malloc)
                  0000b788    00000028     devinfoservice.obj (.text:ICall_malloc)
                  0000b7b0    00000028     ICallBleAPI.obj (.text:ICall_threadServes)
                  0000b7d8    00000028     driverlib.lib : aon_rtc.obj (.text:NOROM_AONRTCCurrentCompareValueGet)
                  0000b800    00000028     gattservapp_util.obj (.text:gattServApp_FindCharCfgItem)
                  0000b828    00000028     ICallBleAPI.obj (.text:matchProfileCS)
                  0000b850    00000028     appBLE_UartLog_pem3.oem3 (.text:ti_sysbios_family_arm_cc26xx_Power_isDependencyActive)
                  0000b878    00000028     sysbios.aem3 : mangled__BIOS_lib.obj (.text:ti_sysbios_family_arm_cc26xx_Timer_getMaxTicks__E)
                  0000b8a0    00000028                  : mangled__BIOS_lib.obj (.text:xdc_runtime_LoggerCallback_write0__E)
                  0000b8c8    00000028                  : mangled__BIOS_lib.obj (.text:xdc_runtime_LoggerCallback_write1__E)
                  0000b8f0    00000028                  : mangled__BIOS_lib.obj (.text:xdc_runtime_System_snprintf__E)
                  0000b918    00000026     gattservapp_util.obj (.text:GATTServApp_WriteCharCfg)
                  0000b93e    00000026     driverlib.lib : osc.obj (.text:NOROM_OSCClockSourceGet)
                  0000b964    00000026     drivers_cc26xxware.aem3 : UARTCC26XX.oem3 (.text:UARTCC26XX_control)
                  0000b98a    00000026     ICallBleAPI.obj (.text:waitMatchCS)
                  0000b9b0    00000024     peripheral.obj (.text:GAPRole_StartDevice)
                  0000b9d4    00000024     ICallBleAPI.obj (.text:HCI_EXT_ConnEventNoticeCmd)
                  0000b9f8    00000024     appBLE_UartLog_pem3.oem3 (.text:ti_sysbios_BIOS_registerRTSLock__I)
                  0000ba1c    00000024     appBLE_UartLog_pem3.oem3 (.text:ti_sysbios_BIOS_removeRTSLock__I)
                  0000ba40    00000024     appBLE_UartLog_pem3.oem3 (.text:ti_sysbios_BIOS_startFunc__I)
                  0000ba64    00000008     (.tramp.xdc_runtime_System_atexit__E.1)
                  0000ba6c    00000008     (.tramp.ti_sysbios_family_arm_cc26xx_Timer_startup__E.1)
                  0000ba74    00000008     (.tramp.ti_sysbios_hal_Hwi_startup__E.1)
                  0000ba7c    00000008     (.tramp.ti_sysbios_knl_Swi_startup__E.1)
                  0000ba84    00000008     (.tramp.ti_sysbios_knl_Task_startup__E.1)
                  0000ba8c    00000024     sysbios.aem3 : mangled__BIOS_lib.obj (.text:ti_sysbios_family_arm_cc26xx_Timer_dynamicStub__E)
                  0000bab0    00000022     ICall.obj (.text:ICall_dispatch)
                  0000bad2    00000022     rtsv7M3_T_le_eabi.lib : memcmp.obj (.text)
                  0000baf4    00000020     gattservapp_util.obj (.text:GATTServApp_FindAttr)
                  0000bb14    00000020     ICallBleAPI.obj (.text:GATT_bm_alloc)
                  0000bb34    00000020     ProjectZero.obj (.text:ICall_free)
                  0000bb54    00000020     devinfoservice.obj (.text:ICall_free)
                  0000bb74    00000020     ICall.obj (.text:ICall_freeMsg)
                  0000bb94    00000020     ICallBleAPI.obj (.text:ICall_freeMsg)
                  0000bbb4    00000020     ProjectZero.obj (.text:ICall_freeMsg)
                  0000bbd4    00000020     peripheral.obj (.text:ICall_freeMsg)
                  0000bbf4    00000020     ICall.obj (.text:ICall_searchService)
                  0000bc14    00000020     ProjectZero.obj (.text:ICall_wait)
                  0000bc34    00000020     peripheral.obj (.text:ICall_wait)
                  0000bc54    00000020     rtsv7M3_T_le_eabi.lib : u_tofd_t2.obj (.text)
                  0000bc74    00000020     appBLE_UartLog_pem3.oem3 (.text:ti_sysbios_BIOS_rtsLock__I)
                  0000bc94    00000008     (.tramp.ti_sysbios_BIOS_RtsGateProxy_enter__E.1)
                  0000bc9c    00000020     sysbios.aem3 : mangled__BIOS_lib.obj (.text:ti_sysbios_family_arm_cc26xx_TimestampProvider_get32__E)
                  0000bcbc    0000001e     ICallBleAPI.obj (.text:GATT_Notification)
                  0000bcda    0000001e     ICall.obj (.text:ICall_primSendServiceMsg)
                  0000bcf8    0000001e     drivers_cc26xxware.aem3 : PINCC26XX.oem3 (.text:PIN_close)
                  0000bd16    0000001e     ICallBleAPI.obj (.text:getStatusValueFromErrNo)
                  0000bd34    0000001e     ICallBleAPI.obj (.text:matchHciCS)
                  0000bd52    00000002     --HOLE-- [fill = 0]
                  0000bd54    0000001c     ICall.obj (.text:ICall_abort)
                  0000bd70    0000001c     ICall.obj (.text:ICall_primService)
                  0000bd8c    0000001c     drivers_cc26xxware.aem3 : PINCC26XX.oem3 (.text:PINCC26XX_setIoCfgMux)
                  0000bda8    0000001c                             : UDMACC26XX.oem3 (.text:UDMACC26XX_initHw)
                  0000bdc4    0000001c     sysbios.aem3 : mangled__BIOS_lib.obj (.text:ti_sysbios_family_arm_cc26xx_Power_unregisterNotify__E)
                  0000bde0    00000008     (.tramp.ti_sysbios_knl_Queue_remove__E.1)
                  0000bde8    0000001c                  : mangled__BIOS_lib.obj (.text:xdc_runtime_LoggerCallback_Instance_init__E)
                  0000be04    0000001a     ICall.obj (.text:ICall_enterCSImpl)
                  0000be1e    0000001a     ICall.obj (.text:ICall_primMalloc)
                  0000be38    0000001a     ICall.obj (.text:ICall_primSetTimerMSecs)
                  0000be52    0000001a     ICallBleAPI.obj (.text:matchGattIndNotiCS)
                  0000be6c    0000001a     ProjectZero.obj (.text:user_gapBondMgr_passcodeCB)
                  0000be86    00000018     driverlib.lib : chipinfo.obj (.text:ChipInfo_GetPackageType)
                  0000be9e    00000002     --HOLE-- [fill = 0]
                  0000bea0    00000018     ICallBleAPI.obj (.text:GATT_bm_free)
                  0000beb8    00000018     ICallBleAPI.obj (.text:GGS_SetParameter)
                  0000bed0    00000018     ICallCC2650.obj (.text:ICallPlatform_pwrDispense)
                  0000bee8    00000018     ICallCC2650.obj (.text:ICallPlatform_pwrRequire)
                  0000bf00    00000018     ICall.obj (.text:ICall_initPrim)
                  0000bf18    00000018     drivers_cc26xxware.aem3 : PINCC26XX.oem3 (.text:PIN_getConfig)
                  0000bf30    00000018                             : SPI.oem3 (.text:SPI_open)
                  0000bf48    00000018                             : UART.oem3 (.text:UART_Params_init)
                  0000bf60    00000018                             : UART.oem3 (.text:UART_open)
                  0000bf78    00000018     peripheral.obj (.text:gapRole_setEvent)
                  0000bf90    00000018     rtsv7M3_T_le_eabi.lib : args_main.obj (.text)
                  0000bfa8    00000018                           : ll_mul_t2.obj (.text)
                  0000bfc0    00000018     appBLE_UartLog_pem3.oem3 (.text:ti_sysbios_BIOS_rtsUnlock__I)
                  0000bfd8    00000008     (.tramp.ti_sysbios_BIOS_RtsGateProxy_leave__E.1)
                  0000bfe0    00000018     appBLE_UartLog_pem3.oem3 (.text:ti_sysbios_family_arm_cc26xx_Power_RFCORECLKS)
                  0000bff8    00000018     sysbios.aem3 : mangled__BIOS_lib.obj (.text:ti_sysbios_family_arm_cc26xx_Timer_getCount64__E)
                  0000c010    00000018     appBLE_UartLog_pem3.oem3 (.text:ti_sysbios_rom_cortexm_cc26xx_CC26xx_checkRevision__E)
                  0000c028    00000016     ICall.obj (.text:ICall_leaveCSImpl)
                  0000c03e    00000016     ICall.obj (.text:ICall_primStopTimer)
                  0000c054    00000016     main.obj (.text:exceptionHandler)
                  0000c06a    00000016     appBLE_UartLog_pem3.oem3 (.text:ti_sysbios_BIOS_exitFunc__I)
                  0000c080    00000014     devinfoservice.obj (.text:DevInfo_AddService)
                  0000c094    00000014     ICallCC2650.obj (.text:ICallPlatform_pwrIsStableXOSCHF)
                  0000c0a8    00000014     drivers_cc26xxware.aem3 : PINCC26XX.oem3 (.text:PINCC26XX_getInputValue)
                  0000c0bc    00000014                             : SPICC26XXDMA.oem3 (.text:SPICC26XXDMA_init)
                  0000c0d0    00000014                             : SPI.oem3 (.text:SPI_Params_init)
                  0000c0e4    00000014     driverlib.lib : chipinfo.obj (.text:ThisCodeIsBuiltForCC26xxHwRev22AndLater_HaltIfViolated)
                  0000c0f8    00000014     rtsv7M3_T_le_eabi.lib : _lock.obj (.text)
                  0000c10c    00000014                           : strlen.obj (.text)
                  0000c120    00000014     ICallBleAPI.obj (.text:setICallCmdEvtHdr)
                  0000c134    00000014     appBLE_UartLog_pem3.oem3 (.text:ti_sysbios_knl_Clock_doTick__I)
                  0000c148    00000008     (.tramp.ti_sysbios_knl_Clock_logTick__E.1)
                  0000c150    00000012     appBLE_UartLog_pem3.oem3 (.text:xdc_runtime_Startup_exec__I)
                  0000c162    00000002     --HOLE-- [fill = 0]
                  0000c164    00000008     (.tramp.xdc_runtime_Startup_startMods__I.1)
                  0000c16c    00000010     ICallBleAPI.obj (.text:GAP_EndDiscoverable)
                  0000c17c    00000010     ICallBleAPI.obj (.text:GAP_UpdateLinkParamReq)
                  0000c18c    00000010     gattservapp_util.obj (.text:GATTServApp_ReadCharCfg)
                  0000c19c    00000010     ICallCC2650.obj (.text:ICallPlatform_pwrGetXOSCStartupTime)
                  0000c1ac    00000010     ICall.obj (.text:ICall_primGetTickPeriod)
                  0000c1bc    00000010     ICall.obj (.text:ICall_taskEntry)
                  0000c1cc    00000010     drivers_cc26xxware.aem3 : UARTCC26XX.oem3 (.text:UARTCC26XX_init)
                  0000c1dc    00000010     util.obj (.text:Util_isActive)
                  0000c1ec    00000010     drivers_cc26xxware.aem3 : UARTCC26XX.oem3 (.text:uartPostNotify)
                  0000c1fc    00000010     appBLE_UartLog_pem3.oem3 (.text:xdc_runtime_LoggerCallback_Object__get__S)
[...]
1001c27d  ti_sysbios_hal_Hwi_HwiProxy_delete                                        
1001c281  ti_sysbios_hal_Hwi_HwiProxy_disableInterrupt__E                           
1001c281  ti_sysbios_hal_Hwi_disableInterrupt__E                                    
1001c285  ti_sysbios_hal_Hwi_HwiProxy_enableInterrupt__E                            
1001c285  ti_sysbios_hal_Hwi_enableInterrupt__E                                     
1001c289  ti_sysbios_hal_Hwi_HwiProxy_getStackInfo__E                               
1001c289  ti_sysbios_hal_Hwi_getStackInfo__E                                        
1001c28d  ti_sysbios_hal_Hwi_HwiProxy_startup__E                                    
1001c28d  ti_sysbios_hal_Hwi_startup__E                                             
1001c291  ti_sysbios_hal_Hwi_HwiProxy_switchFromBootStack__E                        
1001c295  ti_sysbios_hal_Hwi_delete                                                 
1001c299  ti_sysbios_hal_Hwi_switchFromBootStack__E                                 
1001c29d  ti_sysbios_heaps_HeapMem_Module_GateProxy_enter__E                        
1001c2a1  ti_sysbios_heaps_HeapMem_Module_GateProxy_leave__E                        
1001c2a5  ti_sysbios_heaps_HeapMem_isBlocking__E                                    
1001c2a9  ti_sysbios_knl_Clock_TimerProxy_Module__startupDone__S                    
1001c2ad  ti_sysbios_knl_Clock_TimerProxy_getExpiredTicks__E                        
1001c2b1  ti_sysbios_knl_Clock_TimerProxy_getPeriod__E                              
1001c2b5  ti_sysbios_knl_Clock_delete                                               
1001c2b9  ti_sysbios_knl_Clock_destruct                                             
1001c2bd  ti_sysbios_knl_Clock_removeI__E                                           
1001c2c1  ti_sysbios_knl_Clock_setTimeout__E                                        
1001c2c5  ti_sysbios_knl_Mailbox_delete                                             
1001c2c9  ti_sysbios_knl_Mailbox_destruct                                           
1001c2cd  ti_sysbios_knl_Queue_delete                                               
1001c2d1  ti_sysbios_knl_Queue_destruct                                             
1001c2d5  ti_sysbios_knl_Queue_head__E                                              
1001c2d9  ti_sysbios_knl_Queue_next__E                                              
1001c2dd  ti_sysbios_knl_Semaphore_delete                                           
1001c2e1  ti_sysbios_knl_Semaphore_destruct                                         
1001c2e5  ti_sysbios_knl_Swi_delete                                                 
1001c2e9  ti_sysbios_knl_Swi_destruct                                               
1001c2ed  ti_sysbios_knl_Swi_postInit__I                                            
1001c2f1  ti_sysbios_knl_Task_SupportProxy_Module__startupDone__S                   
1001c2f5  ti_sysbios_knl_Task_SupportProxy_getStackAlignment__E                     
1001c2f9  ti_sysbios_knl_Task_SupportProxy_start__E                                 
1001c2fd  ti_sysbios_knl_Task_SupportProxy_swap__E                                  
1001c301  ti_sysbios_knl_Task_delete                                                
1001c305  ti_sysbios_knl_Task_destruct                                              
1001c309  ti_sysbios_knl_Task_startup__E                                            
1001c30d  xdc_runtime_Startup_startMods__I                                          
1001c405  xdc_runtime_Core_createObject__I                                          
1001c487  xdc_runtime_Error_policySpin__E                                           
1001c489  xdc_runtime_Memory_alloc__E                                               
1001c4f9  xdc_runtime_Core_deleteObject__I                                          
1001c559  xdc_runtime_Startup_exec__E                                               
1001c5a9  xdc_runtime_Assert_raise__I                                               
1001c5f1  xdc_runtime_Core_assignParams__I                                          
1001c639  xdc_runtime_Core_constructObject__I                                       
1001c681  xdc_runtime_System_atexit__E                                              
1001c6b9  xdc_runtime_System_processAtExit__E                                       
1001c6ed  xdc_runtime_Core_assignLabel__I                                           
1001c71d  xdc_runtime_Text_cordText__E                                              
1001c749  xdc_runtime_System_abort__E                                               
1001c769  xdc_runtime_Error_raiseX__E                                               
1001c785  xdc_runtime_Memory_valloc__E                                              
1001c7a1  xdc_runtime_Core_destructObject__I                                        
1001c7b9  xdc_runtime_Error_check__E                                                
1001c7d1  xdc_runtime_System_exit__E                                                
1001c7e9  xdc_runtime_Text_ropeText__E                                              
1001c801  xdc_runtime_Memory_free__E                                                
1001c811  xdc_runtime_SysCallback_abort__E                                          
1001c821  xdc_runtime_SysCallback_exit__E                                           
1001c831  xdc_runtime_Timestamp_SupportProxy_get32__E                               
1001c831  xdc_runtime_Timestamp_get32__E                                            
1001c841  xdc_runtime_Error_init__E                                                 
1001c84d  xdc_runtime_Memory_calloc__E                                              
1001c859  xdc_runtime_Memory_getMaxDefaultTypeAlign__E                              
1001c879  xdc_runtime_Gate_leaveSystem__E                                           
1001c87f  xdc_runtime_System_Module_startup__E                                      
1001c885  xdc_runtime_Gate_enterSystem__E                                           
1001c889  xdc_runtime_Memory_HeapProxy_alloc__E                                     
1001c88d  xdc_runtime_Memory_HeapProxy_free__E                                      
1001c891  xdc_runtime_System_Module_GateProxy_enter__E                              
1001c895  xdc_runtime_System_Module_GateProxy_leave__E                              
1001c899  xdc_runtime_System_abortSpin__E                                           
1001c89b  xdc_runtime_System_exitSpin__E                                            
1001c89d  ti_sysbios_family_arm_m3_Hwi_dispatch__I                                  
1001c96d  ti_sysbios_family_arm_m3_TaskSupport_buildTaskStack                       
1001c9b9  ti_sysbios_family_arm_m3_Hwi_initStacks__E                                
1001ca01  ti_sysbios_family_arm_m3_Hwi_excHandlerAsm__I                             
1001ca21  ti_sysbios_family_xxx_Hwi_switchAndRunFunc                                
1001ca3f  ti_sysbios_family_arm_m3_Hwi_pendSV__I                                    
1001ca57  ti_sysbios_family_arm_m3_Hwi_return                                       
1001ca59  ti_sysbios_family_arm_m3_TaskSupport_glue                                 
1001ca69  ti_sysbios_family_arm_m3_TaskSupport_swap__E                              
1001ca71  ti_sysbios_knl_Task_swapReturn                                            
1001ca9b  ti_sysbios_rom_cortexm_cc26xx_CC26xx_getRevision__E                       
20000000  ti_sysbios_family_arm_m3_Hwi_ramVectors                                   
20000100  ti_sysbios_knl_Task_Module__state__V                                      
20000144  ti_sysbios_family_arm_m3_Hwi_Module__state__V                             
20000178  ti_sysbios_knl_Clock_Module__state__V                                     
200001a4  ti_sysbios_BIOS_Module__state__V                                          
200001c8  ti_sysbios_knl_Swi_Module__state__V                                       
200001e4  ti_sysbios_family_arm_cc26xx_Timer_Module__state__V                       
200001ec  ti_sysbios_family_arm_cc26xx_TimestampProvider_Module__state__V           
200001f0  xdc_runtime_Startup_Module__state__V                                      
200001f8  xdc_runtime_System_Module__state__V                                       
20000200  xdc_runtime_Memory_Module__state__V                                       
200010d8  ti_sysbios_heaps_HeapMem_Instance_State_0_buf__A                          
20001758  uartLog_evBuf                                                             
20001c58  przTaskStack                                                              
20001f78  gapRoleTaskStack                                                          
20002180  ti_sysbios_knl_Task_Instance_State_0_stack__A                             
20002380  spiCC26XXDMAObjects                                                       
200024d0  iBuff                                                                     
200025d0  uartCC26XXObjects                                                         
200026a0  ti_sysbios_family_arm_m3_Hwi_dispatchTable                                
20002768  uartLog_outBuf                                                            
20002814  PIN_HandleTable                                                           
20002890  buff                                                                      
200028f4  gapRoleTask                                                               
20002944  przTask                                                                   
20002ad4  udmaObjects                                                               
20002b2c  buff_log                                                                  
20002b6c  buf                                                                       
20002b94  transaction                                                               
20002c40  PIN_NumPins                                                               
20002c48  handle                                                                    
20002c4c  mySwi                                                                     
20002c56  driverlib_release_0_43243                                                 
20002c57  linkDBNumConns                                                            
20002e00  ti_sysbios_family_arm_cc26xx_Power_Module__state__V                       
20002fe8  TSK_idle                                                                  
20002fe8  ti_sysbios_knl_Task_Object__table__V                                      
20003038  ti_sysbios_family_arm_cc26xx_Timer_Object__table__V                       
20003080  ti_sysbios_gates_GateMutex_Object__table__V                               
200030b8  rfRegTbl                                                                  
200030ec  ti_sysbios_family_arm_m3_Hwi_Object__table__V                             
2000311c  ti_sysbios_knl_Swi_Module_State_0_readyQ__A                               
2000314c  ti_sysbios_knl_Swi_Object__table__V                                       
2000317c  ti_sysbios_knl_Task_Module_State_0_readyQ__A                              
20003232  ti_sysbios_family_arm_m3_Hwi_Module_State_0_excActive__A                  
20003250  user0Cfg                                                                  
20003274  iHead                                                                     
20003278  iTail                                                                     
2000327c  oHead                                                                     
20003280  oTail                                                                     
20003284  ti_sysbios_heaps_HeapMem_Object__table__V                                 
2000332f  buf_tr                                                                    
20003357  ti_sysbios_family_arm_cc26xx_Power_refCount                               
2000337c  ICall_enterCriticalSection                                                
20003380  ICall_leaveCriticalSection                                                
20003388  ICall_dispatcher                                                          
2000338c  xdc_runtime_LoggerCallback_Object__table__V                               
200033bc  __TI_cleanup_ptr                                                          
200033c0  __TI_dtors_ptr                                                            
200033c4  __TI_enable_exit_profile_output                                           
200033e0  lastAppOpcodeSent                                                         
200033e4  pfnBMAlloc                                                                
200033e8  pfnBMFree                                                                 
200033f8  buttonPinTable                                                            
20003404  ledPinTable                                                               
20003410  ti_sysbios_family_arm_cc26xx_Power_resourceHandlers                       
20003420  uartLog_tail                                                              
20003421  uartLog_head                                                              
20003422  uartLog_evBufIsEmpty                                                      
20003424  uartLog_evtNum                                                            
20003428  _lock                                                                     
2000342c  _unlock                                                                   
20003440  ti_sysbios_family_arm_m3_Hwi_Module__root__V                              
20003448  ti_sysbios_gates_GateHwi_Module__root__V                                  
20003450  ti_sysbios_gates_GateMutex_Module__root__V                                
20003458  ti_sysbios_hal_Hwi_Module__root__V                                        
20003460  ti_sysbios_heaps_HeapMem_Module__root__V                                  
20003468  ti_sysbios_knl_Clock_Module__root__V                                      
20003470  ti_sysbios_knl_Mailbox_Module__root__V                                    
20003478  ti_sysbios_knl_Queue_Module__root__V                                      
20003480  ti_sysbios_knl_Semaphore_Module__root__V                                  
20003488  ti_sysbios_knl_Swi_Module__root__V                                        
20003490  ti_sysbios_knl_Task_Module__root__V                                       
200034b8  xdc_runtime_LoggerCallback_Module__root__V                                
200034c0  xdc_runtime_Registry_Module__state__V                                     
200034db  ti_sysbios_family_arm_cc26xx_Power_constraintCounts                       
200034e0  main_func_sp                                                              
200034e4  ti_sysbios_family_arm_m3_Hwi_Module_State_0_excContext__A                 
200034e8  ti_sysbios_family_arm_m3_Hwi_Module_State_0_excStack__A                   
200034ec  ti_sysbios_knl_Task_Module_State_0_idleTask__A                            
20003fe4  __stack                                                                   
200043e4  __STACK_END                                                               
200043e4  __STACK_TOP                                                               
e000e000  ti_sysbios_family_arm_m3_Hwi_nvic                                         
ffffffff  __TI_pprof_out_hndl                                                       
ffffffff  __TI_prof_data_size                                                       
ffffffff  __TI_prof_data_start                                                      
ffffffff  __binit__                                                                 
ffffffff  __c_args__                                                                
ffffffff  binit                                                                     
UNDEFED   SHT$$INIT_ARRAY$$Base                                                     
UNDEFED   SHT$$INIT_ARRAY$$Limit                                                    
UNDEFED   ti_sysbios_BIOS_RtsGateProxy_Handle__label__S__mangled__                  
UNDEFED   ti_sysbios_BIOS_RtsGateProxy_Object__delete__S__mangled__                 
UNDEFED   ti_sysbios_BIOS_RtsGateProxy_Params__init__S__mangled__                   
UNDEFED   ti_sysbios_BIOS_RtsGateProxy_query__E__mangled__                          
UNDEFED   ti_sysbios_hal_Hwi_HwiProxy_Module__startupDone__S__mangled__             
UNDEFED   ti_sysbios_hal_Hwi_HwiProxy_Object__delete__S__mangled__                  
UNDEFED   ti_sysbios_hal_Hwi_HwiProxy_Params__init__S__mangled__                    
UNDEFED   ti_sysbios_hal_Hwi_HwiProxy_disableInterrupt__E__mangled__                
UNDEFED   ti_sysbios_hal_Hwi_HwiProxy_enableInterrupt__E__mangled__                 
UNDEFED   ti_sysbios_hal_Hwi_HwiProxy_getStackInfo__E__mangled__                    
UNDEFED   ti_sysbios_hal_Hwi_HwiProxy_startup__E__mangled__                         
UNDEFED   ti_sysbios_hal_Hwi_HwiProxy_switchFromBootStack__E__mangled__             
UNDEFED   ti_sysbios_hal_Hwi_disableInterrupt__E__mangled__                         
UNDEFED   ti_sysbios_hal_Hwi_enableInterrupt__E__mangled__                          
UNDEFED   ti_sysbios_hal_Hwi_getStackInfo__E__mangled__                             
UNDEFED   ti_sysbios_hal_Hwi_startup__E__mangled__                                  
UNDEFED   ti_sysbios_hal_Hwi_switchFromBootStack__E__mangled__                      
UNDEFED   ti_sysbios_heaps_HeapMem_Module_GateProxy_Handle__label__S__mangled__     
UNDEFED   ti_sysbios_heaps_HeapMem_Module_GateProxy_Object__delete__S__mangled__    
UNDEFED   ti_sysbios_heaps_HeapMem_Module_GateProxy_Params__init__S__mangled__      
UNDEFED   ti_sysbios_heaps_HeapMem_Module_GateProxy_query__E__mangled__             
UNDEFED   ti_sysbios_knl_Clock_TimerProxy_Module__startupDone__S__mangled__         
UNDEFED   ti_sysbios_knl_Clock_TimerProxy_startup__E__mangled__                     
UNDEFED   ti_sysbios_knl_Task_SupportProxy_Module__startupDone__S__mangled__        
UNDEFED   ti_sysbios_knl_Task_SupportProxy_getStackAlignment__E__mangled__          
UNDEFED   ti_sysbios_knl_Task_SupportProxy_start__E__mangled__                      
UNDEFED   ti_sysbios_knl_Task_SupportProxy_swap__E__mangled__                       
UNDEFED   xdc_runtime_Main_Module_GateProxy_Handle__label__S                        
UNDEFED   xdc_runtime_Main_Module_GateProxy_Object__delete__S                       
UNDEFED   xdc_runtime_Main_Module_GateProxy_query__E                                
UNDEFED   xdc_runtime_Memory_HeapProxy_Handle__label__S__mangled__                  
UNDEFED   xdc_runtime_Memory_HeapProxy_Object__delete__S__mangled__                 
UNDEFED   xdc_runtime_System_Module_GateProxy_Handle__label__S__mangled__           
UNDEFED   xdc_runtime_System_Module_GateProxy_Object__delete__S__mangled__          
UNDEFED   xdc_runtime_System_Module_GateProxy_query__E__mangled__                   
UNDEFED   xdc_runtime_System_SupportProxy_abort__E                                  
UNDEFED   xdc_runtime_System_SupportProxy_exit__E                                   
UNDEFED   xdc_runtime_Timestamp_SupportProxy_get64__E__mangled__                    
UNDEFED   xdc_runtime_Timestamp_SupportProxy_getFreq__E__mangled__                  
UNDEFED   xdc_runtime_Timestamp_get32__E__mangled__                                 
UNDEFED   xdc_runtime_Timestamp_get64__E__mangled__                                 
UNDEFED   xdc_runtime_Timestamp_getFreq__E__mangled__                               

[920 symbols]
