******************************************************************************
                  TI ARM Linker PC v15.12.3                    
******************************************************************************
>> Linked Sat Mar 11 10:06:58 2017

OUTPUT FILE NAME:   <ProjectZeroStack_CC2650LAUNCHXL.out>
ENTRY POINT SYMBOL: "startup_entry"  address: 0000e001


MEMORY CONFIGURATION

         name            origin    length      used     unused   attr    fill
----------------------  --------  ---------  --------  --------  ----  --------
  FLASH                 0000e000   00011000  000106be  00000942  R  X
  SRAM                  200043e8   000004ff  000004d4  0000002b  RW X
  $BOUND$0x20004fec     20004fec   00000010  00000010  00000000  R IX


SEGMENT ALLOCATION MAP

run origin  load origin   length   init length attrs members
----------  ----------- ---------- ----------- ----- -------
0000e000    0000e000    0000e6c4   0000e6c4    r-x
  0000e000    0000e000    0000002c   0000002c    r-x EntrySection
  0000e02c    0000e02c    0000dd00   0000dd00    r-x .text
  0001bd2c    0001bd2c    00000798   00000798    r-- .const
  0001c4c4    0001c4c4    0000006e   0000006e    r-- .rodata
  0001c538    0001c538    0000018c   0000018c    r-- .cinit
0001d000    0001d000    00002000   00002000    r--
  0001d000    0001d000    00002000   00002000    r-- .TI.bound:SNV_FLASH
200043e8    200043e8    000004d4   00000000    rw-
  200043e8    200043e8    00000360   00000000    rw- .data
  20004748    20004748    00000174   00000000    rw- .bss
20004fec    20004fec    00000010   00000000    rw-
  20004fec    20004fec    00000010   00000000    rw- .TI.bound:mbIntCbackTable


SECTION ALLOCATION MAP

 output                                  attributes/
section   page    origin      length       input sections
--------  ----  ----------  ----------   ----------------
EntrySection 
*          0    0000e000    0000002c     
                  0000e000    0000002c     ICall_startup.obj (EntrySection:startup_entry)

.text      0    0000e02c    0000dd00     
                  0000e02c    00000fa8     CC2640_BLE_peri_HL_CL_FlashROM.a : gattservapp.o (.text)
                  0000efd4    00000cf0                                      : ll_PATCH.o (.text)
                  0000fcc4    00000a4c                                      : gatt_server.o (.text)
                  00010710    0000094c                                      : ll_common_PATCH.o (.text)
                  0001105c    000008c0                                      : gap_linkmgr.o (.text)
                  0001191c    0000075c                                      : sm_pairing.o (.text)
                  00012078    00000712                                      : ll_slaveEndCauses_PATCH.o (.text)
                  0001278a    00000002     OnBoard.obj (.text:Onboard_soft_reset)
                  0001278c    00000708     CC2640_BLE_peri_HL_CL_FlashROM.a : sm_mgr.o (.text)
                  00012e94    000006d4                                      : ll_sleep.o (.text)
                  00013568    00000690                                      : gap_peridevmgr.o (.text)
                  00013bf8    00000684                                      : l2cap_util.o (.text)
                  0001427c    00000618                                      : ll_config.o (.text)
                  00014894    000005b0                                      : att_util.o (.text)
                  00014e44    00000558                                      : sm_rsppairing.o (.text)
                  0001539c    00000470                                      : ll_isr.o (.text)
                  0001580c    0000039a                                      : smp.o (.text)
                  00015ba6    00000002     hal_assert.obj (.text:halAssertHandler)
                  00015ba8    00000382     CC2640_BLE_peri_HL_CL_FlashROM.a : ble_PATCH.o (.text)
                  00015f2a    00000002     rtsv7M3_T_le_eabi.lib : startup.obj (.text)
                  00015f2c    00000358     CC2640_BLE_peri_HL_CL_FlashROM.a : gap_configmgr.o (.text)
                  00016284    00000334                                      : ll_advEndCauses_PATCH.o (.text)
                  000165b8    00000314                                      : hci_event_PATCH.o (.text)
                  000168cc    00000308                                      : gapgattserver.o (.text)
                  00016bd4    000002fc                                      : gatt_task.o (.text)
                  00016ed0    000002d0                                      : hci_PATCH.o (.text)
                  000171a0    00000294                                      : linkdb.o (.text)
                  00017434    00000284                                      : gap_task.o (.text)
                  000176b8    00000284                                      : l2cap_task.o (.text)
                  0001793c    0000021c     bleDispatch.obj (.text:processICallLL$5)
                  00017b58    000001f4     rtsv7M3_T_le_eabi.lib : ull_div_t2.obj (.text)
                  00017d4c    000001ec     CC2640_BLE_peri_HL_CL_FlashROM.a : att_server.o (.text)
                  00017f38    00000190     gapbondmgr.obj (.text:GAPBondMgr_SetParameter)
                  000180c8    00000184     bleDispatch.obj (.text:processICallGAP$5)
                  0001824c    00000174     gapbondmgr.obj (.text:GAPBondMgr_ProcessGAPMsg)
                  000183c0    0000015e     CC2640_BLE_peri_HL_CL_FlashROM.a : l2cap_if.o (.text)
                  0001851e    00000002     --HOLE-- [fill = 0]
                  00018520    00000140     OSAL.obj (.text:osal_run_system)
                  00018660    0000013e     CC2640_BLE_peri_HL_CL_FlashROM.a : gatt_uuid.o (.text)
                  0001879e    00000002     --HOLE-- [fill = 0]
                  000187a0    00000138                                      : ll_scheduler_PATCH.o (.text)
                  000188d8    00000118     gapbondmgr.obj (.text:gapBondMgrAddBond$16)
                  000189f0    0000010c     CC2640_BLE_peri_HL_CL_FlashROM.a : gap_perilinkmgr.o (.text)
                  00018afc    00000104                                      : sm_task.o (.text)
                  00018c00    000000e8     OSAL_Timers.obj (.text:osalTimerUpdate)
                  00018ce8    000000e4     gapbondmgr.obj (.text:gapBondMgrEraseBonding$16)
                  00018dcc    000000d0     gapbondmgr.obj (.text:GAPBondMgr_LinkEst)
                  00018e9c    000000b8     gapbondmgr.obj (.text:GAPBondMgr_GetParameter)
                  00018f54    000000b8     gapbondmgr.obj (.text:gapBondMgrAuthenticate$16)
                  0001900c    000000b0     osal_snv.obj (.text:compactPage$14)
                  000190bc    000000ae     gapbondmgr.obj (.text:gapBondMgrUpdateCharCfg$16)
                  0001916a    00000002     --HOLE-- [fill = 0]
                  0001916c    000000ac     OSAL.obj (.text:osal_set_event)
                  00019218    000000ac     osal_snv.obj (.text:osal_snv_write)
                  000192c4    000000a8     CC2640_BLE_peri_HL_CL_FlashROM.a : hci_data_PATCH.o (.text)
                  0001936c    00000008     ble_rom_PATCH.symbols (.tramp.LL_CtrlToHostFlowControl.1)
                  00019374    000000a8     osal_snv.obj (.text:initNV$14)
                  0001941c    000000a0     bleDispatch.obj (.text:processICallUTIL$5)
                  000194bc    0000009c     gapbondmgr.obj (.text:GAPBondMgr_ProcessEvent)
                  00019558    0000009c     osal_cbtimer.obj (.text:cbTimerSetup$13)
                  000195f4    0000009c     bleDispatch.obj (.text:processDispGAPProfile$5)
                  00019690    0000009c     rtsv7M3_T_le_eabi.lib : memcpy_t2.obj (.text)
                  0001972c    00000094     osal_cbtimer.obj (.text:osal_CbTimerProcessEvent)
                  000197c0    0000008c     osal_snv.obj (.text:writeItem$14)
                  0001984c    00000088     mb_PATCH.obj (.text:MB_SendCommandSynch)
                  000198d4    00000088     gapbondmgr.obj (.text:gapBondMgr_SyncCharCfg$16)
                  0001995c    00000082     CC2640_BLE_peri_HL_CL_FlashROM.a : gap_devmgr.o (.text)
                  000199de    00000002     --HOLE-- [fill = 0]
                  000199e0    00000080     OSAL_ICallBle.obj (.text:osalInitTasks)
                  00019a60    00000080     bleDispatch.obj (.text:processDispMsg$5)
                  00019ae0    0000007a     rtsv7M3_T_le_eabi.lib : memset_t2.obj (.text)
                  00019b5a    00000002     --HOLE-- [fill = 0]
                  00019b5c    00000078     CC2640_BLE_HCI_TL_None.a : hci_tl.o (.text)
                  00019bd4    00000078     driverlib.lib : interrupt.obj (.text:NOROM_IntDisable)
                  00019c4c    00000078                   : interrupt.obj (.text:NOROM_IntEnable)
                  00019cc4    00000070     rtsv7M3_T_le_eabi.lib : autoinit.obj (.text)
                  00019d34    0000006c     mb_PATCH.obj (.text:MB_EnableInts)
                  00019da0    0000006c     bleDispatch.obj (.text:bleDispatch_ProcessEvent)
                  00019e0c    0000006a     rtsv7M3_T_le_eabi.lib : copy_decompress_rle.obj (.text)
                  00019e76    00000002     --HOLE-- [fill = 0]
                  00019e78    00000068     gapbondmgr.obj (.text:gapBondMgrBondReq$16)
                  00019ee0    00000068     OSAL.obj (.text:osal_msg_receive)
                  00019f48    00000068     OSAL_PwrMgr.obj (.text:osal_pwrmgr_task_state)
                  00019fb0    00000062     bleDispatch.obj (.text:processICallMsg$5)
                  0001a012    00000002     --HOLE-- [fill = 0]
                  0001a014    00000060     OSAL.obj (.text:osal_msg_send)
                  0001a074    0000005e     OSAL.obj (.text:osal_msg_enqueue_push$7)
                  0001a0d2    00000002     --HOLE-- [fill = 0]
                  0001a0d4    00000058     gapbondmgr.obj (.text:gapBondMgrReadBonds$16)
                  0001a12c    00000058     osal_cbtimer.obj (.text:osal_CbTimerStop)
                  0001a184    00000058     bleDispatch.obj (.text:processDispGSA$5)
                  0001a1dc    00000058     osal_snv.obj (.text:writeWord$14)
                  0001a234    00000056     gapbondmgr.obj (.text:GAPBondMgr_ResolveAddr)
                  0001a28a    00000054     bleDispatch.obj (.text:processICallHost$5)
                  0001a2de    00000002     --HOLE-- [fill = 0]
                  0001a2e0    00000054     bleDispatch.obj (.text:sendGapCmdStatus$5)
                  0001a334    00000054     bleUserConfig.obj (.text:setBleUserConfig)
                  0001a388    00000050     gapbondmgr.obj (.text:GAPBondMgr_LinkTerm)
                  0001a3d8    00000050     osal_bufmgr.obj (.text:osal_bm_free)
                  0001a428    0000004c     mb_PATCH.obj (.text:MB_Init)
                  0001a474    0000004c     bleDispatch.obj (.text:processDispGATTProfile$5)
                  0001a4c0    0000004c     rtsv7M3_T_le_eabi.lib : cpy_tbl.obj (.text)
                  0001a50c    0000004a     osal_snv.obj (.text:findItem$14)
                  0001a556    00000002     --HOLE-- [fill = 0]
                  0001a558    00000048     mb_PATCH.obj (.text:MB_SendCommand)
                  0001a5a0    00000048     osal_snv.obj (.text:erasePage$14)
                  0001a5e8    00000048     OSAL_Timers.obj (.text:osalAddTimer)
                  0001a630    00000048     osal_snv.obj (.text:xferItem$14)
                  0001a678    00000044     mb_PATCH.obj (.text:MB_DisableInts)
                  0001a6bc    00000044     OSAL_ICallBle.obj (.text:stack_main)
                  0001a700    00000044     osal_snv.obj (.text:verifyWordM$14)
                  0001a744    00000042     gapbondmgr.obj (.text:GAPBondMgr_UpdateCharCfg)
                  0001a786    00000002     --HOLE-- [fill = 0]
                  0001a788    00000040     hal_trng_wrapper.obj (.text:HalTRNG_GetTRNG)
                  0001a7c8    00000040     OSAL.obj (.text:ICall_setTimer$7)
                  0001a808    00000040     OSAL.obj (.text:ICall_setTimerMSecs$7)
                  0001a848    00000040     OSAL_Clock.obj (.text:osalClockUpdate$8)
                  0001a888    0000003e     gapbondmgr.obj (.text:GAPBondMgr_CheckNVLen)
                  0001a8c6    0000003e     gapbondmgr.obj (.text:gapBondMgrResolvePrivateAddr$16)
                  0001a904    0000003c     gap.obj (.text:GAP_DeviceInit)
                  0001a940    0000003c     mb_PATCH.obj (.text:MB_EnableHWInts)
                  0001a97c    0000003c     bleDispatch.obj (.text:checkNVLen$5)
                  0001a9b8    0000003c     osal_bufmgr.obj (.text:osal_bm_alloc)
                  0001a9f4    0000003c     OSAL.obj (.text:osal_msg_extract)
                  0001aa30    0000003c     OSAL_Timers.obj (.text:osal_start_reload_timer)
                  0001aa6c    0000003a     bleDispatch.obj (.text:processICallATT$5)
                  0001aaa6    00000002     --HOLE-- [fill = 0]
                  0001aaa8    00000038     OSAL_ICallBle.obj (.text:ICall_enrollService$20)
                  0001aae0    00000038     OSAL.obj (.text:osal_msg_enqueue)
                  0001ab18    00000034     gattservapp_util.obj (.text:GATTServApp_InitCharCfg)
                  0001ab4c    00000034     OSAL.obj (.text:ICall_fetchMsg$7)
                  0001ab80    00000034     OSAL.obj (.text:ICall_send$7)
                  0001abb4    00000034     mb_PATCH.obj (.text:mbCpe0Isr)
                  0001abe8    00000034     mb_PATCH.obj (.text:mbCpe1Isr)
                  0001ac1c    00000034     mb_PATCH.obj (.text:mbHwIsr)
                  0001ac50    00000034     OSAL.obj (.text:osal_clear_event)
                  0001ac84    00000034     OSAL.obj (.text:osal_init_system)
                  0001acb8    00000034     OSAL_Timers.obj (.text:osal_start_timerEx)
                  0001acec    00000034     OSAL_Timers.obj (.text:osal_stop_timerEx)
                  0001ad20    00000030     CommonROM_Init.obj (.text:CommonROM_Init)
                  0001ad50    00000030     gapbondmgr.obj (.text:GAPBondMgr_PasscodeRsp)
                  0001ad80    00000030     hal_flash_wrapper.obj (.text:HalFlashRead)
                  0001adb0    00000030     ROM_Init.obj (.text:ROM_Init)
                  0001ade0    00000030     osal_snv.obj (.text:findOffset$14)
                  0001ae10    00000030     gapbondmgr.obj (.text:gapBondMgr_SyncWhiteList$16)
                  0001ae40    00000030     OSAL.obj (.text:osal_alien2proxy$7)
                  0001ae70    00000030     osal_snv.obj (.text:osal_snv_read)
                  0001aea0    0000002e     OSAL.obj (.text:osal_build_uint32)
                  0001aece    00000002     --HOLE-- [fill = 0]
                  0001aed0    0000002c     mb_PATCH.obj (.text:ICall_registerISR_Ext$4)
                  0001aefc    0000002c     bleDispatch.obj (.text:bleDispatch_BMAlloc)
                  0001af28    0000002c     osal_snv.obj (.text:disableCache$14)
                  0001af54    0000002c     gapbondmgr.obj (.text:gapBondMgrFindAddr$16)
                  0001af80    0000002c     gapbondmgr.obj (.text:gapBondMgrFindEmpty$16)
                  0001afac    0000002c     gapbondmgr.obj (.text:gapBondMgrFindReconnectAddr$16)
                  0001afd8    0000002c     gapbondmgr.obj (.text:gapBondMgrGetPublicAddr$16)
                  0001b004    0000002c     OSAL_Timers.obj (.text:osal_get_timeoutEx)
                  0001b030    0000002c     OSAL.obj (.text:osal_msec_timer_cback$7)
                  0001b05c    0000002c     bleDispatch.obj (.text:processDispGGS$5)
                  0001b088    0000002a     bleDispatch.obj (.text:processICallGATT$5)
                  0001b0b2    00000002     --HOLE-- [fill = 0]
                  0001b0b4    00000028     OSAL_MemoryICall.obj (.text:ICall_malloc$9)
                  0001b0dc    00000028     bleDispatch.obj (.text:buildRevision$5)
                  0001b104    00000028     gapbondmgr.obj (.text:gapBondMgrBondTotal$16)
                  0001b12c    00000028     gapbondmgr.obj (.text:gapBondMgr_ProcessOSALMsg$16)
                  0001b154    00000028     gattservapp_util.obj (.text:gattServApp_FindCharCfgItem$17)
                  0001b17c    00000028     OSAL_Clock.obj (.text:osalAdjustTimer)
                  0001b1a4    00000028     osal_bufmgr.obj (.text:osal_bm_adjust_header)
                  0001b1cc    00000028     OSAL_Timers.obj (.text:osal_next_timeout)
                  0001b1f4    00000028     OSAL.obj (.text:osal_prepare_svc_enroll$7)
                  0001b21c    00000028     osal_snv.obj (.text:osal_snv_compact)
                  0001b244    00000028     osal_snv.obj (.text:setActivePage$14)
                  0001b26c    00000026     driverlib.lib : trng.obj (.text:NOROM_TRNGConfigure)
                  0001b292    00000026     gapbondmgr.obj (.text:gapBondMgrGetStateFlags$16)
                  0001b2b8    00000024     OSAL.obj (.text:ICall_wait$7)
                  0001b2dc    00000024     mb_PATCH.obj (.text:MB_ClearInts)
                  0001b300    00000024     osal_bufmgr.obj (.text:bm_desc_from_payload$12)
                  0001b324    00000024     OSAL.obj (.text:osal_dispatch2id$7)
                  0001b348    00000024     OSAL.obj (.text:osal_msg_allocate)
                  0001b36c    00000024     OSAL.obj (.text:osal_msg_push)
                  0001b390    00000024     OSAL.obj (.text:osal_service_entry)
                  0001b3b4    00000020     hal_trng_wrapper.obj (.text:HalTRNG_InitTRNG)
                  0001b3d4    00000020     mb_PATCH.obj (.text:ICall_disableInt$4)
                  0001b3f4    00000020     mb_PATCH.obj (.text:ICall_enableInt$4)
                  0001b414    00000020     OSAL_MemoryICall.obj (.text:ICall_free$9)
                  0001b434    00000020     OSAL.obj (.text:ICall_getMaxMSecs$7)
                  0001b454    00000020     OSAL.obj (.text:ICall_getTickPeriod$7)
                  0001b474    00000020     OSAL.obj (.text:ICall_getTicks$7)
                  0001b494    00000020     OSAL_PwrMgr.obj (.text:ICall_pwrUpdActivityCounter$10)
                  0001b4b4    00000020     OSAL.obj (.text:ICall_signal$7)
                  0001b4d4    00000020     OSAL.obj (.text:ICall_stopTimer$7)
                  0001b4f4    00000020     gapbondmgr.obj (.text:gapBondFreeAuthEvt$16)
                  0001b514    00000020     mb_PATCH.obj (.text:mbCmdAckIsr)
                  0001b534    00000020     OSAL_Timers.obj (.text:osalFindTimer)
                  0001b554    00000020     OSAL.obj (.text:osal_memcmp)
                  0001b574    00000020     OSAL.obj (.text:osal_msg_deallocate)
                  0001b594    00000020     OSAL.obj (.text:osal_start_system)
                  0001b5b4    0000001e     driverlib.lib : flash.obj (.text:NOROM_FlashProgram)
                  0001b5d2    0000001e                   : flash.obj (.text:NOROM_FlashSectorErase)
                  0001b5f0    0000001e     gapbondmgr.obj (.text:gapBondMgrInvertCharCfgItem$16)
                  0001b60e    0000001e     gapbondmgr.obj (.text:gapBondSetupPrivFlag$16)
                  0001b62c    0000001c     gapbondmgr.obj (.text:GAPBondMgr_Register)
                  0001b648    0000001c     OSAL_ICallBle.obj (.text:ICall_abort$20)
                  0001b664    0000001c     OSAL.obj (.text:ICall_abort$7)
                  0001b680    0000001c     osal_snv.obj (.text:enableCache$14)
                  0001b69c    0000001c     gapbondmgr.obj (.text:gapBondMgrSlaveSecurityReq$16)
                  0001b6b8    0000001c     osal_cbtimer.obj (.text:osal_CbTimerInit)
                  0001b6d4    0000001c     OSAL.obj (.text:osal_memdup)
                  0001b6f0    0000001c     OSAL.obj (.text:osal_proxy2alien$7)
                  0001b70c    0000001c     OSAL.obj (.text:osal_revmemcpy)
                  0001b728    0000001c     osal_snv.obj (.text:osal_snv_init)
                  0001b744    0000001c     osal_snv.obj (.text:setXferPage$14)
                  0001b760    0000001a     hal_flash_wrapper.obj (.text:HalFlashGetAddress)
                  0001b77a    0000001a     OSAL.obj (.text:osal_isbufset)
                  0001b794    00000018     bleDispatch.obj (.text:bleDispatch_BMFree)
                  0001b7ac    00000018     gapbondmgr.obj (.text:gapBondMgrFindCharCfgItem$16)
                  0001b7c4    00000018     OSAL.obj (.text:osal_buffer_uint32)
                  0001b7dc    00000018     OSAL.obj (.text:osal_memcpy)
                  0001b7f4    00000018     rtsv7M3_T_le_eabi.lib : ll_mul_t2.obj (.text)
                  0001b80c    00000016     driverlib.lib : vims.obj (.text:NOROM_VIMSModeGet)
                  0001b822    00000016     ROM_Init.obj (.text:ROM_Spinlock)
                  0001b838    00000016     gapbondmgr.obj (.text:gapBondMgrEraseAllBondings$16)
                  0001b84e    00000002     --HOLE-- [fill = 0]
                  0001b850    00000014     OSAL.obj (.text:osal_enroll_dispatchid)
                  0001b864    00000014     bleDispatch.obj (.text:processICallL2CAP$5)
                  0001b878    00000014     rtsv7M3_T_le_eabi.lib : strlen.obj (.text)
                  0001b88c    00000012     gapbondmgr.obj (.text:gapBondMgr_ProcessGATTServMsg$16)
                  0001b89e    00000010     gattservapp_util.obj (.text:GATTServApp_ReadCharCfg)
                  0001b8ae    00000010     ROM_Init.obj (.text:IntMasterDisable$21)
                  0001b8be    00000010     ROM_Init.obj (.text:IntMasterEnable$21)
                  0001b8ce    00000010     OnBoard.obj (.text:Onboard_rand)
                  0001b8de    00000002     --HOLE-- [fill = 0]
                  0001b8e0    00000008     ble_rom_PATCH.symbols (.tramp.LL_PseudoRand.1)
                  0001b8e8    00000010     OSAL.obj (.text:osal_enroll_senderid)
                  0001b8f8    00000010     OSAL_PwrMgr.obj (.text:osal_pwrmgr_init)
                  0001b908    0000000e     rtsv7M3_T_le_eabi.lib : copy_decompress_none.obj (.text:decompress:none)
                  0001b916    00000002     --HOLE-- [fill = 0]
                  0001b918    0000000c     gapbondmgr.obj (.text:GAPBondMgr_Init)
                  0001b924    0000000c     driverlib.lib : cpu.obj (.text:NOROM_CPUcpsid)
                  0001b930    0000000c                   : cpu.obj (.text:NOROM_CPUcpsie)
                  0001b93c    0000000c     bleDispatch.obj (.text:bleDispatch_Init)
                  0001b948    0000000c     gapbondmgr.obj (.text:gapBondMgr_ProcessGATTMsg$16)
                  0001b954    0000000c     OSAL_Timers.obj (.text:osalTimerInit)
                  0001b960    0000000c     osal_cbtimer.obj (.text:osal_CbTimerStart)
                  0001b96c    0000000c     OSAL.obj (.text:osal_self)
                  0001b978    0000000a     hal_flash_wrapper.obj (.text:HalFlashWrite)
                  0001b982    00000008     OSAL_Timers.obj (.text:osalDeleteTimer)
                  0001b98a    00000006     rtsv7M3_T_le_eabi.lib : copy_decompress_rle.obj (.text:decompress:rle24)
                  0001b990    00000004     OSAL.obj (.text:osal_memset)
                  0001b994    00000004     OSAL.obj (.text:osal_strlen)
                  0001b998    00000004     bleDispatch.obj (.text:processDispGeneral$5)
                  0001b99c    00000008     ble_rom_PATCH.symbols (.tramp.HCI_HostNumCompletedPktCmd.1)
                  0001b9a4    00000008     ble_rom_PATCH.symbols (.tramp.HCI_HostBufferSizeCmd.1)
                  0001b9ac    00000008     ble_rom_PATCH.symbols (.tramp.HCI_SetControllerToHostFlowCtrlCmd.1)
                  0001b9b4    00000008     ble_rom_PATCH.symbols (.tramp.HCI_ReadRemoteVersionInfoCmd.1)
                  0001b9bc    00000008     ble_rom_PATCH.symbols (.tramp.HCI_SetEventMaskCmd.1)
                  0001b9c4    00000008     ble_rom_PATCH.symbols (.tramp.HCI_ReadTransmitPowerLevelCmd.1)
                  0001b9cc    00000008     ble_rom_PATCH.symbols (.tramp.HCI_ReadLocalSupportedFeaturesCmd.1)
                  0001b9d4    00000008     ble_rom_PATCH.symbols (.tramp.HCI_ReadRssiCmd.1)
                  0001b9dc    00000008     ble_rom_PATCH.symbols (.tramp.HCI_LE_ReadLocalSupportedFeaturesCmd.1)
                  0001b9e4    00000008     ble_rom_PATCH.symbols (.tramp.HCI_LE_ReadAdvChanTxPowerCmd.1)
                  0001b9ec    00000008     ble_rom_PATCH.symbols (.tramp.HCI_LE_ReadWhiteListSizeCmd.1)
                  0001b9f4    00000008     ble_rom_PATCH.symbols (.tramp.HCI_LE_ClearWhiteListCmd.1)
                  0001b9fc    00000008     ble_rom_PATCH.symbols (.tramp.HCI_LE_AddWhiteListCmd.1)
                  0001ba04    00000008     ble_rom_PATCH.symbols (.tramp.HCI_LE_RemoveWhiteListCmd.1)
                  0001ba0c    00000008     ble_rom_PATCH.symbols (.tramp.HCI_LE_ReadChannelMapCmd.1)
                  0001ba14    00000008     ble_rom_PATCH.symbols (.tramp.HCI_LE_EncryptCmd.1)
                  0001ba1c    00000008     ble_rom_PATCH.symbols (.tramp.HCI_LE_ReadSupportedStatesCmd.1)
                  0001ba24    00000008     ble_rom_PATCH.symbols (.tramp.HCI_LE_TestEndCmd.1)
                  0001ba2c    00000008     ble_rom_PATCH.symbols (.tramp.HCI_EXT_SetTxPowerCmd.1)
                  0001ba34    00000008     ble_rom_PATCH.symbols (.tramp.HCI_EXT_OnePktPerEvtCmd.1)
                  0001ba3c    00000008     ble_rom_PATCH.symbols (.tramp.HCI_EXT_DecryptCmd.1)
                  0001ba44    00000008     ble_rom_PATCH.symbols (.tramp.HCI_EXT_SetLocalSupportedFeaturesCmd.1)
                  0001ba4c    00000008     ble_rom_PATCH.symbols (.tramp.HCI_EXT_SetFastTxResponseTimeCmd.1)
                  0001ba54    00000008     ble_rom_PATCH.symbols (.tramp.HCI_EXT_ModemTestTxCmd.1)
                  0001ba5c    00000008     ble_rom_PATCH.symbols (.tramp.HCI_EXT_ModemHopTestTxCmd.1)
                  0001ba64    00000008     ble_rom_PATCH.symbols (.tramp.HCI_EXT_ModemTestRxCmd.1)
                  0001ba6c    00000008     ble_rom_PATCH.symbols (.tramp.HCI_EXT_EndModemTestCmd.1)
                  0001ba74    00000008     ble_rom_PATCH.symbols (.tramp.HCI_EXT_SetBDADDRCmd.1)
                  0001ba7c    00000008     ble_rom_PATCH.symbols (.tramp.HCI_EXT_SetSCACmd.1)
                  0001ba84    00000008     ble_rom_PATCH.symbols (.tramp.HCI_EXT_EnablePTMCmd.1)
                  0001ba8c    00000008     ble_rom_PATCH.symbols (.tramp.HCI_EXT_SetMaxDtmTxPowerCmd.1)
                  0001ba94    00000008     ble_rom_PATCH.symbols (.tramp.HCI_EXT_DisconnectImmedCmd.1)
                  0001ba9c    00000008     ble_rom_PATCH.symbols (.tramp.HCI_EXT_PacketErrorRateCmd.1)
                  0001baa4    00000008     ble_rom_PATCH.symbols (.tramp.HCI_EXT_PERbyChanCmd.1)
                  0001baac    00000008     ble_rom_PATCH.symbols (.tramp.HCI_EXT_AdvEventNoticeCmd.1)
                  0001bab4    00000008     ble_rom_PATCH.symbols (.tramp.HCI_EXT_SetSlaveLatencyOverrideCmd.1)
                  0001babc    00000008     ble_rom_PATCH.symbols (.tramp.HCI_EXT_BuildRevisionCmd.1)
                  0001bac4    00000008     ble_rom_PATCH.symbols (.tramp.HCI_EXT_NumComplPktsLimitCmd.1)
                  0001bacc    00000008     ble_rom_PATCH.symbols (.tramp.LL_ReadLocalVersionInfo.1)
                  0001bad4    00000008     ble_rom_PATCH.symbols (.tramp.LL_EXT_ResetSystem.1)
                  0001badc    00000008     ble_rom_PATCH.symbols (.tramp.HCI_CommandStatusEvent.1)
                  0001bae4    00000008     ble_rom_PATCH.symbols (.tramp.HCI_CommandCompleteEvent.1)
                  0001baec    00000008     ble_rom_PATCH.symbols (.tramp.HCI_SendCommandCompleteEvent.1)
                  0001baf4    00000008     ble_rom_PATCH.symbols (.tramp.llCalcScaFactor.1)
                  0001bafc    00000008     ble_rom_PATCH.symbols (.tramp.HCI_LE_SetRandomAddressCmd.1)
                  0001bb04    00000008     ble_rom_PATCH.symbols (.tramp.HCI_ReadBDADDRCmd.1)
                  0001bb0c    00000008     ble_rom_PATCH.symbols (.tramp.llGetNumTxDataEntries.1)
                  0001bb14    00000008     ble_rom_PATCH.symbols (.tramp.LL_ENC_GenDeviceIV.1)
                  0001bb1c    00000008     ble_rom_PATCH.symbols (.tramp.LL_ENC_GenDeviceSKD.1)
                  0001bb24    00000008     ble_rom_PATCH.symbols (.tramp.LL_ENC_ReverseBytes.1)
                  0001bb2c    00000008     ble_rom_PATCH.symbols (.tramp.llMemCopySrc.1)
                  0001bb34    00000008     ble_rom_PATCH.symbols (.tramp.LL_ENC_Decrypt.1)
                  0001bb3c    00000008     ble_rom_PATCH.symbols (.tramp.HCI_LE_LtkReqNegReplyCmd.1)
                  0001bb44    00000008     ble_rom_PATCH.symbols (.tramp.HCI_LE_LtkReqReplyCmd.1)
                  0001bb4c    00000008     ble_rom_PATCH.symbols (.tramp.HCI_SendDataPkt.1)
                  0001bb54    00000008     ble_rom_PATCH.symbols (.tramp.HCI_LE_SetAdvParamCmd.1)
                  0001bb5c    00000008     ble_rom_PATCH.symbols (.tramp.HCI_LE_SetAdvEnableCmd.1)
                  0001bb64    00000008     ble_rom_PATCH.symbols (.tramp.HCI_LE_SetScanRspDataCmd.1)
                  0001bb6c    00000008     ble_rom_PATCH.symbols (.tramp.HCI_LE_SetAdvDataCmd.1)
                  0001bb74    00000008     ble_rom_PATCH.symbols (.tramp.llPatchCM0.1)
                  0001bb7c    00000008     ble_rom_PATCH.symbols (.tramp.LL_Encrypt.1)
                  0001bb84    00000008     ble_rom_PATCH.symbols (.tramp.HCI_LE_RandCmd.1)
                  0001bb8c    00000008     ble_rom_PATCH.symbols (.tramp.llMoveTempTxDataEntries.1)
                  0001bb94    00000008     ble_rom_PATCH.symbols (.tramp.llSetupVersionIndReq.1)
                  0001bb9c    00000008     ble_rom_PATCH.symbols (.tramp.LL_ReadRemoteVersionInfoCback.1)
                  0001bba4    00000008     ble_rom_PATCH.symbols (.tramp.llSetupPauseEncRsp.1)
                  0001bbac    00000008     ble_rom_PATCH.symbols (.tramp.llSetupStartEncRsp.1)
                  0001bbb4    00000008     ble_rom_PATCH.symbols (.tramp.LL_EncChangeCback.1)
                  0001bbbc    00000008     ble_rom_PATCH.symbols (.tramp.LL_EncKeyRefreshCback.1)
                  0001bbc4    00000008     ble_rom_PATCH.symbols (.tramp.LL_ENC_AES128_Encrypt.1)
                  0001bbcc    00000008     ble_rom_PATCH.symbols (.tramp.llSetupStartEncReq.1)
                  0001bbd4    00000008     ble_rom_PATCH.symbols (.tramp.llSetupEncRsp.1)
                  0001bbdc    00000008     ble_rom_PATCH.symbols (.tramp.LL_EncLtkReqCback.1)
                  0001bbe4    00000008     ble_rom_PATCH.symbols (.tramp.llSetupUnknownRsp.1)
                  0001bbec    00000008     ble_rom_PATCH.symbols (.tramp.llConvertCtrlProcTimeoutToEvent.1)
                  0001bbf4    00000008     ble_rom_PATCH.symbols (.tramp.llConvertLstoToEvent.1)
                  0001bbfc    00000008     ble_rom_PATCH.symbols (.tramp.llEventInRange.1)
                  0001bc04    00000008     ble_rom_PATCH.symbols (.tramp.llCheckForLstoDuringSL.1)
                  0001bc0c    00000008     ble_rom_PATCH.symbols (.tramp.llConnTerminate.1)
                  0001bc14    00000008     ble_rom_PATCH.symbols (.tramp.HCI_DisconnectCmd.1)
                  0001bc1c    00000008     ble_rom_PATCH.symbols (.tramp.llSetupRejectInd.1)
                  0001bc24    00000008     ble_rom_PATCH.symbols (.tramp.llTimeDelta.1)
                  0001bc2c    00000008     ble_rom_PATCH.symbols (.tramp.LL_RX_bm_alloc.1)
                  0001bc34    00000008     ble_rom_PATCH.symbols (.tramp.HCI_bm_alloc.1)
                  0001bc3c    00000008     ble_rom_PATCH.symbols (.tramp.llTimeCompare.1)
                  0001bc44    00000008     ble_rom_PATCH.symbols (.tramp.llReleaseConnId.1)
                  0001bc4c    00000008     ble_rom_PATCH.symbols (.tramp.LL_ENC_Encrypt.1)
                  0001bc54    00000008     ble_rom_PATCH.symbols (.tramp.LL_TX_bm_alloc.1)
                  0001bc5c    00000008     ble_rom_PATCH.symbols (.tramp.llEventDelta.1)
                  0001bc64    00000008     ble_rom_PATCH.symbols (.tramp.llFreeTask.1)
                  0001bc6c    00000008     ble_rom_PATCH.symbols (.tramp.llGetNumTasks.1)
                  0001bc74    00000008     ble_rom_PATCH.symbols (.tramp.llScheduler.1)
                  0001bc7c    00000008     ble_rom_PATCH.symbols (.tramp.llSetupAdv.1)
                  0001bc84    00000008     ble_rom_PATCH.symbols (.tramp.llGetActiveTasks.1)
                  0001bc8c    00000008     ble_rom_PATCH.symbols (.tramp.LL_DirectTestEndDoneCback.1)
                  0001bc94    00000008     ble_rom_PATCH.symbols (.tramp.llRfStartFS.1)
                  0001bc9c    00000008     ble_rom_PATCH.symbols (.tramp.llWriteTxData.1)
                  0001bca4    00000008     ble_rom_PATCH.symbols (.tramp.HCI_DataBufferOverflowEvent.1)
                  0001bcac    00000008     ble_rom_PATCH.symbols (.tramp.llEnqueueCtrlPkt.1)
                  0001bcb4    00000008     ble_rom_PATCH.symbols (.tramp.LL_ConnActive.1)
                  0001bcbc    00000008     ble_rom_PATCH.symbols (.tramp.llReleaseAllConnId.1)
                  0001bcc4    00000008     ble_rom_PATCH.symbols (.tramp.LL_ClearWhiteList.1)
                  0001bccc    00000008     ble_rom_PATCH.symbols (.tramp.LL_ENC_Init.1)
                  0001bcd4    00000008     ble_rom_PATCH.symbols (.tramp.WL_Init.1)
                  0001bcdc    00000008     ble_rom_PATCH.symbols (.tramp.llHaltRadio.1)
                  0001bce4    00000008     ble_rom_PATCH.symbols (.tramp.HCI_HardwareErrorEvent.1)
                  0001bcec    00000008     ble_rom_PATCH.symbols (.tramp.LL_ConnectionCompleteCback.1)
                  0001bcf4    00000008     ble_rom_PATCH.symbols (.tramp.llGetCurrentTask.1)
                  0001bcfc    00000008     ble_rom_PATCH.symbols (.tramp.LL_ENC_GenerateTrueRandNum.1)
                  0001bd04    00000008     ble_rom_PATCH.symbols (.tramp.llInitRAT.1)
                  0001bd0c    00000008     ble_rom_PATCH.symbols (.tramp.llGetCurrentTime.1)
                  0001bd14    00000008     ble_rom_PATCH.symbols (.tramp.llSetupRfHal.1)
                  0001bd1c    00000008     ble_rom_PATCH.symbols (.tramp.llSetupMailbox.1)
                  0001bd24    00000008     ble_rom_PATCH.symbols (.tramp.llResetRadio.1)

.const     0    0001bd2c    00000798     
                  0001bd2c    00000664     ROM_Init.obj (.const:$O12$$)
                  0001c390    0000010c     CommonROM_Init.obj (.const:$O10$$)
                  0001c49c    00000028     OSAL_ICallBle.obj (.const:tasksArr)

.rodata    0    0001c4c4    0000006e     
                  0001c4c4    0000005c     CC2640_BLE_peri_HL_CL_FlashROM.a : ll_config.o (.rodata)
                  0001c520    00000008                                      : gapgattserver.o (.rodata)
                  0001c528    00000008                                      : gattservapp.o (.rodata)
                  0001c530    00000002                                      : ll_PATCH.o (.rodata)

.cinit     0    0001c538    0000018c     
                  0001c538    00000150     (.cinit..data.load) [load image, compression = rle]
                  0001c688    0000000b     (.cinit..bss.load) [load image, compression = rle]
                  0001c693    00000005     --HOLE-- [fill = 0]
                  0001c698    00000009     (.cinit..TI.bound:mbIntCbackTable.load) [load image, compression = rle]
                  0001c6a1    00000003     --HOLE-- [fill = 0]
                  0001c6a4    00000008     (__TI_handler_table)
                  0001c6ac    00000018     (__TI_cinit_table)

.init_array 
*          0    0000e000    00000000     UNINITIALIZED

.TI.bound:SNV_FLASH 
*          0    0001d000    00002000     
                  0001d000    00002000     osal_snv.obj (.TI.bound:SNV_FLASH)

.data      0    200043e8    00000360     UNINITIALIZED
                  200043e8    000000cc     gapbondmgr.obj (.data:$O9$$)
                  200044b4    0000007c     osal_cbtimer.obj (.data:$O7$$)
                  20004530    00000070     CC2640_BLE_peri_HL_CL_FlashROM.a : gapgattserver.o (.data)
                  200045a0    00000050                                      : gap_configmgr.o (.data)
                  200045f0    0000003c                                      : ll_sleep.o (.data)
                  2000462c    0000002c     OSAL.obj (.data:$O3$$)
                  20004658    0000002c     CC2640_BLE_peri_HL_CL_FlashROM.a : gap_configmgr.o (.data)
                  20004684    00000024                                      : gapgattserver.o (.data)
                  200046a8    0000001c                                      : gap_linkmgr.o (.data)
                  200046c4    0000001c                                      : gap_peridevmgr.o (.data)
                  200046e0    00000010                                      : gattservapp.o (.data)
                  200046f0    00000010                                      : ll_config.o (.data)
                  20004700    0000000c                                      : gap_task.o (.data)
                  2000470c    0000000c                                      : ll_common_PATCH.o (.data)
                  20004718    0000000c                                      : sm_rsppairing.o (.data)
                  20004724    00000008     OSAL_Clock.obj (.data:$O4$$)
                  2000472c    00000008     CC2640_BLE_peri_HL_CL_FlashROM.a : gatt_server.o (.data)
                  20004734    00000004     OSAL_PwrMgr.obj (.data:$O5$$)
                  20004738    00000004     CC2640_BLE_peri_HL_CL_FlashROM.a : gap_perilinkmgr.o (.data)
                  2000473c    00000004     osal_bufmgr.obj (.data)
                  20004740    00000002     CC2640_BLE_peri_HL_CL_FlashROM.a : l2cap_task.o (.data)
                  20004742    00000001                                      : gapgattserver.o (.data)
                  20004743    00000001                                      : gapgattserver.o (.data)
                  20004744    00000001                                      : gapgattserver.o (.data)
                  20004745    00000001                                      : gatt_server.o (.data)
                  20004746    00000001                                      : gatt_task.o (.data)
                  20004747    00000001                                      : gattservapp.o (.data)

.bss       0    20004748    00000174     UNINITIALIZED
                  20004748    0000003c     bleDispatch.obj (.bss:$O2$$)
                  20004784    00000038     CC2640_BLE_peri_HL_CL_FlashROM.a : linkdb.o (.bss)
                  200047bc    00000030                                      : l2cap_task.o (.bss)
                  200047ec    00000020                                      : gattservapp.o (.bss)
                  2000480c    00000018                                      : ll_sleep.o (.bss)
                  20004824    00000010                                      : hci_event_PATCH.o (.bss)
                  20004834    00000010                                      : ll_PATCH.o (.bss)
                  20004844    0000000c     ICall_startup.obj (.bss:$O11$$)
                  20004850    0000000c     CC2640_BLE_peri_HL_CL_FlashROM.a : sm_pairing.o (.bss)
                  2000485c    00000008     OSAL_Timers.obj (.bss:$O6$$)
                  20004864    00000008     osal_snv.obj (.bss:$O8$$)
                  2000486c    00000008     CC2640_BLE_peri_HL_CL_FlashROM.a : gatt_task.o (.bss)
                  20004874    00000008                                      : gattservapp.o (.bss)
                  2000487c    00000008                                      : l2cap_task.o (.bss)
                  20004884    00000006     CC2640_BLE_HCI_TL_None.a : hci_tl.o (.bss)
                  2000488a    00000002     CC2640_BLE_peri_HL_CL_FlashROM.a : gap_peridevmgr.o (.bss)
                  2000488c    00000004                                      : att_server.o (.bss)
                  20004890    00000004                                      : gap_devmgr.o (.bss)
                  20004894    00000004                                      : gap_devmgr.o (.bss)
                  20004898    00000004                                      : gap_linkmgr.o (.bss)
                  2000489c    00000004                                      : gapgattserver.o (.bss)
                  200048a0    00000004                                      : gatt_server.o (.bss)
                  200048a4    00000004                                      : gattservapp.o (.bss)
                  200048a8    00000004                                      : sm_mgr.o (.bss)
                  200048ac    00000004     hal_trng_wrapper.obj (.bss)
                  200048b0    00000004     (.common:tasksEvents)
                  200048b4    00000002     CC2640_BLE_peri_HL_CL_FlashROM.a : gatt_task.o (.bss)
                  200048b6    00000002                                      : ll_slaveEndCauses_PATCH.o (.bss)
                  200048b8    00000001                                      : l2cap_if.o (.bss)
                  200048b9    00000001                                      : l2cap_util.o (.bss)
                  200048ba    00000001                                      : ll_sleep.o (.bss)
                  200048bb    00000001                                      : sm_task.o (.bss)

.TI.bound:mbIntCbackTable 
*          0    20004fec    00000010     UNINITIALIZED
                  20004fec    00000010     mb_PATCH.obj (.TI.bound:mbIntCbackTable)

MODULE SUMMARY

       Module                      code    ro data   rw data
       ------                      ----    -------   -------
    .\HAL\Common\
       hal_assert.obj              2       0         0      
    +--+---------------------------+-------+---------+---------+
       Total:                      2       0         0      
                                                            
    .\HAL\Target\CC2650\Drivers\
       hal_trng_wrapper.obj        96      0         4      
       hal_flash_wrapper.obj       84      0         0      
    +--+---------------------------+-------+---------+---------+
       Total:                      180     0         4      
                                                            
    .\HAL\Target\CC2650\_common\
       mb_PATCH.obj                852     0         16     
    +--+---------------------------+-------+---------+---------+
       Total:                      852     0         16     
                                                            
    .\ICallBLE\
       bleDispatch.obj             2258    0         60     
    +--+---------------------------+-------+---------+---------+
       Total:                      2258    0         60     
                                                            
    .\OSAL\
       osal_snv.obj                1334    8192      8      
       OSAL.obj                    2094    0         44     
       OSAL_Timers.obj             604     0         8      
       osal_cbtimer.obj            432     0         124    
       osal_bufmgr.obj             216     0         4      
       OSAL_PwrMgr.obj             152     0         4      
       OSAL_Clock.obj              104     0         8      
       OSAL_MemoryICall.obj        72      0         0      
    +--+---------------------------+-------+---------+---------+
       Total:                      5008    8192      200    
                                                            
    .\PROFILES\
       gapbondmgr.obj              3496    0         204    
       gattservapp_util.obj        108     0         0      
       gap.obj                     60      0         0      
    +--+---------------------------+-------+---------+---------+
       Total:                      3664    0         204    
                                                            
    .\Startup\
       ROM_Init.obj                102     1636      0      
       OSAL_ICallBle.obj           280     40        0      
       CommonROM_Init.obj          48      268       0      
       bleUserConfig.obj           84      0         0      
       ICall_startup.obj           44      0         12     
    +--+---------------------------+-------+---------+---------+
       Total:                      558     1944      12     
                                                            
    .\TOOLS\
       OnBoard.obj                 18      0         0      
    +--+---------------------------+-------+---------+---------+
       Total:                      18      0         0      
                                                            
    C:\Users\Sadra\AppData\Local\Temp\
       216162                      0       0         4      
    +--+---------------------------+-------+---------+---------+
       Total:                      0       0         4      
                                                            
    C:\Users\Sadra\Desktop\Texas\dev.ti\ble_cc26xx_2_01_00_44423_cloud__win\simplelink\ble_cc26xx_2_01_00_44423_cloud\Projects\common\BLE_ROM_Releases\04242014\
       ble_rom_PATCH.symbols       928     0         0      
    +--+---------------------------+-------+---------+---------+
       Total:                      928     0         0      
                                                            
    C:/Users/Sadra/Desktop/Texas/dev.ti/ble_cc26xx_2_01_00_44423_cloud__win/simplelink/ble_cc26xx_2_01_00_44423_cloud/Projects/ble/Libraries/CC26xx/IAR/CC2640/bin/CC2640_BLE_peri_HL_CL_FlashROM.a
       gattservapp.o               4008    8         61     
       ll_PATCH.o                  3312    2         16     
       gatt_server.o               2636    0         13     
       ll_common_PATCH.o           2380    0         12     
       gap_linkmgr.o               2240    0         32     
       sm_pairing.o                1884    0         12     
       ll_sleep.o                  1748    0         85     
       ll_slaveEndCauses_PATCH.o   1810    0         2      
       sm_mgr.o                    1800    0         4      
       gap_peridevmgr.o            1680    0         30     
       l2cap_util.o                1668    0         1      
       ll_config.o                 1560    92        16     
       att_util.o                  1456    0         0      
       sm_rsppairing.o             1368    0         12     
       ll_isr.o                    1136    0         0      
       gap_configmgr.o             856     0         124    
       gapgattserver.o             776     8         155    
       smp.o                       922     0         0      
       ble_PATCH.o                 898     0         0      
       ll_advEndCauses_PATCH.o     820     0         0      
       hci_event_PATCH.o           788     0         16     
       gatt_task.o                 764     0         11     
       hci_PATCH.o                 720     0         0      
       linkdb.o                    660     0         56     
       l2cap_task.o                644     0         58     
       gap_task.o                  644     0         12     
       att_server.o                492     0         4      
       l2cap_if.o                  350     0         1      
       gatt_uuid.o                 318     0         0      
       ll_scheduler_PATCH.o        312     0         0      
       gap_perilinkmgr.o           268     0         4      
       sm_task.o                   260     0         1      
       hci_data_PATCH.o            168     0         0      
       gap_devmgr.o                130     0         8      
    +--+---------------------------+-------+---------+---------+
       Total:                      41476   110       746    
                                                            
    C:/Users/Sadra/Desktop/Texas/dev.ti/ble_cc26xx_2_01_00_44423_cloud__win/simplelink/ble_cc26xx_2_01_00_44423_cloud/Projects/ble/Libraries/CC26xx/IAR/Common/bin/CC2640_BLE_HCI_TL_None.a
       hci_tl.o                    120     0         6      
    +--+---------------------------+-------+---------+---------+
       Total:                      120     0         6      
                                                            
    C:/Users/Sadra/Desktop/Texas/dev.ti/ble_cc26xx_2_01_00_44423_cloud__win/tirtos_simplelink_2_13_00_06/products/cc26xxware_2_21_01_15600/driverlib/bin/ccs/driverlib.lib
       interrupt.obj               240     0         0      
       flash.obj                   60      0         0      
       trng.obj                    38      0         0      
       cpu.obj                     24      0         0      
       vims.obj                    22      0         0      
    +--+---------------------------+-------+---------+---------+
       Total:                      384     0         0      
                                                            
    C:\ti\ccsv6\tools\compiler\arm_15.12.3.LTS\lib\rtsv7M3_T_le_eabi.lib
       ull_div_t2.obj              500     0         0      
       memcpy_t2.obj               156     0         0      
       memset_t2.obj               122     0         0      
       autoinit.obj                112     0         0      
       copy_decompress_rle.obj     112     0         0      
       cpy_tbl.obj                 76      0         0      
       ll_mul_t2.obj               24      0         0      
       strlen.obj                  20      0         0      
       copy_decompress_none.obj    14      0         0      
       startup.obj                 2       0         0      
    +--+---------------------------+-------+---------+---------+
       Total:                      1138    0         0      
                                                            
       Linker Generated:           0       388       0      
    +--+---------------------------+-------+---------+---------+
       Grand Total:                56586   10634     1252   


LINKER GENERATED COPY TABLES

__TI_cinit_table @ 0001c6ac records: 3, size/record: 8, table size: 24
	.data: load addr=0001c538, load size=00000150 bytes, run addr=200043e8, run size=00000360 bytes, compression=rle
	.bss: load addr=0001c688, load size=0000000b bytes, run addr=20004748, run size=00000174 bytes, compression=rle
	.TI.bound:mbIntCbackTable: load addr=0001c698, load size=00000009 bytes, run addr=20004fec, run size=00000010 bytes, compression=rle


LINKER GENERATED HANDLER TABLE

__TI_handler_table @ 0001c6a4 records: 2, size/record: 4, table size: 8
	index: 0, handler: __TI_decompress_rle24
	index: 1, handler: __TI_decompress_none


FAR CALL TRAMPOLINES

callee name               trampoline name
   callee addr  tramp addr   call addr  call info
--------------  -----------  ---------  ----------------
LL_CtrlToHostFlowControl  $Tramp$TT$L$PI$$LL_CtrlToHostFlowControl
   100058d5     0001936c     000192e6   CC2640_BLE_peri_HL_CL_FlashROM.a : hci_data_PATCH.o (.text)
LL_PseudoRand             $Tramp$TT$L$PI$$LL_PseudoRand
   10005801     0001b8e0     0001b8d4   OnBoard.obj (.text:Onboard_rand)
HCI_HostNumCompletedPktCmd  $Tramp$TT$L$PI$$HCI_HostNumCompletedPktCmd
   1000965d     0001b99c     000184e2   CC2640_BLE_peri_HL_CL_FlashROM.a : l2cap_if.o (.text)
HCI_HostBufferSizeCmd     $Tramp$TT$L$PI$$HCI_HostBufferSizeCmd
   10009631     0001b9a4     000184c4   CC2640_BLE_peri_HL_CL_FlashROM.a : l2cap_if.o (.text)
HCI_SetControllerToHostFlowCtrlCmd  $Tramp$TT$L$PI$$HCI_SetControllerToHostFlowCtrlCmd
   100095f5     0001b9ac     000184ac   CC2640_BLE_peri_HL_CL_FlashROM.a : l2cap_if.o (.text)
                             000184ce                                    : l2cap_if.o (.text)
HCI_ReadRemoteVersionInfoCmd  $Tramp$TT$L$PI$$HCI_ReadRemoteVersionInfoCmd
   10009541     0001b9b4     00017b52   bleDispatch.obj (.text:processICallLL$5)
HCI_SetEventMaskCmd       $Tramp$TT$L$PI$$HCI_SetEventMaskCmd
   10009571     0001b9bc     00017b4c   bleDispatch.obj (.text:processICallLL$5)
HCI_ReadTransmitPowerLevelCmd  $Tramp$TT$L$PI$$HCI_ReadTransmitPowerLevelCmd
   100095d1     0001b9c4     00017b42   bleDispatch.obj (.text:processICallLL$5)
HCI_ReadLocalSupportedFeaturesCmd  $Tramp$TT$L$PI$$HCI_ReadLocalSupportedFeaturesCmd
   1000973d     0001b9cc     00017b2c   bleDispatch.obj (.text:processICallLL$5)
HCI_ReadRssiCmd           $Tramp$TT$L$PI$$HCI_ReadRssiCmd
   1000978d     0001b9d4     00017b24   bleDispatch.obj (.text:processICallLL$5)
HCI_LE_ReadLocalSupportedFeaturesCmd  $Tramp$TT$L$PI$$HCI_LE_ReadLocalSupportedFeaturesCmd
   10009829     0001b9dc     00017b18   bleDispatch.obj (.text:processICallLL$5)
HCI_LE_ReadAdvChanTxPowerCmd  $Tramp$TT$L$PI$$HCI_LE_ReadAdvChanTxPowerCmd
   100098f5     0001b9e4     00017b14   bleDispatch.obj (.text:processICallLL$5)
HCI_LE_ReadWhiteListSizeCmd  $Tramp$TT$L$PI$$HCI_LE_ReadWhiteListSizeCmd
   100099c9     0001b9ec     00017b10   bleDispatch.obj (.text:processICallLL$5)
HCI_LE_ClearWhiteListCmd  $Tramp$TT$L$PI$$HCI_LE_ClearWhiteListCmd
   100099f9     0001b9f4     00017b0c   bleDispatch.obj (.text:processICallLL$5)
                             0001ae12   gapbondmgr.obj (.text:gapBondMgr_SyncWhiteList$16)
HCI_LE_AddWhiteListCmd    $Tramp$TT$L$PI$$HCI_LE_AddWhiteListCmd
   10009a15     0001b9fc     00017b08   bleDispatch.obj (.text:processICallLL$5)
                             0001ae2c   gapbondmgr.obj (.text:gapBondMgr_SyncWhiteList$16)
HCI_LE_RemoveWhiteListCmd  $Tramp$TT$L$PI$$HCI_LE_RemoveWhiteListCmd
   10009a31     0001ba04     00017b00   bleDispatch.obj (.text:processICallLL$5)
HCI_LE_ReadChannelMapCmd  $Tramp$TT$L$PI$$HCI_LE_ReadChannelMapCmd
   10009aa1     0001ba0c     00017af8   bleDispatch.obj (.text:processICallLL$5)
HCI_LE_EncryptCmd         $Tramp$TT$L$PI$$HCI_LE_EncryptCmd
   10009af5     0001ba14     00017aec   bleDispatch.obj (.text:processICallLL$5)
HCI_LE_ReadSupportedStatesCmd  $Tramp$TT$L$PI$$HCI_LE_ReadSupportedStatesCmd
   10009c15     0001ba1c     00017ae4   bleDispatch.obj (.text:processICallLL$5)
HCI_LE_TestEndCmd         $Tramp$TT$L$PI$$HCI_LE_TestEndCmd
   10009c8d     0001ba24     00017ace   bleDispatch.obj (.text:processICallLL$5)
HCI_EXT_SetTxPowerCmd     $Tramp$TT$L$PI$$HCI_EXT_SetTxPowerCmd
   10009d09     0001ba2c     00017aca   bleDispatch.obj (.text:processICallLL$5)
HCI_EXT_OnePktPerEvtCmd   $Tramp$TT$L$PI$$HCI_EXT_OnePktPerEvtCmd
   10009d45     0001ba34     00017ac4   bleDispatch.obj (.text:processICallLL$5)
HCI_EXT_DecryptCmd        $Tramp$TT$L$PI$$HCI_EXT_DecryptCmd
   10009dd1     0001ba3c     00017abe   bleDispatch.obj (.text:processICallLL$5)
HCI_EXT_SetLocalSupportedFeaturesCmd  $Tramp$TT$L$PI$$HCI_EXT_SetLocalSupportedFeaturesCmd
   10009e2d     0001ba44     00017ab6   bleDispatch.obj (.text:processICallLL$5)
HCI_EXT_SetFastTxResponseTimeCmd  $Tramp$TT$L$PI$$HCI_EXT_SetFastTxResponseTimeCmd
   10009e4d     0001ba4c     00017ab0   bleDispatch.obj (.text:processICallLL$5)
HCI_EXT_ModemTestTxCmd    $Tramp$TT$L$PI$$HCI_EXT_ModemTestTxCmd
   10009e8d     0001ba54     00017aaa   bleDispatch.obj (.text:processICallLL$5)
HCI_EXT_ModemHopTestTxCmd  $Tramp$TT$L$PI$$HCI_EXT_ModemHopTestTxCmd
   10009ead     0001ba5c     00017aa2   bleDispatch.obj (.text:processICallLL$5)
HCI_EXT_ModemTestRxCmd    $Tramp$TT$L$PI$$HCI_EXT_ModemTestRxCmd
   10009ecd     0001ba64     00017a9e   bleDispatch.obj (.text:processICallLL$5)
HCI_EXT_EndModemTestCmd   $Tramp$TT$L$PI$$HCI_EXT_EndModemTestCmd
   10009eed     0001ba6c     00017a98   bleDispatch.obj (.text:processICallLL$5)
HCI_EXT_SetBDADDRCmd      $Tramp$TT$L$PI$$HCI_EXT_SetBDADDRCmd
   10009f0d     0001ba74     00017a94   bleDispatch.obj (.text:processICallLL$5)
HCI_EXT_SetSCACmd         $Tramp$TT$L$PI$$HCI_EXT_SetSCACmd
   10009f49     0001ba7c     00017a8e   bleDispatch.obj (.text:processICallLL$5)
HCI_EXT_EnablePTMCmd      $Tramp$TT$L$PI$$HCI_EXT_EnablePTMCmd
   10009f69     0001ba84     00017a88   bleDispatch.obj (.text:processICallLL$5)
HCI_EXT_SetMaxDtmTxPowerCmd  $Tramp$TT$L$PI$$HCI_EXT_SetMaxDtmTxPowerCmd
   10009fd1     0001ba8c     00017a84   bleDispatch.obj (.text:processICallLL$5)
HCI_EXT_DisconnectImmedCmd  $Tramp$TT$L$PI$$HCI_EXT_DisconnectImmedCmd
   1000a011     0001ba94     00017a7e   bleDispatch.obj (.text:processICallLL$5)
HCI_EXT_PacketErrorRateCmd  $Tramp$TT$L$PI$$HCI_EXT_PacketErrorRateCmd
   1000a031     0001ba9c     00017a78   bleDispatch.obj (.text:processICallLL$5)
HCI_EXT_PERbyChanCmd      $Tramp$TT$L$PI$$HCI_EXT_PERbyChanCmd
   1000a075     0001baa4     00017a70   bleDispatch.obj (.text:processICallLL$5)
HCI_EXT_AdvEventNoticeCmd  $Tramp$TT$L$PI$$HCI_EXT_AdvEventNoticeCmd
   1000a0f1     0001baac     00017a68   bleDispatch.obj (.text:processICallLL$5)
HCI_EXT_SetSlaveLatencyOverrideCmd  $Tramp$TT$L$PI$$HCI_EXT_SetSlaveLatencyOverrideCmd
   10009e6d     0001bab4     00017a54   bleDispatch.obj (.text:processICallLL$5)
HCI_EXT_BuildRevisionCmd  $Tramp$TT$L$PI$$HCI_EXT_BuildRevisionCmd
   1000a109     0001babc     00017a4e   bleDispatch.obj (.text:processICallLL$5)
HCI_EXT_NumComplPktsLimitCmd  $Tramp$TT$L$PI$$HCI_EXT_NumComplPktsLimitCmd
   1000a1b5     0001bac4     00017a3a   bleDispatch.obj (.text:processICallLL$5)
LL_ReadLocalVersionInfo   $Tramp$TT$L$PI$$LL_ReadLocalVersionInfo
   1000589d     0001bacc     00017110   CC2640_BLE_peri_HL_CL_FlashROM.a : hci_PATCH.o (.text)
LL_EXT_ResetSystem        $Tramp$TT$L$PI$$LL_EXT_ResetSystem
   100070d5     0001bad4     0001708c   CC2640_BLE_peri_HL_CL_FlashROM.a : hci_PATCH.o (.text)
HCI_CommandStatusEvent    $Tramp$TT$L$PI$$HCI_CommandStatusEvent
   10008ba1     0001badc     00016ffe   CC2640_BLE_peri_HL_CL_FlashROM.a : hci_PATCH.o (.text)
                             00017070                                    : hci_PATCH.o (.text)
HCI_CommandCompleteEvent  $Tramp$TT$L$PI$$HCI_CommandCompleteEvent
   10008add     0001bae4     00016f3a   CC2640_BLE_peri_HL_CL_FlashROM.a : hci_PATCH.o (.text)
                             00016fea                                    : hci_PATCH.o (.text)
                             00017014                                    : hci_PATCH.o (.text)
                             00017152                                    : hci_PATCH.o (.text)
HCI_SendCommandCompleteEvent  $Tramp$TT$L$PI$$HCI_SendCommandCompleteEvent
   10008c81     0001baec     0001689e   CC2640_BLE_peri_HL_CL_FlashROM.a : hci_event_PATCH.o (.text)
llCalcScaFactor           $Tramp$TT$L$PI$$llCalcScaFactor
   1000d94d     0001baf4     000163c4   CC2640_BLE_peri_HL_CL_FlashROM.a : ll_advEndCauses_PATCH.o (.text)
HCI_LE_SetRandomAddressCmd  $Tramp$TT$L$PI$$HCI_LE_SetRandomAddressCmd
   10009849     0001bafc     00016134   CC2640_BLE_peri_HL_CL_FlashROM.a : gap_configmgr.o (.text)
HCI_ReadBDADDRCmd         $Tramp$TT$L$PI$$HCI_ReadBDADDRCmd
   10009765     0001bb04     00015f70   CC2640_BLE_peri_HL_CL_FlashROM.a : gap_configmgr.o (.text)
                             00017b28   bleDispatch.obj (.text:processICallLL$5)
llGetNumTxDataEntries     $Tramp$TT$L$PI$$llGetNumTxDataEntries
   1000b009     0001bb0c     00015e58   CC2640_BLE_peri_HL_CL_FlashROM.a : ble_PATCH.o (.text)
LL_ENC_GenDeviceIV        $Tramp$TT$L$PI$$LL_ENC_GenDeviceIV
   1000b555     0001bb14     00015d36   CC2640_BLE_peri_HL_CL_FlashROM.a : ble_PATCH.o (.text)
LL_ENC_GenDeviceSKD       $Tramp$TT$L$PI$$LL_ENC_GenDeviceSKD
   1000b541     0001bb1c     00015d2e   CC2640_BLE_peri_HL_CL_FlashROM.a : ble_PATCH.o (.text)
LL_ENC_ReverseBytes       $Tramp$TT$L$PI$$LL_ENC_ReverseBytes
   1000b4ed     0001bb24     00015d10   CC2640_BLE_peri_HL_CL_FlashROM.a : ble_PATCH.o (.text)
                             00015d26                                    : ble_PATCH.o (.text)
llMemCopySrc              $Tramp$TT$L$PI$$llMemCopySrc
   100089d9     0001bb2c     00015c0c   CC2640_BLE_peri_HL_CL_FlashROM.a : ble_PATCH.o (.text)
                             00015c18                                    : ble_PATCH.o (.text)
                             00015c24                                    : ble_PATCH.o (.text)
                             00015c30                                    : ble_PATCH.o (.text)
                             00015c54                                    : ble_PATCH.o (.text)
                             00015c90                                    : ble_PATCH.o (.text)
                             00015c9c                                    : ble_PATCH.o (.text)
                             00015cec                                    : ble_PATCH.o (.text)
                             00015cf8                                    : ble_PATCH.o (.text)
                             00015d06                                    : ble_PATCH.o (.text)
                             00015d1e                                    : ble_PATCH.o (.text)
                             00015dda                                    : ble_PATCH.o (.text)
                             00015de6                                    : ble_PATCH.o (.text)
LL_ENC_Decrypt            $Tramp$TT$L$PI$$LL_ENC_Decrypt
   1000b9dd     0001bb34     0001565e   CC2640_BLE_peri_HL_CL_FlashROM.a : ll_isr.o (.text)
HCI_LE_LtkReqNegReplyCmd  $Tramp$TT$L$PI$$HCI_LE_LtkReqNegReplyCmd
   10009be1     0001bb3c     00014f16   CC2640_BLE_peri_HL_CL_FlashROM.a : sm_rsppairing.o (.text)
HCI_LE_LtkReqReplyCmd     $Tramp$TT$L$PI$$HCI_LE_LtkReqReplyCmd
   10009bc5     0001bb44     00014efc   CC2640_BLE_peri_HL_CL_FlashROM.a : sm_rsppairing.o (.text)
HCI_SendDataPkt           $Tramp$TT$L$PI$$HCI_SendDataPkt
   100094e9     0001bb4c     00013de8   CC2640_BLE_peri_HL_CL_FlashROM.a : l2cap_util.o (.text)
HCI_LE_SetAdvParamCmd     $Tramp$TT$L$PI$$HCI_LE_SetAdvParamCmd
   1000986d     0001bb54     0001389a   CC2640_BLE_peri_HL_CL_FlashROM.a : gap_peridevmgr.o (.text)
HCI_LE_SetAdvEnableCmd    $Tramp$TT$L$PI$$HCI_LE_SetAdvEnableCmd
   100098d9     0001bb5c     000136bc   CC2640_BLE_peri_HL_CL_FlashROM.a : gap_peridevmgr.o (.text)
                             000138b8                                    : gap_peridevmgr.o (.text)
HCI_LE_SetScanRspDataCmd  $Tramp$TT$L$PI$$HCI_LE_SetScanRspDataCmd
   100098bd     0001bb64     0001366c   CC2640_BLE_peri_HL_CL_FlashROM.a : gap_peridevmgr.o (.text)
                             00013b5a                                    : gap_peridevmgr.o (.text)
HCI_LE_SetAdvDataCmd      $Tramp$TT$L$PI$$HCI_LE_SetAdvDataCmd
   100098a1     0001bb6c     00013662   CC2640_BLE_peri_HL_CL_FlashROM.a : gap_peridevmgr.o (.text)
                             00013b50                                    : gap_peridevmgr.o (.text)
llPatchCM0                $Tramp$TT$L$PI$$llPatchCM0
   1000adb1     0001bb74     0001304c   CC2640_BLE_peri_HL_CL_FlashROM.a : ll_sleep.o (.text)
LL_Encrypt                $Tramp$TT$L$PI$$LL_Encrypt
   100057d5     0001bb7c     00012b2c   CC2640_BLE_peri_HL_CL_FlashROM.a : sm_mgr.o (.text)
HCI_LE_RandCmd            $Tramp$TT$L$PI$$HCI_LE_RandCmd
   10009b51     0001bb84     0001279a   CC2640_BLE_peri_HL_CL_FlashROM.a : sm_mgr.o (.text)
                             00012892                                    : sm_mgr.o (.text)
llMoveTempTxDataEntries   $Tramp$TT$L$PI$$llMoveTempTxDataEntries
   1000afa1     0001bb8c     00012786   CC2640_BLE_peri_HL_CL_FlashROM.a : ll_slaveEndCauses_PATCH.o (.text)
llSetupVersionIndReq      $Tramp$TT$L$PI$$llSetupVersionIndReq
   10007f29     0001bb94     00012726   CC2640_BLE_peri_HL_CL_FlashROM.a : ll_slaveEndCauses_PATCH.o (.text)
LL_ReadRemoteVersionInfoCback  $Tramp$TT$L$PI$$LL_ReadRemoteVersionInfoCback
   100091e1     0001bb9c     00012706   CC2640_BLE_peri_HL_CL_FlashROM.a : ll_slaveEndCauses_PATCH.o (.text)
                             0001271a                                    : ll_slaveEndCauses_PATCH.o (.text)
llSetupPauseEncRsp        $Tramp$TT$L$PI$$llSetupPauseEncRsp
   10007d55     0001bba4     0001268e   CC2640_BLE_peri_HL_CL_FlashROM.a : ll_slaveEndCauses_PATCH.o (.text)
llSetupStartEncRsp        $Tramp$TT$L$PI$$llSetupStartEncRsp
   10007ca9     0001bbac     00012674   CC2640_BLE_peri_HL_CL_FlashROM.a : ll_slaveEndCauses_PATCH.o (.text)
LL_EncChangeCback         $Tramp$TT$L$PI$$LL_EncChangeCback
   1000933d     0001bbb4     00012662   CC2640_BLE_peri_HL_CL_FlashROM.a : ll_slaveEndCauses_PATCH.o (.text)
LL_EncKeyRefreshCback     $Tramp$TT$L$PI$$LL_EncKeyRefreshCback
   100093dd     0001bbbc     00012658   CC2640_BLE_peri_HL_CL_FlashROM.a : ll_slaveEndCauses_PATCH.o (.text)
LL_ENC_AES128_Encrypt     $Tramp$TT$L$PI$$LL_ENC_AES128_Encrypt
   1000b5f5     0001bbc4     00012624   CC2640_BLE_peri_HL_CL_FlashROM.a : ll_slaveEndCauses_PATCH.o (.text)
llSetupStartEncReq        $Tramp$TT$L$PI$$llSetupStartEncReq
   10007c55     0001bbcc     000125fe   CC2640_BLE_peri_HL_CL_FlashROM.a : ll_slaveEndCauses_PATCH.o (.text)
llSetupEncRsp             $Tramp$TT$L$PI$$llSetupEncRsp
   10007b95     0001bbd4     000125c8   CC2640_BLE_peri_HL_CL_FlashROM.a : ll_slaveEndCauses_PATCH.o (.text)
LL_EncLtkReqCback         $Tramp$TT$L$PI$$LL_EncLtkReqCback
   1000925d     0001bbdc     000125c0   CC2640_BLE_peri_HL_CL_FlashROM.a : ll_slaveEndCauses_PATCH.o (.text)
llSetupUnknownRsp         $Tramp$TT$L$PI$$llSetupUnknownRsp
   10008069     0001bbe4     00012528   CC2640_BLE_peri_HL_CL_FlashROM.a : ll_slaveEndCauses_PATCH.o (.text)
llConvertCtrlProcTimeoutToEvent  $Tramp$TT$L$PI$$llConvertCtrlProcTimeoutToEvent
   10008741     0001bbec     00012378   CC2640_BLE_peri_HL_CL_FlashROM.a : ll_slaveEndCauses_PATCH.o (.text)
                             000163aa                                    : ll_advEndCauses_PATCH.o (.text)
llConvertLstoToEvent      $Tramp$TT$L$PI$$llConvertLstoToEvent
   10008721     0001bbf4     0001231a   CC2640_BLE_peri_HL_CL_FlashROM.a : ll_slaveEndCauses_PATCH.o (.text)
                             000163a0                                    : ll_advEndCauses_PATCH.o (.text)
llEventInRange            $Tramp$TT$L$PI$$llEventInRange
   100086f1     0001bbfc     000122aa   CC2640_BLE_peri_HL_CL_FlashROM.a : ll_slaveEndCauses_PATCH.o (.text)
                             000122ca                                    : ll_slaveEndCauses_PATCH.o (.text)
llCheckForLstoDuringSL    $Tramp$TT$L$PI$$llCheckForLstoDuringSL
   1000c1b5     0001bc04     00012288   CC2640_BLE_peri_HL_CL_FlashROM.a : ll_slaveEndCauses_PATCH.o (.text)
llConnTerminate           $Tramp$TT$L$PI$$llConnTerminate
   10008631     0001bc0c     000121cc   CC2640_BLE_peri_HL_CL_FlashROM.a : ll_slaveEndCauses_PATCH.o (.text)
                             000124a4                                    : ll_slaveEndCauses_PATCH.o (.text)
                             00012588                                    : ll_slaveEndCauses_PATCH.o (.text)
                             0001647c                                    : ll_advEndCauses_PATCH.o (.text)
HCI_DisconnectCmd         $Tramp$TT$L$PI$$HCI_DisconnectCmd
   10009525     0001bc14     000110c6   CC2640_BLE_peri_HL_CL_FlashROM.a : gap_linkmgr.o (.text)
                             000115b6                                    : gap_linkmgr.o (.text)
llSetupRejectInd          $Tramp$TT$L$PI$$llSetupRejectInd
   10007df5     0001bc1c     00010f66   CC2640_BLE_peri_HL_CL_FlashROM.a : ll_common_PATCH.o (.text)
                             000126ce                                    : ll_slaveEndCauses_PATCH.o (.text)
llTimeDelta               $Tramp$TT$L$PI$$llTimeDelta
   1000d8f5     0001bc24     00010d6e   CC2640_BLE_peri_HL_CL_FlashROM.a : ll_common_PATCH.o (.text)
                             000131e0                                    : ll_sleep.o (.text)
                             0001335c                                    : ll_sleep.o (.text)
LL_RX_bm_alloc            $Tramp$TT$L$PI$$LL_RX_bm_alloc
   1000556d     0001bc2c     00010c9e   CC2640_BLE_peri_HL_CL_FlashROM.a : ll_common_PATCH.o (.text)
                             0001568e                                    : ll_isr.o (.text)
                             00015ece                                    : ble_PATCH.o (.text)
HCI_bm_alloc              $Tramp$TT$L$PI$$HCI_bm_alloc
   100094a1     0001bc34     00010bc4   CC2640_BLE_peri_HL_CL_FlashROM.a : ll_common_PATCH.o (.text)
                             00014262                                    : l2cap_util.o (.text)
llTimeCompare             $Tramp$TT$L$PI$$llTimeCompare
   1000d8c9     0001bc3c     00010afa   CC2640_BLE_peri_HL_CL_FlashROM.a : ll_common_PATCH.o (.text)
                             00010d50                                    : ll_common_PATCH.o (.text)
llReleaseConnId           $Tramp$TT$L$PI$$llReleaseConnId
   10008429     0001bc44     00010a48   CC2640_BLE_peri_HL_CL_FlashROM.a : ll_common_PATCH.o (.text)
LL_ENC_Encrypt            $Tramp$TT$L$PI$$LL_ENC_Encrypt
   1000b965     0001bc4c     0001090a   CC2640_BLE_peri_HL_CL_FlashROM.a : ll_common_PATCH.o (.text)
                             00010fbc                                    : ll_common_PATCH.o (.text)
LL_TX_bm_alloc            $Tramp$TT$L$PI$$LL_TX_bm_alloc
   10005549     0001bc54     000108ca   CC2640_BLE_peri_HL_CL_FlashROM.a : ll_common_PATCH.o (.text)
                             00010f84                                    : ll_common_PATCH.o (.text)
llEventDelta              $Tramp$TT$L$PI$$llEventDelta
   10008719     0001bc5c     0001077a   CC2640_BLE_peri_HL_CL_FlashROM.a : ll_common_PATCH.o (.text)
                             00010f26                                    : ll_common_PATCH.o (.text)
                             000122e8                                    : ll_slaveEndCauses_PATCH.o (.text)
                             00012334                                    : ll_slaveEndCauses_PATCH.o (.text)
llFreeTask                $Tramp$TT$L$PI$$llFreeTask
   1000abed     0001bc64     0000fb72   CC2640_BLE_peri_HL_CL_FlashROM.a : ll_PATCH.o (.text)
                             00010a4e                                    : ll_common_PATCH.o (.text)
                             000162a6                                    : ll_advEndCauses_PATCH.o (.text)
llGetNumTasks             $Tramp$TT$L$PI$$llGetNumTasks
   1000ace1     0001bc6c     0000fb42   CC2640_BLE_peri_HL_CL_FlashROM.a : ll_PATCH.o (.text)
llScheduler               $Tramp$TT$L$PI$$llScheduler
   1000a335     0001bc74     0000fb2a   CC2640_BLE_peri_HL_CL_FlashROM.a : ll_PATCH.o (.text)
                             0000fb82                                    : ll_PATCH.o (.text)
                             0001222a                                    : ll_slaveEndCauses_PATCH.o (.text)
                             00016576                                    : ll_advEndCauses_PATCH.o (.text)
llSetupAdv                $Tramp$TT$L$PI$$llSetupAdv
   100073e5     0001bc7c     0000faee   CC2640_BLE_peri_HL_CL_FlashROM.a : ll_PATCH.o (.text)
llGetActiveTasks          $Tramp$TT$L$PI$$llGetActiveTasks
   1000aca9     0001bc84     0000fabe   CC2640_BLE_peri_HL_CL_FlashROM.a : ll_PATCH.o (.text)
LL_DirectTestEndDoneCback  $Tramp$TT$L$PI$$LL_DirectTestEndDoneCback
   10009471     0001bc8c     0000fa38   CC2640_BLE_peri_HL_CL_FlashROM.a : ll_PATCH.o (.text)
llRfStartFS               $Tramp$TT$L$PI$$llRfStartFS
   10007269     0001bc94     0000f7d2   CC2640_BLE_peri_HL_CL_FlashROM.a : ll_PATCH.o (.text)
llWriteTxData             $Tramp$TT$L$PI$$llWriteTxData
   100087c9     0001bc9c     0000f75c   CC2640_BLE_peri_HL_CL_FlashROM.a : ll_PATCH.o (.text)
                             00010bae                                    : ll_common_PATCH.o (.text)
HCI_DataBufferOverflowEvent  $Tramp$TT$L$PI$$HCI_DataBufferOverflowEvent
   10008a2d     0001bca4     0000f72a   CC2640_BLE_peri_HL_CL_FlashROM.a : ll_PATCH.o (.text)
llEnqueueCtrlPkt          $Tramp$TT$L$PI$$llEnqueueCtrlPkt
   100080bd     0001bcac     0000f600   CC2640_BLE_peri_HL_CL_FlashROM.a : ll_PATCH.o (.text)
                             00015d6c                                    : ble_PATCH.o (.text)
                             00015e0c                                    : ble_PATCH.o (.text)
LL_ConnActive             $Tramp$TT$L$PI$$LL_ConnActive
   1000678d     0001bcb4     0000f50c   CC2640_BLE_peri_HL_CL_FlashROM.a : ll_PATCH.o (.text)
                             0000f55c                                    : ll_PATCH.o (.text)
                             0000f59a                                    : ll_PATCH.o (.text)
                             0000f5d4                                    : ll_PATCH.o (.text)
                             0000f6fa                                    : ll_PATCH.o (.text)
                             0000fbd4                                    : ll_PATCH.o (.text)
llReleaseAllConnId        $Tramp$TT$L$PI$$llReleaseAllConnId
   10008461     0001bcbc     0000f446   CC2640_BLE_peri_HL_CL_FlashROM.a : ll_PATCH.o (.text)
LL_ClearWhiteList         $Tramp$TT$L$PI$$LL_ClearWhiteList
   10005719     0001bcc4     0000f3e2   CC2640_BLE_peri_HL_CL_FlashROM.a : ll_PATCH.o (.text)
LL_ENC_Init               $Tramp$TT$L$PI$$LL_ENC_Init
   1000b4c9     0001bccc     0000f3de   CC2640_BLE_peri_HL_CL_FlashROM.a : ll_PATCH.o (.text)
                             0001355e                                    : ll_sleep.o (.text)
WL_Init                   $Tramp$TT$L$PI$$WL_Init
   1000d189     0001bcd4     0000f3da   CC2640_BLE_peri_HL_CL_FlashROM.a : ll_PATCH.o (.text)
llHaltRadio               $Tramp$TT$L$PI$$llHaltRadio
   1000720d     0001bcdc     0000f3ae   CC2640_BLE_peri_HL_CL_FlashROM.a : ll_PATCH.o (.text)
                             0000f9ec                                    : ll_PATCH.o (.text)
                             0000fb5c                                    : ll_PATCH.o (.text)
                             00010d60                                    : ll_common_PATCH.o (.text)
HCI_HardwareErrorEvent    $Tramp$TT$L$PI$$HCI_HardwareErrorEvent
   10008bf5     0001bce4     0000f35a   CC2640_BLE_peri_HL_CL_FlashROM.a : ll_PATCH.o (.text)
                             0000f74c                                    : ll_PATCH.o (.text)
                             00010bd0                                    : ll_common_PATCH.o (.text)
                             00010cda                                    : ll_common_PATCH.o (.text)
                             00010ff6                                    : ll_common_PATCH.o (.text)
LL_ConnectionCompleteCback  $Tramp$TT$L$PI$$LL_ConnectionCompleteCback
   10008ead     0001bcec     0000f2c0   CC2640_BLE_peri_HL_CL_FlashROM.a : ll_PATCH.o (.text)
                             0000f312                                    : ll_PATCH.o (.text)
                             0000f326                                    : ll_PATCH.o (.text)
llGetCurrentTask          $Tramp$TT$L$PI$$llGetCurrentTask
   1000ac3d     0001bcf4     0000f28e   CC2640_BLE_peri_HL_CL_FlashROM.a : ll_PATCH.o (.text)
                             0000fb4a                                    : ll_PATCH.o (.text)
                             00010d56                                    : ll_common_PATCH.o (.text)
                             00013346                                    : ll_sleep.o (.text)
                             0001348a                                    : ll_sleep.o (.text)
                             0001349e                                    : ll_sleep.o (.text)
LL_ENC_GenerateTrueRandNum  $Tramp$TT$L$PI$$LL_ENC_GenerateTrueRandNum
   1000b51d     0001bcfc     0000f258   CC2640_BLE_peri_HL_CL_FlashROM.a : ll_PATCH.o (.text)
llInitRAT                 $Tramp$TT$L$PI$$llInitRAT
   1000d8b5     0001bd04     0000f234   CC2640_BLE_peri_HL_CL_FlashROM.a : ll_PATCH.o (.text)
llGetCurrentTime          $Tramp$TT$L$PI$$llGetCurrentTime
   1000d8c1     0001bd0c     0000f226   CC2640_BLE_peri_HL_CL_FlashROM.a : ll_PATCH.o (.text)
                             0000f22c                                    : ll_PATCH.o (.text)
                             0000fb0a                                    : ll_PATCH.o (.text)
                             00010d2e                                    : ll_common_PATCH.o (.text)
                             00012fce                                    : ll_sleep.o (.text)
                             000131da                                    : ll_sleep.o (.text)
                             00013354                                    : ll_sleep.o (.text)
                             000133da                                    : ll_sleep.o (.text)
llSetupRfHal              $Tramp$TT$L$PI$$llSetupRfHal
   1000ad6d     0001bd14     0000f202   CC2640_BLE_peri_HL_CL_FlashROM.a : ll_PATCH.o (.text)
llSetupMailbox            $Tramp$TT$L$PI$$llSetupMailbox
   1000ad21     0001bd1c     0000f1fe   CC2640_BLE_peri_HL_CL_FlashROM.a : ll_PATCH.o (.text)
                             0000f3bc                                    : ll_PATCH.o (.text)
                             0000fa3c                                    : ll_PATCH.o (.text)
llResetRadio              $Tramp$TT$L$PI$$llResetRadio
   10007201     0001bd24     0000f1f0   CC2640_BLE_peri_HL_CL_FlashROM.a : ll_PATCH.o (.text)
                             000153ca                                    : ll_isr.o (.text)

[116 trampolines]
[199 trampoline calls]


GLOBAL SYMBOLS: SORTED ALPHABETICALLY BY Name 

address   name                                  
-------   ----                                  
10014c00  A1_rw                                 
10005000  A1_rw_1                               
10019ffe  A2_rw                                 
1000dffe  A2_rw_1                               
10019ffc  A3_rw                                 
1000dffc  A3_rw_1                               
20004f2c  A4_rw                                 
200048e8  A4_rw_1                               
20004f7c  ACCX                                  
20004f80  ACCY                                  
20004f84  ACCZ                                  
10015229  ATOMICPATTERN                         
000148ef  ATT_BuildErrorRsp                     
0001491f  ATT_BuildExchangeMTUReq               
0001492b  ATT_BuildExchangeMTURsp               
00014c3f  ATT_BuildExecuteWriteReq              
000149b7  ATT_BuildFindByTypeValueReq           
00014a13  ATT_BuildFindByTypeValueRsp           
00014951  ATT_BuildFindInfoReq                  
0001495d  ATT_BuildFindInfoRsp                  
00014c63  ATT_BuildHandleValueInd               
00014bc5  ATT_BuildPrepareWriteReq              
00014bef  ATT_BuildPrepareWriteRsp              
00014b13  ATT_BuildReadBlobReq                  
00014b51  ATT_BuildReadBlobRsp                  
00014b89  ATT_BuildReadByGrpTypeRsp             
00014a2d  ATT_BuildReadByTypeReq                
00014a99  ATT_BuildReadByTypeRsp                
[...]
1000a2ad  LL_EXT_ExtendRfRangeCback             
1000a335  llScheduler                           
1000a895  llFindStartType                       
1000a939  llFindNextSecTask                     
1000abed  llFreeTask                            
1000ac3d  llGetCurrentTask                      
1000aca9  llGetActiveTasks                      
1000ace1  llGetNumTasks                         
1000ad21  llSetupMailbox                        
1000ad6d  llSetupRfHal                          
1000adb1  llPatchCM0                            
1000adc9  llSetupRATChanCompare                 
1000ae41  llRatChanCBack_B                      
1000ae45  llRatChanCBack_C                      
1000ae49  llRatChanCBack_D                      
1000ae4d  llSetupScanDataEntryQueue             
1000ae95  llSetupInitDataEntryQueue             
1000aeb1  llSetupAdvDataEntryQueue              
1000afa1  llMoveTempTxDataEntries               
1000b009  llGetNumTxDataEntries                 
1000b4c9  LL_ENC_Init                           
1000b4ed  LL_ENC_ReverseBytes                   
1000b50d  LL_ENC_GeneratePseudoRandNum          
1000b51d  LL_ENC_GenerateTrueRandNum            
1000b541  LL_ENC_GenDeviceSKD                   
1000b555  LL_ENC_GenDeviceIV                    
1000b569  LL_ENC_GenerateNonce                  
1000b58d  LL_ENC_LoadKey                        
1000b5f5  LL_ENC_AES128_Encrypt                 
1000b639  LL_ENC_AES128_Decrypt                 
1000b721  LL_ENC_EncryptMsg                     
1000b851  LL_ENC_DecryptMsg                     
1000b965  LL_ENC_Encrypt                        
1000b9dd  LL_ENC_Decrypt                        
1000c1b5  llCheckForLstoDuringSL                
1000c87d  llDirAdv_TaskEnd                      
1000cc71  llAdv_TaskEnd                         
1000cd51  llAdv_TaskAbort                       
1000d10d  llInit_TaskEnd                        
1000d189  WL_Init                               
1000d1ad  WL_Clear                              
1000d1f5  WL_ClearEntry                         
1000d229  WL_GetSize                            
1000d23d  WL_GetNumFreeEntries                  
1000d26d  WL_FindEntry                          
1000d2d9  WL_AddEntry                           
1000d36d  WL_RemoveEntry                        
1000d3dd  WL_SetWlIgnore                        
1000d425  WL_ClearIgnoreList                    
1000d46d  llScan_TaskEnd                        
1000d4ad  llGetAdvChanPDU                       
1000d575  llProcessScanRxFIFO                   
1000d635  llValidAccessAddr                     
1000d695  llGenerateValidAccessAddr             
1000d6b1  llGtSixConsecZerosOrOnes              
1000d6e5  llEqSynchWord                         
1000d6f5  llOneBitSynchWordDiffer               
1000d709  llEqualBytes                          
1000d731  llGtTwentyFourTransitions             
1000d761  llLtTwoChangesInLastSixBits           
1000d795  llEqAlreadyValidAddr                  
1000d7cd  HCI_ReverseBytes                      
1000d8b5  llInitRAT                             
1000d8c1  llGetCurrentTime                      
1000d8c9  llTimeCompare                         
1000d8f5  llTimeDelta                           
1000d94d  llCalcScaFactor                       
1000d964  SCA                                   
1000d9b0  advChan                               
1000d9b4  advEvt2Cmd                            
1000d9c0  advEvt2State                          
1000d9e1  llTaskError                           
1000d9ec  Fill1_1                               
1000dffc  A3_rw_1                               
1000dffc  romRev                                
1000dffd  __checksum_end                        
1000dffe  A2_rw_1                               
1000dffe  P1_ro_2_1                             
1000dffe  __checksum                            
10014c00  A1_rw                                 
10014c00  __checksum_begin_CommonROM            
10014c01  COMMON_ROM_BASE_ADDR                  
10014c04  P1_ro                                 
10014c05  SCALARMUL_init                        
10014ced  SCALARMUL_core                        
10015019  SCALARMUL_final                       
100150e5  SCALARMUL                             
10015101  SAVEPOINT                             
10015141  GETBIT                                
10015155  GETDIGIT                              
100151a5  GETDIGITL2R                           
10015215  SelectReg                             
10015229  ATOMICPATTERN                         
100154f5  JACADD                                
1001568d  INVERT                                
10015821  SQUAREMULTIPLYWORD                    
1001588c  LUTOPCODE                             
10015894  LUTOPSIGN                             
100158ac  LUTC                                  
100158c4  LUTSE                                 
100158dc  LUTINCI                               
100158f4  LUTJ                                  
1001596c  LUTSTATE                              
100159a9  IMPORTLENGTH                          
100159ad  IMPORTMODULUS                         
100159d1  IMPORTOPERAND                         
10015a11  EXPORTOPERAND                         
10015a35  IMPORTDATA                            
10015a51  SETOPERAND                            
10015a6d  COPY                                  
10015a85  ZERO                                  
10015a91  SETWORD                               
10015a9d  mSET                                  
10015bcd  zSET                                  
10015bd5  mINVK                                 
10015d19  zADD                                  
10015d5d  zSUB                                  
10015de9  zMACC32                               
10015e69  zSUB32                                
10015eb5  zADD32                                
10015f0d  zMULT32                               
10015f81  mMULT                                 
10016551  mADD                                  
1001664d  mSUB                                  
10016749  mOUT                                  
10016975  ssp_KeyInit_Sw                        
10016979  sspAesEncrypt_Sw                      
10016985  sspKeyExpansion_Sw                    
10016a99  sspAesEncryptKeyExp_Sw                
10016af5  sspAesEncryptBasic_Sw                 
10016b79  RoundKey_Sw                           
10016c29  AddRoundKeySubBytes_Sw                
10016c45  ShiftRows_Sw                          
10016c79  MixColumns_Sw                         
10016d05  FFMult_Sw                             
10016d29  sspAesDecrypt_Sw                      
10016da1  InvAddRoundKey_Sw                     
10016dc9  InvRoundKey_Sw                        
10016e8d  InvSubBytes_Sw                        
10016ea1  InvShiftRows_Sw                       
10016ed5  InvMixColumns_Sw                      
10016f58  FFMult2                               
10017058  FFMult3                               
10017158  RCon                                  
10017164  Sbox                                  
10017264  InvSbox                               
10017365  SSP_CCM_Auth_Sw                       
100174fd  SSP_CCM_Encrypt_Sw                    
100175ed  SSP_CTR_Encrypt_Sw                    
1001767d  SSP_CCM_Decrypt_Sw                    
10017771  SSP_CTR_Decrypt_Sw                    
10017839  SSP_CCM_InvAuth_Sw                    
10017895  SSP_CCM_Auth_Encrypt_Sw               
100178f5  SSP_CCM_InvAuth_Decrypt_Sw            
10017959  ECC_allocWorkzone                     
10017961  ECC_setWin                            
10017969  ECDSA_sign                            
10017b01  ECDSA_verif                           
10017dbd  ECC_keyGen                            
10017ded  ECDH_commonKey                        
10017e39  SHA256_updateW                        
10017e75  SHA256_round                          
10017ef1  SHA256_nextState                      
10017f49  SHA256_saveBuffer                     
10017ffd  SHA256_init                           
10018019  SHA256_process                        
10018089  SHA256_final                          
10018129  SHA256_full                           
100182ad  RFHAL_InitRfHal                       
10018315  RFHAL_AllocRatChan                    
1001833d  RFHAL_FreeRatChan                     
10018369  RFHAL_MapRatChansToInt                
10018391  RFHAL_RegisterRatChanCallback         
100183b9  RFHAL_InitDataQueue                   
100183c5  RFHAL_QueueRFDataEntries              
10018415  RFHAL_AddTxDataEntry                  
10018485  RFHAL_FreeNextTxDataEntry             
100184a9  RFHAL_AllocDataEntryQueue             
100184c5  RFHAL_FreeDataEntryQueue              
100184cd  RFHAL_GetNextDataEntry                
100184d1  RFHAL_GetTempDataEntry                
100184d5  RFHAL_NextDataEntryDone               
100184f9  RFHAL_AllocDataEntry                  
10018549  RFHAL_FreeDataEntry                   
10018551  RFHAL_BuildRingBuffer                 
100185e1  RFHAL_BuildDataEntryRingBuffer        
10018669  RFHAL_BuildLinkedBuffer               
10018935  MB_ReadMailboxStatus                  
1001893d  MB_RegisterIsrCback                   
10018945  MB_FwDebugDump                        
10018a19  AesCcm_authEncrypt_Sw                 
10018a35  AesCcm_decryptAuth_Sw                 
10018a99  Aes_encrypt_Sw                        
10018ac5  Aes_decrypt_Sw                        
10018b09  AesCcm_getNumBlocks_Sw                
10018b0c  NIST256_p                             
10018b30  NIST256_r                             
10018b54  NIST256_a                             
10018b78  NIST256_b                             
10018b9c  NIST256_Gx                            
10018bc0  NIST256_Gy                            
10018ced  __exit                                
10018d6c  Fill1                                 
10019ffc  A3_rw                                 
10019ffd  __checksum_end_CommonROM              
10019ffe  A2_rw                                 
10019ffe  P1_ro_2                               
10019ffe  __checksum_CommonROM                  
200044b4  baseTaskID                            
200044b8  cbTimers                              
20004624  LL_PM_RFCmdDoneEventCallback          
2000462e  osal_entity                           
20004634  osal_qHead                            
20004638  osal_eventloop_hook                   
2000463c  osal_semaphore                        
20004640  osal_last_timestamp                   
20004644  osal_tickperiod                       
20004648  osal_max_msecs                        
20004674  gapAppTaskID                          
20004675  gapProfileRole                        
20004676  gapDeviceAddrMode                     
20004677  gapAutoAdvPrivateAddrChange           
20004678  gapPrivateAddrChangeTimeout           
200046ac  slaveUpdateReq                        
200046b4  slaveConnHandle                       
200046b8  pEstLink                              
200046bc  pAuthLink                             
200046c0  pfnCentralConnCBs                     
200046f0  llUserConfig                          
20004700  gapTaskID                             
20004701  gapUnwantedTaskID                     
20004704  pfnPeripheralCBs                      
20004728  OSAL_timeSeconds                      
20004734  pwrmgr_initialized                    
20004736  pwrmgr_attribute                      
20004740  l2capMtuSize                          
20004745  reqTaskId                             
20004746  gattAppTaskID                         
20004747  appTaskID                             
20004748  bleDispatch_TaskID                    
20004749  rspBuf                                
20004784  linkDBNumConns                        
200047bc  l2capFixedChannels                    
20004824  pBleEvtMask                           
2000482c  pHciEvtMask2                          
20004834  maxPduSize                            
20004835  rfFeModeBias                          
20004836  maxQueuedPdu                          
20004838  llConnectionExt                       
2000483c  SysBootMsg                            
20004840  sclkSrc                               
20004844  ICall_dispatcher                      
20004848  ICall_enterCriticalSection            
2000484c  ICall_leaveCriticalSection            
20004850  pPairingParams                        
20004854  pfnResponderCBs                       
2000485c  timerHead                             
20004874  GATTServApp_TaskID                    
2000487c  l2capTaskID                           
2000487d  l2capNumChannels                      
2000487e  l2capNumDataPkts                      
20004880  l2capChannels                         
20004884  hciTaskID                             
20004885  hciTestTaskID                         
20004886  hciGapTaskID                          
20004887  hciL2capTaskID                        
20004888  hciSmpTaskID                          
20004889  hciExtTaskID                          
20004890  pGapAdvertState                       
20004894  pGapDiscReq                           
20004898  pfnPeripheralConnCBs                  
200048a0  serverInfoTbl                         
200048b0  tasksEvents                           
200048b4  gattNumConns                          
200048b5  gattTaskID                            
200048bb  smTaskID                              
200048e8  A4_rw_1                               
200048e8  RAM_BASE_ADDR                         
200048fc  P2_zi_1                               
200048fc  scanDataEntry                         
200049dc  scanDataQueue                         
200049ec  advInfo                               
20004a8c  wlTable                               
20004b10  wlTableScan                           
20004b94  initDataEntry                         
20004bcc  initDataQueue                         
20004bdc  advDataEntry                          
20004c14  advDataQueue                          
20004c24  advCmd                                
20004c6c  ownPublicAddr                         
20004c74  ownRandomAddr                         
20004c7c  ownSavedPublicAddr                    
20004c84  LL_TaskID                             
20004c85  maxTxPwrForDTM                        
20004c86  onePktPerEvt                          
20004c87  numComplPktsLimit                     
20004c88  numComplPktsFlush                     
20004c89  slOverride                            
20004c8a  rxFifoFlowCtrl                        
20004c8b  numTxDataBufs                         
20004c8c  verInfo                               
20004c94  rfCfgAdiVal                           
20004c96  sleepDelay                            
20004c98  buildInfo                             
20004c9c  peerInfo                              
20004ca8  chanMapUpdate                         
20004cb0  llConns                               
20004cb8  llState                               
20004cb9  curTxPowerVal                         
20004cba  numComplPkts                          
20004cbb  fastTxRespTime                        
20004cbc  maxNumConns                           
20004cbe  postRfOperations                      
20004cc0  rssiCorrection                        
20004cc4  taskEndAction                         
20004cf0  initParam                             
20004d14  scanParam                             
20004d38  slvParam                              
20004d58  advParam                              
20004d78  txModemTestCmd                        
20004d94  scanInfo                              
20004db0  initCmd                               
20004dc8  connReqData                           
20004de0  slvCmd                                
20004df8  scanCmd                               
20004e10  scanOutput                            
20004e28  trxTestCmd                            
20004e40  rxModemTestCmd                        
20004e58  initInfo                              
20004e70  connOutput                            
20004e84  rxTestParam                           
20004e98  advOutput                             
20004ea8  txTestParam                           
20004eb8  initOutput                            
20004ec4  rxTestOut                             
20004ed0  deviceFeatureSet                      
20004edc  dtmInfo                               
20004ee8  cachedTRNGdata                        
20004ef4  llTaskList                            
20004f00  pHciEvtMask                           
20004f08  bleEvtMask                            
20004f0a  taskEndStatus                         
20004f0c  rxDataQ                               
20004f10  rxRingBuf                             
20004f14  mstCmd                                
20004f18  mstParam                              
20004f1c  txDataQ                               
20004f20  txTestOut                             
20004f24  ctrlToHostEnable                      
20004f26  numHostBufs                           
20004f28  hciPTMenabled                         
20004f2c  A4_rw                                 
20004f2c  COMMON_RAM_BASE_ADDR                  
20004f40  P2_rw                                 
20004f40  P2_s0                                 
20004f40  win                                   
20004f44  workzone                              
20004f48  data_p                                
20004f4c  data_r                                
20004f50  data_a                                
20004f54  inScalar                              
20004f58  inPointX                              
20004f5c  inPointY                              
20004f60  outPointX                             
20004f64  outPointY                             
20004f68  SCAL                                  
20004f6c  EXPX                                  
20004f70  EXPY                                  
20004f74  EXPZ                                  
20004f78  EXPW                                  
20004f7c  ACCX                                  
20004f80  ACCY                                  
20004f84  ACCZ                                  
20004f88  TMP1                                  
20004f8c  TMP2                                  
20004f90  TMP3                                  
20004f94  TMP4                                  
20004f98  TMP5                                  
20004f9c  TMP6                                  
20004fa0  data_Gx                               
20004fa4  data_Gy                               
20004fa8  data_b                                
20004fac  P2_zi                                 
20004fac  ratChanInfo                           
20004fcc  fwInfoCmd                             
20004fd8  MSBMOD                                
20004fdc  aux64                                 
20004fe4  MOD                                   
20004fe8  LEN                                   
20004fec  mbIntCbackTable                       
20004ffc  pSspAesEncrypt_Sw                     
ffffffff  __TI_pprof_out_hndl                   
ffffffff  __TI_prof_data_size                   
ffffffff  __TI_prof_data_start                  
ffffffff  __binit__                             
ffffffff  __c_args__                            
ffffffff  binit                                 
UNDEFED   SHT$$INIT_ARRAY$$Base                 
UNDEFED   SHT$$INIT_ARRAY$$Limit                

[1177 symbols]
